Archive member included to satisfy reference by file (symbol)

c:/mounriver/mounriver_studio2/resources/app/resources/win32/components/wch/toolchain/risc-v embedded gcc/bin/../lib/gcc/riscv-none-embed/8.2.0/../../../../riscv-none-embed/lib/rv32ecxw/ilp32e\libm.a(lib_a-w_atan2.o)
                              ./User/OLED.o (atan2)
c:/mounriver/mounriver_studio2/resources/app/resources/win32/components/wch/toolchain/risc-v embedded gcc/bin/../lib/gcc/riscv-none-embed/8.2.0/../../../../riscv-none-embed/lib/rv32ecxw/ilp32e\libm.a(lib_a-e_atan2.o)
                              c:/mounriver/mounriver_studio2/resources/app/resources/win32/components/wch/toolchain/risc-v embedded gcc/bin/../lib/gcc/riscv-none-embed/8.2.0/../../../../riscv-none-embed/lib/rv32ecxw/ilp32e\libm.a(lib_a-w_atan2.o) (__ieee754_atan2)
c:/mounriver/mounriver_studio2/resources/app/resources/win32/components/wch/toolchain/risc-v embedded gcc/bin/../lib/gcc/riscv-none-embed/8.2.0/../../../../riscv-none-embed/lib/rv32ecxw/ilp32e\libm.a(lib_a-s_atan.o)
                              c:/mounriver/mounriver_studio2/resources/app/resources/win32/components/wch/toolchain/risc-v embedded gcc/bin/../lib/gcc/riscv-none-embed/8.2.0/../../../../riscv-none-embed/lib/rv32ecxw/ilp32e\libm.a(lib_a-e_atan2.o) (atan)
c:/mounriver/mounriver_studio2/resources/app/resources/win32/components/wch/toolchain/risc-v embedded gcc/bin/../lib/gcc/riscv-none-embed/8.2.0/../../../../riscv-none-embed/lib/rv32ecxw/ilp32e\libm.a(lib_a-s_fabs.o)
                              c:/mounriver/mounriver_studio2/resources/app/resources/win32/components/wch/toolchain/risc-v embedded gcc/bin/../lib/gcc/riscv-none-embed/8.2.0/../../../../riscv-none-embed/lib/rv32ecxw/ilp32e\libm.a(lib_a-e_atan2.o) (fabs)
c:/mounriver/mounriver_studio2/resources/app/resources/win32/components/wch/toolchain/risc-v embedded gcc/bin/../lib/gcc/riscv-none-embed/8.2.0/../../../../riscv-none-embed/lib/rv32ecxw/ilp32e\libprintf.a(wchprintf.o)
                              ./User/main.o (sprintf)
c:/mounriver/mounriver_studio2/resources/app/resources/win32/components/wch/toolchain/risc-v embedded gcc/bin/../lib/gcc/riscv-none-embed/8.2.0/rv32ecxw/ilp32e\libgcc.a(adddf3.o)
                              c:/mounriver/mounriver_studio2/resources/app/resources/win32/components/wch/toolchain/risc-v embedded gcc/bin/../lib/gcc/riscv-none-embed/8.2.0/../../../../riscv-none-embed/lib/rv32ecxw/ilp32e\libm.a(lib_a-e_atan2.o) (__adddf3)
c:/mounriver/mounriver_studio2/resources/app/resources/win32/components/wch/toolchain/risc-v embedded gcc/bin/../lib/gcc/riscv-none-embed/8.2.0/rv32ecxw/ilp32e\libgcc.a(divdf3.o)
                              ./User/OLED.o (__divdf3)
c:/mounriver/mounriver_studio2/resources/app/resources/win32/components/wch/toolchain/risc-v embedded gcc/bin/../lib/gcc/riscv-none-embed/8.2.0/rv32ecxw/ilp32e\libgcc.a(gedf2.o)
                              c:/mounriver/mounriver_studio2/resources/app/resources/win32/components/wch/toolchain/risc-v embedded gcc/bin/../lib/gcc/riscv-none-embed/8.2.0/../../../../riscv-none-embed/lib/rv32ecxw/ilp32e\libm.a(lib_a-s_atan.o) (__gtdf2)
c:/mounriver/mounriver_studio2/resources/app/resources/win32/components/wch/toolchain/risc-v embedded gcc/bin/../lib/gcc/riscv-none-embed/8.2.0/rv32ecxw/ilp32e\libgcc.a(muldf3.o)
                              ./User/OLED.o (__muldf3)
c:/mounriver/mounriver_studio2/resources/app/resources/win32/components/wch/toolchain/risc-v embedded gcc/bin/../lib/gcc/riscv-none-embed/8.2.0/rv32ecxw/ilp32e\libgcc.a(subdf3.o)
                              c:/mounriver/mounriver_studio2/resources/app/resources/win32/components/wch/toolchain/risc-v embedded gcc/bin/../lib/gcc/riscv-none-embed/8.2.0/../../../../riscv-none-embed/lib/rv32ecxw/ilp32e\libm.a(lib_a-e_atan2.o) (__subdf3)
c:/mounriver/mounriver_studio2/resources/app/resources/win32/components/wch/toolchain/risc-v embedded gcc/bin/../lib/gcc/riscv-none-embed/8.2.0/rv32ecxw/ilp32e\libgcc.a(fixdfsi.o)
                              ./User/OLED.o (__fixdfsi)
c:/mounriver/mounriver_studio2/resources/app/resources/win32/components/wch/toolchain/risc-v embedded gcc/bin/../lib/gcc/riscv-none-embed/8.2.0/rv32ecxw/ilp32e\libgcc.a(floatsidf.o)
                              ./User/OLED.o (__floatsidf)
c:/mounriver/mounriver_studio2/resources/app/resources/win32/components/wch/toolchain/risc-v embedded gcc/bin/../lib/gcc/riscv-none-embed/8.2.0/rv32ecxw/ilp32e\libgcc.a(gesf2.o)
                              ./User/OLED.o (__gtsf2)
c:/mounriver/mounriver_studio2/resources/app/resources/win32/components/wch/toolchain/risc-v embedded gcc/bin/../lib/gcc/riscv-none-embed/8.2.0/rv32ecxw/ilp32e\libgcc.a(lesf2.o)
                              ./User/OLED.o (__ltsf2)
c:/mounriver/mounriver_studio2/resources/app/resources/win32/components/wch/toolchain/risc-v embedded gcc/bin/../lib/gcc/riscv-none-embed/8.2.0/rv32ecxw/ilp32e\libgcc.a(mulsf3.o)
                              ./User/drv8311.o (__mulsf3)
[...]
Memory Configuration

Name             Origin             Length             Attributes
FLASH            0x0000000000000000 0x0000000000004000 xr
RAM              0x0000000020000000 0x0000000000000800 xrw
*default*        0x0000000000000000 0xffffffffffffffff

Linker script and memory map

LOAD ./User/OLED.o
LOAD ./User/OLED_Fonts.o
LOAD ./User/OLED_driver.o
LOAD ./User/bldc_control.o
LOAD ./User/bldc_hal.o
LOAD ./User/ch32v00x_it.o
LOAD ./User/drv8311.o
LOAD ./User/main.o
LOAD ./User/system_ch32v00x.o
LOAD ./Startup/startup_ch32v00x.o
LOAD ./Peripheral/src/ch32v00x_adc.o
LOAD ./Peripheral/src/ch32v00x_dbgmcu.o
LOAD ./Peripheral/src/ch32v00x_dma.o
LOAD ./Peripheral/src/ch32v00x_exti.o
LOAD ./Peripheral/src/ch32v00x_flash.o
LOAD ./Peripheral/src/ch32v00x_gpio.o
LOAD ./Peripheral/src/ch32v00x_i2c.o
LOAD ./Peripheral/src/ch32v00x_iwdg.o
LOAD ./Peripheral/src/ch32v00x_misc.o
LOAD ./Peripheral/src/ch32v00x_opa.o
LOAD ./Peripheral/src/ch32v00x_pwr.o
LOAD ./Peripheral/src/ch32v00x_rcc.o
LOAD ./Peripheral/src/ch32v00x_spi.o
LOAD ./Peripheral/src/ch32v00x_tim.o
LOAD ./Peripheral/src/ch32v00x_usart.o
LOAD ./Peripheral/src/ch32v00x_wwdg.o
LOAD ./Debug/debug.o
LOAD ./Core/core_riscv.o
LOAD c:/mounriver/mounriver_studio2/resources/app/resources/win32/components/wch/toolchain/risc-v embedded gcc/bin/../lib/gcc/riscv-none-embed/8.2.0/../../../../riscv-none-embed/lib/rv32ecxw/ilp32e\libm.a
LOAD c:/mounriver/mounriver_studio2/resources/app/resources/win32/components/wch/toolchain/risc-v embedded gcc/bin/../lib/gcc/riscv-none-embed/8.2.0/../../../../riscv-none-embed/lib/rv32ecxw/ilp32e\libprintf.a
LOAD c:/mounriver/mounriver_studio2/resources/app/resources/win32/components/wch/toolchain/risc-v embedded gcc/bin/../lib/gcc/riscv-none-embed/8.2.0/rv32ecxw/ilp32e\libgcc.a
LOAD c:/mounriver/mounriver_studio2/resources/app/resources/win32/components/wch/toolchain/risc-v embedded gcc/bin/../lib/gcc/riscv-none-embed/8.2.0/../../../../riscv-none-embed/lib/rv32ecxw/ilp32e\libg_nano.a
LOAD c:/mounriver/mounriver_studio2/resources/app/resources/win32/components/wch/toolchain/risc-v embedded gcc/bin/../lib/gcc/riscv-none-embed/8.2.0/../../../../riscv-none-embed/lib/rv32ecxw/ilp32e\libc_nano.a
LOAD c:/mounriver/mounriver_studio2/resources/app/resources/win32/components/wch/toolchain/risc-v embedded gcc/bin/../lib/gcc/riscv-none-embed/8.2.0/rv32ecxw/ilp32e\libgcc.a
START GROUP
LOAD c:/mounriver/mounriver_studio2/resources/app/resources/win32/components/wch/toolchain/risc-v embedded gcc/bin/../lib/gcc/riscv-none-embed/8.2.0/rv32ecxw/ilp32e\libgcc.a
LOAD c:/mounriver/mounriver_studio2/resources/app/resources/win32/components/wch/toolchain/risc-v embedded gcc/bin/../lib/gcc/riscv-none-embed/8.2.0/../../../../riscv-none-embed/lib/rv32ecxw/ilp32e\libc_nano.a
LOAD c:/mounriver/mounriver_studio2/resources/app/resources/win32/components/wch/toolchain/risc-v embedded gcc/bin/../lib/gcc/riscv-none-embed/8.2.0/../../../../riscv-none-embed/lib/rv32ecxw/ilp32e\libnosys.a
END GROUP
START GROUP
LOAD c:/mounriver/mounriver_studio2/resources/app/resources/win32/components/wch/toolchain/risc-v embedded gcc/bin/../lib/gcc/riscv-none-embed/8.2.0/rv32ecxw/ilp32e\libgcc.a
LOAD c:/mounriver/mounriver_studio2/resources/app/resources/win32/components/wch/toolchain/risc-v embedded gcc/bin/../lib/gcc/riscv-none-embed/8.2.0/../../../../riscv-none-embed/lib/rv32ecxw/ilp32e\libc_nano.a
LOAD c:/mounriver/mounriver_studio2/resources/app/resources/win32/components/wch/toolchain/risc-v embedded gcc/bin/../lib/gcc/riscv-none-embed/8.2.0/../../../../riscv-none-embed/lib/rv32ecxw/ilp32e\libnosys.a
END GROUP
                0x0000000000000100                __stack_size = 0x100
                [!provide]                        PROVIDE (_stack_size = __stack_size)

.init           0x0000000000000000       0xa0
                0x0000000000000000                _sinit = .
                0x0000000000000000                . = ALIGN (0x4)
 *(SORT_NONE(.init))
 .init          0x0000000000000000       0x9e ./Startup/startup_ch32v00x.o
                0x0000000000000000                _start
                0x00000000000000a0                . = ALIGN (0x4)
 *fill*         0x000000000000009e        0x2 
                0x00000000000000a0                _einit = .

.highcodelalign
                0x00000000000000a0        0x0
                0x00000000000000a0                . = ALIGN (0x4)
                0x00000000000000a0                PROVIDE (_highcode_lma = .)

.highcode       0x0000000020000000        0x0 load address 0x00000000000000a0
                0x0000000020000000                . = ALIGN (0x4)
                0x0000000020000000                PROVIDE (_highcode_vma_start = .)
 *(.highcode)
 *(.highcode.*)
                0x0000000020000000                . = ALIGN (0x4)
                0x0000000020000000                PROVIDE (_highcode_vma_end = .)

.text           0x00000000000000a0     0x2980
                0x00000000000000a0                . = ALIGN (0x4)
 *(.text)
 .text          0x00000000000000a0       0x14 c:/mounriver/mounriver_studio2/resources/app/resources/win32/components/wch/toolchain/risc-v embedded gcc/bin/../lib/gcc/riscv-none-embed/8.2.0/rv32ecxw/ilp32e\libgcc.a(save-restore.o)
                0x00000000000000a0                __riscv_save_1
                0x00000000000000a0                __riscv_save_2
                0x00000000000000a0                __riscv_save_0
                0x00000000000000aa                __riscv_restore_0
                0x00000000000000aa                __riscv_restore_1
                0x00000000000000aa                __riscv_restore_2
 .text          0x00000000000000b4       0x16 c:/mounriver/mounriver_studio2/resources/app/resources/win32/components/wch/toolchain/risc-v embedded gcc/bin/../lib/gcc/riscv-none-embed/8.2.0/rv32ecxw/ilp32e\libgcc.a(muldi3.o)
                0x00000000000000b4                __mulsi3
 *fill*         0x00000000000000ca        0x2 
 .text          0x00000000000000cc       0x7e c:/mounriver/mounriver_studio2/resources/app/resources/win32/components/wch/toolchain/risc-v embedded gcc/bin/../lib/gcc/riscv-none-embed/8.2.0/rv32ecxw/ilp32e\libgcc.a(div.o)
                0x00000000000000cc                __divsi3
                0x00000000000000d4                __udivsi3
                0x0000000000000100                __umodsi3
                0x0000000000000124                __modsi3
 .text          0x000000000000014a       0xa8 c:/mounriver/mounriver_studio2/resources/app/resources/win32/components/wch/toolchain/risc-v embedded gcc/bin/../lib/gcc/riscv-none-embed/8.2.0/../../../../riscv-none-embed/lib/rv32ecxw/ilp32e\libg_nano.a(lib_a-memset.o)
                0x000000000000014a                memset
 *(.text.*)
 .text.OLED_Clear
                0x00000000000001f2       0x16 ./User/OLED.o
                0x00000000000001f2                OLED_Clear
 .text.OLED_ClearArea
                0x0000000000000208       0xd0 ./User/OLED.o
                0x0000000000000208                OLED_ClearArea
 .text.OLED_ShowImageArea
                0x00000000000002d8      0x1ac ./User/OLED.o
                0x00000000000002d8                OLED_ShowImageArea
 .text.OLED_ShowCharArea
                0x0000000000000484       0x86 ./User/OLED.o
                0x0000000000000484                OLED_ShowCharArea
 .text.OLED_ShowMixStringArea
                0x000000000000050a       0x7c ./User/OLED.o
                0x000000000000050a                OLED_ShowMixStringArea
 .text.OLED_I2C_Start
                0x0000000000000586       0x2e ./User/OLED_driver.o
 .text.OLED_WriteByte
                0x00000000000005b4       0x5a ./User/OLED_driver.o
 .text.OLED_I2C_Stop
                0x000000000000060e       0x24 ./User/OLED_driver.o
 .text.OLED_Write_CMD
                0x0000000000000632       0x1a ./User/OLED_driver.o
 .text.OLED_WriteDataArr
                0x000000000000064c       0x46 ./User/OLED_driver.o
 .text.OLED_Update
                0x0000000000000692       0x36 ./User/OLED_driver.o
                0x0000000000000692                OLED_Update
 .text.OLED_Init
                0x00000000000006c8       0xca ./User/OLED_driver.o
                0x00000000000006c8                OLED_Init
 .text.BLDC_Init
                0x0000000000000792       0x22 ./User/bldc_control.o
                0x0000000000000792                BLDC_Init
 .text.BLDC_EnterIdle
                0x00000000000007b4       0x4a ./User/bldc_control.o
                0x00000000000007b4                BLDC_EnterIdle
 .text.BLDC_EnterAlign
                0x00000000000007fe       0x6e ./User/bldc_control.o
                0x00000000000007fe                BLDC_EnterAlign
 .text.BLDC_EnterFault
                0x000000000000086c       0x44 ./User/bldc_control.o
                0x000000000000086c                BLDC_EnterFault
 .text.BLDC_Commutate
                0x00000000000008b0       0xac ./User/bldc_control.o
                0x00000000000008b0                BLDC_Commutate
 .text.BLDC_EnterRun
                0x000000000000095c       0x36 ./User/bldc_control.o
                0x000000000000095c                BLDC_EnterRun
 .text.BLDC_ProcessButtons
                0x0000000000000992       0xea ./User/bldc_control.o
                0x0000000000000992                BLDC_ProcessButtons
 .text.BLDC_SampleBEMF
                0x0000000000000a7c       0xe0 ./User/bldc_control.o
                0x0000000000000a7c                BLDC_SampleBEMF
 .text.BLDC_StateMachine
                0x0000000000000b5c      0x10c ./User/bldc_control.o
                0x0000000000000b5c                BLDC_StateMachine
 .text.BLDC_GetBusCurrent_mA
                0x0000000000000c68       0x32 ./User/bldc_control.o
                0x0000000000000c68                BLDC_GetBusCurrent_mA
 .text.nsleep_set_cb
                0x0000000000000c9a        0x2 ./User/bldc_hal.o
                0x0000000000000c9a                nsleep_set_cb
 .text.btn_update
                0x0000000000000c9c       0x90 ./User/bldc_hal.o
 .text.spi_trans_cb
                0x0000000000000d2c       0xba ./User/bldc_hal.o
                0x0000000000000d2c                spi_trans_cb
 .text.HAL_GPIO_Init
                0x0000000000000de6       0xbc ./User/bldc_hal.o
                0x0000000000000de6                HAL_GPIO_Init
 .text.LED_Init
                0x0000000000000ea2       0x40 ./User/bldc_hal.o
                0x0000000000000ea2                LED_Init
 .text.LED_On   0x0000000000000ee2       0x16 ./User/bldc_hal.o
                0x0000000000000ee2                LED_On
 .text.LED_Off  0x0000000000000ef8       0x16 ./User/bldc_hal.o
                0x0000000000000ef8                LED_Off
 .text.LED_Toggle
                0x0000000000000f0e       0x2c ./User/bldc_hal.o
                0x0000000000000f0e                LED_Toggle
 .text.HAL_SPI_Init
                0x0000000000000f3a       0x90 ./User/bldc_hal.o
                0x0000000000000f3a                HAL_SPI_Init
 .text.DRV8311_Init
                0x0000000000000fca       0x48 ./User/bldc_hal.o
                0x0000000000000fca                DRV8311_Init
 .text.DRV8311_Enable
                0x0000000000001012       0x14 ./User/bldc_hal.o
                0x0000000000001012                DRV8311_Enable
 .text.DRV8311_Disable
                0x0000000000001026       0x14 ./User/bldc_hal.o
                0x0000000000001026                DRV8311_Disable
 .text.HAL_ADC_Init
                0x000000000000103a      0x16e ./User/bldc_hal.o
                0x000000000000103a                HAL_ADC_Init
 .text.HAL_TIM1_Init
                0x00000000000011a8       0x60 ./User/bldc_hal.o
                0x00000000000011a8                HAL_TIM1_Init
 .text.HAL_TIM1_Start
                0x0000000000001208       0x16 ./User/bldc_hal.o
                0x0000000000001208                HAL_TIM1_Start
 .text.HAL_TIM1_Stop
                0x000000000000121e       0x16 ./User/bldc_hal.o
                0x000000000000121e                HAL_TIM1_Stop
 .text.BAT_ADC_Sample
                0x0000000000001234       0x30 ./User/bldc_hal.o
                0x0000000000001234                BAT_ADC_Sample
 .text.BAT_Get_mV
                0x0000000000001264       0x2e ./User/bldc_hal.o
                0x0000000000001264                BAT_Get_mV
 .text.BTN_Process
                0x0000000000001292       0x3c ./User/bldc_hal.o
                0x0000000000001292                BTN_Process
 .text.BTN_Up_Pressed
                0x00000000000012ce       0x12 ./User/bldc_hal.o
                0x00000000000012ce                BTN_Up_Pressed
 .text.BTN_Down_Pressed
                0x00000000000012e0       0x12 ./User/bldc_hal.o
                0x00000000000012e0                BTN_Down_Pressed
 .text.BTN_Up_IsLongPress
                0x00000000000012f2        0xa ./User/bldc_hal.o
                0x00000000000012f2                BTN_Up_IsLongPress
 .text.BTN_Down_IsLongPress
                0x00000000000012fc        0xa ./User/bldc_hal.o
                0x00000000000012fc                BTN_Down_IsLongPress
 .text.NMI_Handler
                0x0000000000001306        0x2 ./User/ch32v00x_it.o
                0x0000000000001306                NMI_Handler
 .text.HardFault_Handler
                0x0000000000001308       0x10 ./User/ch32v00x_it.o
                0x0000000000001308                HardFault_Handler
 .text.SysTick_Handler
                0x0000000000001318       0x16 ./User/ch32v00x_it.o
                0x0000000000001318                SysTick_Handler
 .text.TIM1_UP_IRQHandler
                0x000000000000132e       0x30 ./User/ch32v00x_it.o
                0x000000000000132e                TIM1_UP_IRQHandler
 .text.drv8311_tspi_xfer
                0x000000000000135e       0x8c ./User/drv8311.o
 .text.drv8311_write
                0x00000000000013ea       0x16 ./User/drv8311.o
 .text.drv8311_read
                0x0000000000001400       0x1e ./User/drv8311.o
 .text.drv8311_init
                0x000000000000141e      0x16c ./User/drv8311.o
                0x000000000000141e                drv8311_init
 .text.drv8311_phase_ctrl
                0x000000000000158a       0x1a ./User/drv8311.o
                0x000000000000158a                drv8311_phase_ctrl
 .text.drv8311_out_ctrl
                0x00000000000015a4       0x28 ./User/drv8311.o
                0x00000000000015a4                drv8311_out_ctrl
 .text.drv8311_set_duty_raw
                0x00000000000015cc       0x8c ./User/drv8311.o
                0x00000000000015cc                drv8311_set_duty_raw
 .text.drv8311_read_reg
                0x0000000000001658        0xc ./User/drv8311.o
                0x0000000000001658                drv8311_read_reg
 .text.startup.main
                0x0000000000001664      0x38c ./User/main.o
                0x0000000000001664                main
 .text.SystemInit
                0x00000000000019f0       0xe2 ./User/system_ch32v00x.o
                0x00000000000019f0                SystemInit
 .text.SystemCoreClockUpdate
                0x0000000000001ad2       0x6c ./User/system_ch32v00x.o
                0x0000000000001ad2                SystemCoreClockUpdate
 .text.vector_handler
                0x0000000000001b3e        0x2 ./Startup/startup_ch32v00x.o
                0x0000000000001b3e                TIM1_CC_IRQHandler
                0x0000000000001b3e                PVD_IRQHandler
                0x0000000000001b3e                SPI1_IRQHandler
                0x0000000000001b3e                AWU_IRQHandler
                0x0000000000001b3e                EXTI7_0_IRQHandler
                0x0000000000001b3e                DMA1_Channel4_IRQHandler
                0x0000000000001b3e                ADC1_IRQHandler
                0x0000000000001b3e                DMA1_Channel7_IRQHandler
                0x0000000000001b3e                I2C1_EV_IRQHandler
                0x0000000000001b3e                DMA1_Channel6_IRQHandler
                0x0000000000001b3e                RCC_IRQHandler
                0x0000000000001b3e                TIM1_TRG_COM_IRQHandler
                0x0000000000001b3e                DMA1_Channel1_IRQHandler
                0x0000000000001b3e                DMA1_Channel5_IRQHandler
                0x0000000000001b3e                DMA1_Channel3_IRQHandler
                0x0000000000001b3e                WWDG_IRQHandler
                0x0000000000001b3e                TIM2_IRQHandler
                0x0000000000001b3e                SW_Handler
                0x0000000000001b3e                TIM1_BRK_IRQHandler
                0x0000000000001b3e                DMA1_Channel2_IRQHandler
                0x0000000000001b3e                FLASH_IRQHandler
                0x0000000000001b3e                USART1_IRQHandler
                0x0000000000001b3e                I2C1_ER_IRQHandler
 .text.handle_reset
                0x0000000000001b40       0xb0 ./Startup/startup_ch32v00x.o
                0x0000000000001b40                handle_reset
 .text.ADC_Init
                0x0000000000001bf0       0x4e ./Peripheral/src/ch32v00x_adc.o
                0x0000000000001bf0                ADC_Init
 .text.ADC_Cmd  0x0000000000001c3e       0x10 ./Peripheral/src/ch32v00x_adc.o
                0x0000000000001c3e                ADC_Cmd
 .text.ADC_DMACmd
                0x0000000000001c4e       0x12 ./Peripheral/src/ch32v00x_adc.o
                0x0000000000001c4e                ADC_DMACmd
 .text.ADC_ResetCalibration
                0x0000000000001c60        0xa ./Peripheral/src/ch32v00x_adc.o
                0x0000000000001c60                ADC_ResetCalibration
 .text.ADC_GetResetCalibrationStatus
                0x0000000000001c6a        0x8 ./Peripheral/src/ch32v00x_adc.o
                0x0000000000001c6a                ADC_GetResetCalibrationStatus
 .text.ADC_StartCalibration
                0x0000000000001c72        0xa ./Peripheral/src/ch32v00x_adc.o
                0x0000000000001c72                ADC_StartCalibration
 .text.ADC_GetCalibrationStatus
                0x0000000000001c7c        0x8 ./Peripheral/src/ch32v00x_adc.o
                0x0000000000001c7c                ADC_GetCalibrationStatus
 .text.ADC_SoftwareStartConvCmd
                0x0000000000001c84       0x18 ./Peripheral/src/ch32v00x_adc.o
                0x0000000000001c84                ADC_SoftwareStartConvCmd
 .text.ADC_RegularChannelConfig
                0x0000000000001c9c       0xba ./Peripheral/src/ch32v00x_adc.o
                0x0000000000001c9c                ADC_RegularChannelConfig
 .text.DMA_DeInit
                0x0000000000001d56       0x92 ./Peripheral/src/ch32v00x_dma.o
                0x0000000000001d56                DMA_DeInit
 .text.DMA_Init
                0x0000000000001de8       0x38 ./Peripheral/src/ch32v00x_dma.o
                0x0000000000001de8                DMA_Init
 .text.DMA_Cmd  0x0000000000001e20       0x14 ./Peripheral/src/ch32v00x_dma.o
                0x0000000000001e20                DMA_Cmd
 .text.GPIO_Init
                0x0000000000001e34       0x7c ./Peripheral/src/ch32v00x_gpio.o
                0x0000000000001e34                GPIO_Init
 .text.GPIO_ReadInputDataBit
                0x0000000000001eb0        0xa ./Peripheral/src/ch32v00x_gpio.o
                0x0000000000001eb0                GPIO_ReadInputDataBit
 .text.GPIO_ReadOutputDataBit
                0x0000000000001eba        0xa ./Peripheral/src/ch32v00x_gpio.o
                0x0000000000001eba                GPIO_ReadOutputDataBit
 .text.GPIO_SetBits
                0x0000000000001ec4        0x4 ./Peripheral/src/ch32v00x_gpio.o
                0x0000000000001ec4                GPIO_SetBits
 .text.GPIO_ResetBits
                0x0000000000001ec8        0x4 ./Peripheral/src/ch32v00x_gpio.o
                0x0000000000001ec8                GPIO_ResetBits
 .text.NVIC_PriorityGroupConfig
                0x0000000000001ecc        0x6 ./Peripheral/src/ch32v00x_misc.o
                0x0000000000001ecc                NVIC_PriorityGroupConfig
 .text.RCC_AdjustHSICalibrationValue
                0x0000000000001ed2       0x12 ./Peripheral/src/ch32v00x_rcc.o
                0x0000000000001ed2                RCC_AdjustHSICalibrationValue
 .text.RCC_ADCCLKConfig
                0x0000000000001ee4       0x14 ./Peripheral/src/ch32v00x_rcc.o
                0x0000000000001ee4                RCC_ADCCLKConfig
 .text.RCC_AHBPeriphClockCmd
                0x0000000000001ef8       0x1e ./Peripheral/src/ch32v00x_rcc.o
                0x0000000000001ef8                RCC_AHBPeriphClockCmd
 .text.RCC_APB2PeriphClockCmd
                0x0000000000001f16       0x1e ./Peripheral/src/ch32v00x_rcc.o
                0x0000000000001f16                RCC_APB2PeriphClockCmd
 .text.SPI_Init
                0x0000000000001f34       0x32 ./Peripheral/src/ch32v00x_spi.o
                0x0000000000001f34                SPI_Init
 .text.SPI_Cmd  0x0000000000001f66       0x1a ./Peripheral/src/ch32v00x_spi.o
                0x0000000000001f66                SPI_Cmd
 .text.SPI_I2S_SendData
                0x0000000000001f80        0x4 ./Peripheral/src/ch32v00x_spi.o
                0x0000000000001f80                SPI_I2S_SendData
 .text.SPI_I2S_ReceiveData
                0x0000000000001f84        0x4 ./Peripheral/src/ch32v00x_spi.o
                0x0000000000001f84                SPI_I2S_ReceiveData
 .text.SPI_I2S_GetFlagStatus
                0x0000000000001f88        0xa ./Peripheral/src/ch32v00x_spi.o
                0x0000000000001f88                SPI_I2S_GetFlagStatus
 .text.TIM_TimeBaseInit
                0x0000000000001f92       0x4e ./Peripheral/src/ch32v00x_tim.o
                0x0000000000001f92                TIM_TimeBaseInit
 .text.TIM_Cmd  0x0000000000001fe0       0x18 ./Peripheral/src/ch32v00x_tim.o
                0x0000000000001fe0                TIM_Cmd
 .text.TIM_ITConfig
                0x0000000000001ff8       0x12 ./Peripheral/src/ch32v00x_tim.o
                0x0000000000001ff8                TIM_ITConfig
 .text.TIM_SelectOutputTrigger
                0x000000000000200a       0x18 ./Peripheral/src/ch32v00x_tim.o
                0x000000000000200a                TIM_SelectOutputTrigger
 .text.TIM_GetITStatus
                0x0000000000002022       0x18 ./Peripheral/src/ch32v00x_tim.o
                0x0000000000002022                TIM_GetITStatus
 .text.TIM_ClearITPendingBit
                0x000000000000203a        0xc ./Peripheral/src/ch32v00x_tim.o
                0x000000000000203a                TIM_ClearITPendingBit
 .text.USART_SendData
                0x0000000000002046        0x8 ./Peripheral/src/ch32v00x_usart.o
                0x0000000000002046                USART_SendData
 .text.USART_GetFlagStatus
                0x000000000000204e        0xa ./Peripheral/src/ch32v00x_usart.o
                0x000000000000204e                USART_GetFlagStatus
 .text.Delay_Init
                0x0000000000002058       0x34 ./Debug/debug.o
                0x0000000000002058                Delay_Init
 .text.Delay_Ms
                0x000000000000208c       0x3a ./Debug/debug.o
                0x000000000000208c                Delay_Ms
 .text._write   0x00000000000020c6       0x4e ./Debug/debug.o
                0x00000000000020c6                _write
 .text.printchar
                0x0000000000002114       0x4a c:/mounriver/mounriver_studio2/resources/app/resources/win32/components/wch/toolchain/risc-v embedded gcc/bin/../lib/gcc/riscv-none-embed/8.2.0/../../../../riscv-none-embed/lib/rv32ecxw/ilp32e\libprintf.a(wchprintf.o)
                0x0000000000002114                printchar
 .text.prints   0x000000000000215e       0xee c:/mounriver/mounriver_studio2/resources/app/resources/win32/components/wch/toolchain/risc-v embedded gcc/bin/../lib/gcc/riscv-none-embed/8.2.0/../../../../riscv-none-embed/lib/rv32ecxw/ilp32e\libprintf.a(wchprintf.o)
                0x000000000000215e                prints
 .text.printInt
                0x000000000000224c      0x11a c:/mounriver/mounriver_studio2/resources/app/resources/win32/components/wch/toolchain/risc-v embedded gcc/bin/../lib/gcc/riscv-none-embed/8.2.0/../../../../riscv-none-embed/lib/rv32ecxw/ilp32e\libprintf.a(wchprintf.o)
                0x000000000000224c                printInt
 .text.printLongLongInt
                0x0000000000002366        0x4 c:/mounriver/mounriver_studio2/resources/app/resources/win32/components/wch/toolchain/risc-v embedded gcc/bin/../lib/gcc/riscv-none-embed/8.2.0/../../../../riscv-none-embed/lib/rv32ecxw/ilp32e\libprintf.a(wchprintf.o)
                0x0000000000002366                printLongLongInt
 .text.printDouble
                0x000000000000236a        0x4 c:/mounriver/mounriver_studio2/resources/app/resources/win32/components/wch/toolchain/risc-v embedded gcc/bin/../lib/gcc/riscv-none-embed/8.2.0/../../../../riscv-none-embed/lib/rv32ecxw/ilp32e\libprintf.a(wchprintf.o)
                0x000000000000236a                printDouble
 .text.print    0x000000000000236e      0x360 c:/mounriver/mounriver_studio2/resources/app/resources/win32/components/wch/toolchain/risc-v embedded gcc/bin/../lib/gcc/riscv-none-embed/8.2.0/../../../../riscv-none-embed/lib/rv32ecxw/ilp32e\libprintf.a(wchprintf.o)
                0x000000000000236e                print
 .text.sprintf  0x00000000000026ce       0x28 c:/mounriver/mounriver_studio2/resources/app/resources/win32/components/wch/toolchain/risc-v embedded gcc/bin/../lib/gcc/riscv-none-embed/8.2.0/../../../../riscv-none-embed/lib/rv32ecxw/ilp32e\libprintf.a(wchprintf.o)
                0x00000000000026ce                sprintf
 .text.strcpy   0x00000000000026f6       0x10 c:/mounriver/mounriver_studio2/resources/app/resources/win32/components/wch/toolchain/risc-v embedded gcc/bin/../lib/gcc/riscv-none-embed/8.2.0/../../../../riscv-none-embed/lib/rv32ecxw/ilp32e\libg_nano.a(lib_a-strcpy.o)
                0x00000000000026f6                strcpy
 *(.rodata)
 *(.rodata*)
 *fill*         0x0000000000002706        0x2 
 .rodata.OLED_F6x8
                0x0000000000002708      0x23a ./User/OLED_Fonts.o
                0x0000000000002708                OLED_F6x8
 *fill*         0x0000000000002942        0x2 
 .rodata.comm_table
                0x0000000000002944       0x60 ./User/bldc_control.o
                0x0000000000002944                comm_table
 .rodata.main.str1.4
                0x00000000000029a4       0x71 ./User/main.o
 *fill*         0x0000000000002a15        0x3 
 .rodata.print.str1.4
                0x0000000000002a18        0x8 c:/mounriver/mounriver_studio2/resources/app/resources/win32/components/wch/toolchain/risc-v embedded gcc/bin/../lib/gcc/riscv-none-embed/8.2.0/../../../../riscv-none-embed/lib/rv32ecxw/ilp32e\libprintf.a(wchprintf.o)
                                          0x7 (size before relaxing)
 *(.gnu.linkonce.t.*)
                0x0000000000002a20                . = ALIGN (0x4)

.rela.dyn       0x0000000000002a20        0x0
 .rela.init     0x0000000000002a20        0x0 ./User/OLED.o
 .rela.text.handle_reset
                0x0000000000002a20        0x0 ./User/OLED.o
 .rela.text.prints
                0x0000000000002a20        0x0 ./User/OLED.o
 .rela.text.printInt
                0x0000000000002a20        0x0 ./User/OLED.o
 .rela.text.print
                0x0000000000002a20        0x0 ./User/OLED.o
 .rela.text.sprintf
                0x0000000000002a20        0x0 ./User/OLED.o

.fini           0x0000000000002a20        0x0
 *(SORT_NONE(.fini))
                0x0000000000002a20                . = ALIGN (0x4)
                [!provide]                        PROVIDE (_etext = .)
                [!provide]                        PROVIDE (_eitcm = .)

.preinit_array  0x0000000000002a20        0x0
                [!provide]                        PROVIDE (__preinit_array_start = .)
 *(.preinit_array)
                [!provide]                        PROVIDE (__preinit_array_end = .)

.init_array     0x0000000000002a20        0x0
                [!provide]                        PROVIDE (__init_array_start = .)
 *(SORT_BY_INIT_PRIORITY(.init_array.*) SORT_BY_INIT_PRIORITY(.ctors.*))
 *(.init_array EXCLUDE_FILE(*crtend?.o *crtend.o *crtbegin?.o *crtbegin.o) .ctors)
                [!provide]                        PROVIDE (__init_array_end = .)

.fini_array     0x0000000000002a20        0x0
                [!provide]                        PROVIDE (__fini_array_start = .)
 *(SORT_BY_INIT_PRIORITY(.fini_array.*) SORT_BY_INIT_PRIORITY(.dtors.*))
 *(.fini_array EXCLUDE_FILE(*crtend?.o *crtend.o *crtbegin?.o *crtbegin.o) .dtors)
                [!provide]                        PROVIDE (__fini_array_end = .)

.ctors
 *crtbegin.o(.ctors)
 *crtbegin?.o(.ctors)
 *(EXCLUDE_FILE(*crtend?.o *crtend.o) .ctors)
 *(SORT_BY_NAME(.ctors.*))
 *(.ctors)

.dtors
 *crtbegin.o(.dtors)
 *crtbegin?.o(.dtors)
 *(EXCLUDE_FILE(*crtend?.o *crtend.o) .dtors)
 *(SORT_BY_NAME(.dtors.*))
 *(.dtors)

.dalign         0x0000000020000000        0x0 load address 0x0000000000002a20
                0x0000000020000000                . = ALIGN (0x4)
                0x0000000020000000                PROVIDE (_data_vma = .)

.dlalign        0x0000000000002a20        0x0
                0x0000000000002a20                . = ALIGN (0x4)
                0x0000000000002a20                PROVIDE (_data_lma = .)

.data           0x0000000020000000       0x18 load address 0x0000000000002a20
                0x0000000020000000                . = ALIGN (0x4)
 *(.gnu.linkonce.r.*)
 *(.data .data.*)
 .data.OLED_ColorMode
                0x0000000020000000        0x1 ./User/OLED_driver.o
                0x0000000020000000                OLED_ColorMode
 *fill*         0x0000000020000001        0x3 
 .data.AHBPrescTable
                0x0000000020000004       0x10 ./User/system_ch32v00x.o
                0x0000000020000004                AHBPrescTable
 .data.SystemCoreClock
                0x0000000020000014        0x4 ./User/system_ch32v00x.o
                0x0000000020000014                SystemCoreClock
 *(.gnu.linkonce.d.*)
                0x0000000020000018                . = ALIGN (0x8)
                0x0000000020000818                PROVIDE (__global_pointer$ = (. + 0x800))
 *(.sdata .sdata.*)
 *(.sdata2*)
 *(.gnu.linkonce.s.*)
                0x0000000020000018                . = ALIGN (0x8)
 *(.srodata.cst16)
 *(.srodata.cst8)
 *(.srodata.cst4)
 *(.srodata.cst2)
 *(.srodata .srodata.*)
                0x0000000020000018                . = ALIGN (0x4)
                0x0000000020000018                PROVIDE (_edata = .)

.bss            0x0000000020000018      0x3b0 load address 0x0000000000002a38
                0x0000000020000018                . = ALIGN (0x4)
                0x0000000020000018                PROVIDE (_sbss = .)
 *(.sbss*)
 *(.gnu.linkonce.sb.*)
 *(.bss*)
 .bss.OLED_DisplayBuf
                0x0000000020000018      0x300 ./User/OLED_driver.o
                0x0000000020000018                OLED_DisplayBuf
 .bss.last_bemf_tick
                0x0000000020000318        0x4 ./User/bldc_control.o
 .bss.motor     0x000000002000031c       0x28 ./User/bldc_control.o
                0x000000002000031c                motor
 .bss.adc_dma_buf
                0x0000000020000344       0x10 ./User/bldc_hal.o
                0x0000000020000344                adc_dma_buf
 .bss.batt_adc_ema
                0x0000000020000354        0x2 ./User/bldc_hal.o
 .bss.batt_initialized
                0x0000000020000356        0x1 ./User/bldc_hal.o
 *fill*         0x0000000020000357        0x1 
 .bss.btn_down_ctx
                0x0000000020000358       0x10 ./User/bldc_hal.o
 .bss.btn_up_ctx
                0x0000000020000368       0x10 ./User/bldc_hal.o
 .bss.drv       0x0000000020000378        0x4 ./User/bldc_hal.o
                0x0000000020000378                drv
 .bss.sys_tick_millis
                0x000000002000037c        0x4 ./User/bldc_hal.o
                0x000000002000037c                sys_tick_millis
 .bss.tim1_tick_count
                0x0000000020000380        0x4 ./User/bldc_hal.o
                0x0000000020000380                tim1_tick_count
 .bss.inst_buf.4495
                0x0000000020000384       0x18 ./User/drv8311.o
 .bss.cached_current_mA
                0x000000002000039c        0x2 ./User/main.o
 *fill*         0x000000002000039e        0x2 
 .bss.fault_blink_millis
                0x00000000200003a0        0x4 ./User/main.o
 .bss.fault_blink_state
                0x00000000200003a4        0x1 ./User/main.o
 *fill*         0x00000000200003a5        0x3 
 .bss.last_batt_millis
                0x00000000200003a8        0x4 ./User/main.o
 .bss.last_btn_millis
                0x00000000200003ac        0x4 ./User/main.o
 .bss.last_current_millis
                0x00000000200003b0        0x4 ./User/main.o
 .bss.last_fault_millis
                0x00000000200003b4        0x4 ./User/main.o
 .bss.last_oled_millis
                0x00000000200003b8        0x4 ./User/main.o
 .bss.nfault_consecutive
                0x00000000200003bc        0x1 ./User/main.o
 *fill*         0x00000000200003bd        0x3 
 .bss.NVIC_Priority_Group
                0x00000000200003c0        0x4 ./Peripheral/src/ch32v00x_misc.o
                0x00000000200003c0                NVIC_Priority_Group
 .bss.p_ms      0x00000000200003c4        0x2 ./Debug/debug.o
 .bss.p_us      0x00000000200003c6        0x1 ./Debug/debug.o
 *(.gnu.linkonce.b.*)
 *(COMMON*)
                0x00000000200003c8                . = ALIGN (0x4)
 *fill*         0x00000000200003c7        0x1 
                0x00000000200003c8                PROVIDE (_ebss = .)
                0x00000000200003c8                PROVIDE (_end = _ebss)
                [!provide]                        PROVIDE (end = .)

.stack          0x0000000020000700      0x100
                0x0000000020000700                PROVIDE (_heap_end = .)
                0x0000000020000700                . = ALIGN (0x4)
                [!provide]                        PROVIDE (_susrstack = .)
                0x0000000020000800                . = (. + __stack_size)
 *fill*         0x0000000020000700      0x100 
                0x0000000020000800                PROVIDE (_eusrstack = .)
OUTPUT(BLDC_MOTOR_FAN_AIO.elf elf32-littleriscv)

.debug_info     0x0000000000000000    0x16bea
 .debug_info    0x0000000000000000     0x17a4 ./User/OLED.o
 .debug_info    0x00000000000017a4      0x2ea ./User/OLED_Fonts.o
 .debug_info    0x0000000000001a8e     0x12de ./User/OLED_driver.o
 .debug_info    0x0000000000002d6c     0x1324 ./User/bldc_control.o
 .debug_info    0x0000000000004090     0x2616 ./User/bldc_hal.o
 .debug_info    0x00000000000066a6      0xef6 ./User/ch32v00x_it.o
 .debug_info    0x000000000000759c     0x22ed ./User/drv8311.o
 .debug_info    0x0000000000009889     0x18f9 ./User/main.o
 .debug_info    0x000000000000b182      0xc33 ./User/system_ch32v00x.o
 .debug_info    0x000000000000bdb5       0x22 ./Startup/startup_ch32v00x.o
 .debug_info    0x000000000000bdd7     0x153e ./Peripheral/src/ch32v00x_adc.o
 .debug_info    0x000000000000d315      0xd2f ./Peripheral/src/ch32v00x_dma.o
 .debug_info    0x000000000000e044     0x104c ./Peripheral/src/ch32v00x_gpio.o
 .debug_info    0x000000000000f090      0xddd ./Peripheral/src/ch32v00x_misc.o
 .debug_info    0x000000000000fe6d     0x10a4 ./Peripheral/src/ch32v00x_rcc.o
 .debug_info    0x0000000000010f11     0x1085 ./Peripheral/src/ch32v00x_spi.o
 .debug_info    0x0000000000011f96     0x2997 ./Peripheral/src/ch32v00x_tim.o
 .debug_info    0x000000000001492d     0x136e ./Peripheral/src/ch32v00x_usart.o
 .debug_info    0x0000000000015c9b      0xf4f ./Debug/debug.o

.debug_abbrev   0x0000000000000000     0x3afc
 .debug_abbrev  0x0000000000000000      0x488 ./User/OLED.o
 .debug_abbrev  0x0000000000000488       0x95 ./User/OLED_Fonts.o
 .debug_abbrev  0x000000000000051d      0x374 ./User/OLED_driver.o
 .debug_abbrev  0x0000000000000891      0x40c ./User/bldc_control.o
 .debug_abbrev  0x0000000000000c9d      0x4b7 ./User/bldc_hal.o
 .debug_abbrev  0x0000000000001154      0x299 ./User/ch32v00x_it.o
 .debug_abbrev  0x00000000000013ed      0x3e6 ./User/drv8311.o
 .debug_abbrev  0x00000000000017d3      0x388 ./User/main.o
 .debug_abbrev  0x0000000000001b5b      0x2d6 ./User/system_ch32v00x.o
 .debug_abbrev  0x0000000000001e31       0x12 ./Startup/startup_ch32v00x.o
 .debug_abbrev  0x0000000000001e43      0x307 ./Peripheral/src/ch32v00x_adc.o
 .debug_abbrev  0x000000000000214a      0x302 ./Peripheral/src/ch32v00x_dma.o
 .debug_abbrev  0x000000000000244c      0x309 ./Peripheral/src/ch32v00x_gpio.o
 .debug_abbrev  0x0000000000002755      0x2e1 ./Peripheral/src/ch32v00x_misc.o
 .debug_abbrev  0x0000000000002a36      0x389 ./Peripheral/src/ch32v00x_rcc.o
 .debug_abbrev  0x0000000000002dbf      0x303 ./Peripheral/src/ch32v00x_spi.o
 .debug_abbrev  0x00000000000030c2      0x408 ./Peripheral/src/ch32v00x_tim.o
 .debug_abbrev  0x00000000000034ca      0x323 ./Peripheral/src/ch32v00x_usart.o
 .debug_abbrev  0x00000000000037ed      0x30f ./Debug/debug.o

.debug_loc      0x0000000000000000     0x63a9
 .debug_loc     0x0000000000000000     0x139d ./User/OLED.o
 .debug_loc     0x000000000000139d      0x2bb ./User/OLED_driver.o
 .debug_loc     0x0000000000001658      0x404 ./User/bldc_control.o
 .debug_loc     0x0000000000001a5c      0x1d2 ./User/bldc_hal.o
 .debug_loc     0x0000000000001c2e      0x8cd ./User/drv8311.o
 .debug_loc     0x00000000000024fb       0xab ./User/main.o
 .debug_loc     0x00000000000025a6       0x83 ./User/system_ch32v00x.o
 .debug_loc     0x0000000000002629      0x9fa ./Peripheral/src/ch32v00x_adc.o
 .debug_loc     0x0000000000003023      0x14a ./Peripheral/src/ch32v00x_dma.o
 .debug_loc     0x000000000000316d      0x5e2 ./Peripheral/src/ch32v00x_gpio.o
 .debug_loc     0x000000000000374f       0x47 ./Peripheral/src/ch32v00x_misc.o
 .debug_loc     0x0000000000003796      0x5e3 ./Peripheral/src/ch32v00x_rcc.o
 .debug_loc     0x0000000000003d79      0x429 ./Peripheral/src/ch32v00x_spi.o
 .debug_loc     0x00000000000041a2     0x1936 ./Peripheral/src/ch32v00x_tim.o
 .debug_loc     0x0000000000005ad8      0x735 ./Peripheral/src/ch32v00x_usart.o
 .debug_loc     0x000000000000620d      0x19c ./Debug/debug.o

.debug_aranges  0x0000000000000000      0xbb8
 .debug_aranges
                0x0000000000000000       0x90 ./User/OLED.o
 .debug_aranges
                0x0000000000000090       0x18 ./User/OLED_Fonts.o
 .debug_aranges
                0x00000000000000a8       0x68 ./User/OLED_driver.o
 .debug_aranges
                0x0000000000000110       0x68 ./User/bldc_control.o
 .debug_aranges
                0x0000000000000178       0xd0 ./User/bldc_hal.o
 .debug_aranges
                0x0000000000000248       0x38 ./User/ch32v00x_it.o
 .debug_aranges
                0x0000000000000280       0xa8 ./User/drv8311.o
 .debug_aranges
                0x0000000000000328       0x20 ./User/main.o
 .debug_aranges
                0x0000000000000348       0x28 ./User/system_ch32v00x.o
 .debug_aranges
                0x0000000000000370       0x30 ./Startup/startup_ch32v00x.o
 .debug_aranges
                0x00000000000003a0      0x138 ./Peripheral/src/ch32v00x_adc.o
 .debug_aranges
                0x00000000000004d8       0x60 ./Peripheral/src/ch32v00x_dma.o
 .debug_aranges
                0x0000000000000538       0x98 ./Peripheral/src/ch32v00x_gpio.o
 .debug_aranges
                0x00000000000005d0       0x28 ./Peripheral/src/ch32v00x_misc.o
 .debug_aranges
                0x00000000000005f8       0xe0 ./Peripheral/src/ch32v00x_rcc.o
 .debug_aranges
                0x00000000000006d8       0xb8 ./Peripheral/src/ch32v00x_spi.o
 .debug_aranges
                0x0000000000000790      0x2d8 ./Peripheral/src/ch32v00x_tim.o
 .debug_aranges
                0x0000000000000a68      0x100 ./Peripheral/src/ch32v00x_usart.o
 .debug_aranges
                0x0000000000000b68       0x50 ./Debug/debug.o

.debug_ranges   0x0000000000000000      0xdb0
 .debug_ranges  0x0000000000000000      0x1d8 ./User/OLED.o
 .debug_ranges  0x00000000000001d8       0x90 ./User/OLED_driver.o
 .debug_ranges  0x0000000000000268       0xc0 ./User/bldc_control.o
 .debug_ranges  0x0000000000000328       0xd8 ./User/bldc_hal.o
 .debug_ranges  0x0000000000000400       0x28 ./User/ch32v00x_it.o
 .debug_ranges  0x0000000000000428       0xd0 ./User/drv8311.o
 .debug_ranges  0x00000000000004f8       0xa8 ./User/main.o
 .debug_ranges  0x00000000000005a0       0x18 ./User/system_ch32v00x.o
 .debug_ranges  0x00000000000005b8       0x28 ./Startup/startup_ch32v00x.o
 .debug_ranges  0x00000000000005e0      0x128 ./Peripheral/src/ch32v00x_adc.o
 .debug_ranges  0x0000000000000708       0x50 ./Peripheral/src/ch32v00x_dma.o
 .debug_ranges  0x0000000000000758       0x88 ./Peripheral/src/ch32v00x_gpio.o
 .debug_ranges  0x00000000000007e0       0x30 ./Peripheral/src/ch32v00x_misc.o
 .debug_ranges  0x0000000000000810       0xd0 ./Peripheral/src/ch32v00x_rcc.o
 .debug_ranges  0x00000000000008e0       0xa8 ./Peripheral/src/ch32v00x_spi.o
 .debug_ranges  0x0000000000000988      0x2f8 ./Peripheral/src/ch32v00x_tim.o
 .debug_ranges  0x0000000000000c80       0xf0 ./Peripheral/src/ch32v00x_usart.o
 .debug_ranges  0x0000000000000d70       0x40 ./Debug/debug.o

.debug_line     0x0000000000000000     0xf86d
 .debug_line    0x0000000000000000     0x10e2 ./User/OLED.o
 .debug_line    0x00000000000010e2      0x178 ./User/OLED_Fonts.o
 .debug_line    0x000000000000125a      0x99d ./User/OLED_driver.o
 .debug_line    0x0000000000001bf7     0x11ad ./User/bldc_control.o
 .debug_line    0x0000000000002da4     0x1537 ./User/bldc_hal.o
 .debug_line    0x00000000000042db      0x45b ./User/ch32v00x_it.o
 .debug_line    0x0000000000004736      0xe3f ./User/drv8311.o
 .debug_line    0x0000000000005575      0xa5b ./User/main.o
 .debug_line    0x0000000000005fd0      0x631 ./User/system_ch32v00x.o
 .debug_line    0x0000000000006601      0x148 ./Startup/startup_ch32v00x.o
 .debug_line    0x0000000000006749     0x14ff ./Peripheral/src/ch32v00x_adc.o
 .debug_line    0x0000000000007c48      0x85a ./Peripheral/src/ch32v00x_dma.o
 .debug_line    0x00000000000084a2      0xcba ./Peripheral/src/ch32v00x_gpio.o
 .debug_line    0x000000000000915c      0x4a1 ./Peripheral/src/ch32v00x_misc.o
 .debug_line    0x00000000000095fd      0xec1 ./Peripheral/src/ch32v00x_rcc.o
 .debug_line    0x000000000000a4be      0xa94 ./Peripheral/src/ch32v00x_spi.o
 .debug_line    0x000000000000af52     0x311c ./Peripheral/src/ch32v00x_tim.o
 .debug_line    0x000000000000e06e      0xfcb ./Peripheral/src/ch32v00x_usart.o
 .debug_line    0x000000000000f039      0x834 ./Debug/debug.o

.debug_str      0x0000000000000000     0x40cd
 .debug_str     0x0000000000000000      0x904 ./User/OLED.o
                                        0x9bf (size before relaxing)
 .debug_str     0x0000000000000904       0x15 ./User/OLED_Fonts.o
                                        0x273 (size before relaxing)
 .debug_str     0x0000000000000919      0x26c ./User/OLED_driver.o
                                        0x91c (size before relaxing)
 .debug_str     0x0000000000000b85      0x490 ./User/bldc_control.o
                                        0xaa4 (size before relaxing)
 .debug_str     0x0000000000001015      0xbaa ./User/bldc_hal.o
                                       0x14cc (size before relaxing)
 .debug_str     0x0000000000001bbf       0x9b ./User/ch32v00x_it.o
                                        0x811 (size before relaxing)
 .debug_str     0x0000000000001c5a      0x7b2 ./User/drv8311.o
                                       0x11a1 (size before relaxing)
 .debug_str     0x000000000000240c      0x162 ./User/main.o
                                        0xeb7 (size before relaxing)
 .debug_str     0x000000000000256e       0xea ./User/system_ch32v00x.o
                                        0x735 (size before relaxing)
 .debug_str     0x0000000000002658       0x2a ./Startup/startup_ch32v00x.o
                                         0x6e (size before relaxing)
 .debug_str     0x0000000000002682      0x3db ./Peripheral/src/ch32v00x_adc.o
                                        0xbc4 (size before relaxing)
 .debug_str     0x0000000000002a5d      0x105 ./Peripheral/src/ch32v00x_dma.o
                                        0x82d (size before relaxing)
 .debug_str     0x0000000000002b62      0x184 ./Peripheral/src/ch32v00x_gpio.o
                                        0x97d (size before relaxing)
 .debug_str     0x0000000000002ce6       0xfe ./Peripheral/src/ch32v00x_misc.o
                                        0x945 (size before relaxing)
 .debug_str     0x0000000000002de4      0x2b9 ./Peripheral/src/ch32v00x_rcc.o
                                        0x9eb (size before relaxing)
 .debug_str     0x000000000000309d      0x19b ./Peripheral/src/ch32v00x_spi.o
                                        0x973 (size before relaxing)
 .debug_str     0x0000000000003238      0x9f7 ./Peripheral/src/ch32v00x_tim.o
                                       0x12a5 (size before relaxing)
 .debug_str     0x0000000000003c2f      0x409 ./Peripheral/src/ch32v00x_usart.o
                                        0xb3a (size before relaxing)
 .debug_str     0x0000000000004038       0x95 ./Debug/debug.o
                                        0x93b (size before relaxing)

.comment        0x0000000000000000       0x33
 .comment       0x0000000000000000       0x33 ./User/OLED.o
                                         0x34 (size before relaxing)
 .comment       0x0000000000000033       0x34 ./User/OLED_Fonts.o
 .comment       0x0000000000000033       0x34 ./User/OLED_driver.o
 .comment       0x0000000000000033       0x34 ./User/bldc_control.o
 .comment       0x0000000000000033       0x34 ./User/bldc_hal.o
 .comment       0x0000000000000033       0x34 ./User/ch32v00x_it.o
 .comment       0x0000000000000033       0x34 ./User/drv8311.o
 .comment       0x0000000000000033       0x34 ./User/main.o
 .comment       0x0000000000000033       0x34 ./User/system_ch32v00x.o
 .comment       0x0000000000000033       0x34 ./Peripheral/src/ch32v00x_adc.o
 .comment       0x0000000000000033       0x34 ./Peripheral/src/ch32v00x_dma.o
 .comment       0x0000000000000033       0x34 ./Peripheral/src/ch32v00x_gpio.o
 .comment       0x0000000000000033       0x34 ./Peripheral/src/ch32v00x_misc.o
 .comment       0x0000000000000033       0x34 ./Peripheral/src/ch32v00x_rcc.o
 .comment       0x0000000000000033       0x34 ./Peripheral/src/ch32v00x_spi.o
 .comment       0x0000000000000033       0x34 ./Peripheral/src/ch32v00x_tim.o
 .comment       0x0000000000000033       0x34 ./Peripheral/src/ch32v00x_usart.o
 .comment       0x0000000000000033       0x34 ./Debug/debug.o
 .comment       0x0000000000000033       0x34 c:/mounriver/mounriver_studio2/resources/app/resources/win32/components/wch/toolchain/risc-v embedded gcc/bin/../lib/gcc/riscv-none-embed/8.2.0/../../../../riscv-none-embed/lib/rv32ecxw/ilp32e\libprintf.a(wchprintf.o)

.debug_frame    0x0000000000000000     0x1b18
 .debug_frame   0x0000000000000000      0x1d4 ./User/OLED.o
 .debug_frame   0x00000000000001d4      0x14c ./User/OLED_driver.o
 .debug_frame   0x0000000000000320      0x13c ./User/bldc_control.o
 .debug_frame   0x000000000000045c      0x284 ./User/bldc_hal.o
 .debug_frame   0x00000000000006e0       0x5c ./User/ch32v00x_it.o
 .debug_frame   0x000000000000073c      0x240 ./User/drv8311.o
 .debug_frame   0x000000000000097c       0x2c ./User/main.o
 .debug_frame   0x00000000000009a8       0x50 ./User/system_ch32v00x.o
 .debug_frame   0x00000000000009f8      0x26c ./Peripheral/src/ch32v00x_adc.o
 .debug_frame   0x0000000000000c64       0xcc ./Peripheral/src/ch32v00x_dma.o
 .debug_frame   0x0000000000000d30      0x154 ./Peripheral/src/ch32v00x_gpio.o
 .debug_frame   0x0000000000000e84       0x30 ./Peripheral/src/ch32v00x_misc.o
 .debug_frame   0x0000000000000eb4      0x1dc ./Peripheral/src/ch32v00x_rcc.o
 .debug_frame   0x0000000000001090      0x15c ./Peripheral/src/ch32v00x_spi.o
 .debug_frame   0x00000000000011ec      0x624 ./Peripheral/src/ch32v00x_tim.o
 .debug_frame   0x0000000000001810      0x204 ./Peripheral/src/ch32v00x_usart.o
 .debug_frame   0x0000000000001a14       0xe4 ./Debug/debug.o
 .debug_frame   0x0000000000001af8       0x20 c:/mounriver/mounriver_studio2/resources/app/resources/win32/components/wch/toolchain/risc-v embedded gcc/bin/../lib/gcc/riscv-none-embed/8.2.0/../../../../riscv-none-embed/lib/rv32ecxw/ilp32e\libg_nano.a(lib_a-strcpy.o)
