Archive member included to satisfy reference by file (symbol)

c:/mounriver/mounriver_studio2/resources/app/resources/win32/components/wch/toolchain/risc-v embedded gcc/bin/../lib/gcc/riscv-none-embed/8.2.0/../../../../riscv-none-embed/lib/rv32ecxw/ilp32e\libprintf.a(wchprintf.o)
                              ./User/main.o (sprintf)
c:/mounriver/mounriver_studio2/resources/app/resources/win32/components/wch/toolchain/risc-v embedded gcc/bin/../lib/gcc/riscv-none-embed/8.2.0/rv32ecxw/ilp32e\libgcc.a(divdf3.o)
                              ./User/OLED.o (__divdf3)
c:/mounriver/mounriver_studio2/resources/app/resources/win32/components/wch/toolchain/risc-v embedded gcc/bin/../lib/gcc/riscv-none-embed/8.2.0/rv32ecxw/ilp32e\libgcc.a(muldf3.o)
                              ./User/OLED.o (__muldf3)
c:/mounriver/mounriver_studio2/resources/app/resources/win32/components/wch/toolchain/risc-v embedded gcc/bin/../lib/gcc/riscv-none-embed/8.2.0/rv32ecxw/ilp32e\libgcc.a(fixdfsi.o)
                              ./User/OLED.o (__fixdfsi)
c:/mounriver/mounriver_studio2/resources/app/resources/win32/components/wch/toolchain/risc-v embedded gcc/bin/../lib/gcc/riscv-none-embed/8.2.0/rv32ecxw/ilp32e\libgcc.a(floatsidf.o)
                              ./User/OLED.o (__floatsidf)
c:/mounriver/mounriver_studio2/resources/app/resources/win32/components/wch/toolchain/risc-v embedded gcc/bin/../lib/gcc/riscv-none-embed/8.2.0/rv32ecxw/ilp32e\libgcc.a(gesf2.o)
                              ./User/OLED.o (__gtsf2)
c:/mounriver/mounriver_studio2/resources/app/resources/win32/components/wch/toolchain/risc-v embedded gcc/bin/../lib/gcc/riscv-none-embed/8.2.0/rv32ecxw/ilp32e\libgcc.a(lesf2.o)
                              ./User/OLED.o (__ltsf2)
c:/mounriver/mounriver_studio2/resources/app/resources/win32/components/wch/toolchain/risc-v embedded gcc/bin/../lib/gcc/riscv-none-embed/8.2.0/rv32ecxw/ilp32e\libgcc.a(mulsf3.o)
                              ./User/drv8311.o (__mulsf3)
c:/mounriver/mounriver_studio2/resources/app/resources/win32/components/wch/toolchain/risc-v embedded gcc/bin/../lib/gcc/riscv-none-embed/8.2.0/rv32ecxw/ilp32e\libgcc.a(fixunssfsi.o)
                              ./User/drv8311.o (__fixunssfsi)
c:/mounriver/mounriver_studio2/resources/app/resources/win32/components/wch/toolchain/risc-v embedded gcc/bin/../lib/gcc/riscv-none-embed/8.2.0/rv32ecxw/ilp32e\libgcc.a(floatunsisf.o)
                              ./User/drv8311.o (__floatunsisf)
c:/mounriver/mounriver_studio2/resources/app/resources/win32/components/wch/toolchain/risc-v embedded gcc/bin/../lib/gcc/riscv-none-embed/8.2.0/rv32ecxw/ilp32e\libgcc.a(save-restore.o)
                              ./User/OLED.o (__riscv_save_2)
c:/mounriver/mounriver_studio2/resources/app/resources/win32/components/wch/toolchain/risc-v embedded gcc/bin/../lib/gcc/riscv-none-embed/8.2.0/rv32ecxw/ilp32e\libgcc.a(muldi3.o)
                              ./User/OLED.o (__mulsi3)
c:/mounriver/mounriver_studio2/resources/app/resources/win32/components/wch/toolchain/risc-v embedded gcc/bin/../lib/gcc/riscv-none-embed/8.2.0/rv32ecxw/ilp32e\libgcc.a(div.o)
                              ./User/OLED.o (__divsi3)
c:/mounriver/mounriver_studio2/resources/app/resources/win32/components/wch/toolchain/risc-v embedded gcc/bin/../lib/gcc/riscv-none-embed/8.2.0/rv32ecxw/ilp32e\libgcc.a(_clzsi2.o)
                              c:/mounriver/mounriver_studio2/resources/app/resources/win32/components/wch/toolchain/risc-v embedded gcc/bin/../lib/gcc/riscv-none-embed/8.2.0/rv32ecxw/ilp32e\libgcc.a(divdf3.o) (__clzsi2)
c:/mounriver/mounriver_studio2/resources/app/resources/win32/components/wch/toolchain/risc-v embedded gcc/bin/../lib/gcc/riscv-none-embed/8.2.0/rv32ecxw/ilp32e\libgcc.a(_clz.o)
                              c:/mounriver/mounriver_studio2/resources/app/resources/win32/components/wch/toolchain/risc-v embedded gcc/bin/../lib/gcc/riscv-none-embed/8.2.0/rv32ecxw/ilp32e\libgcc.a(_clzsi2.o) (__clz_tab)
c:/mounriver/mounriver_studio2/resources/app/resources/win32/components/wch/toolchain/risc-v embedded gcc/bin/../lib/gcc/riscv-none-embed/8.2.0/../../../../riscv-none-embed/lib/rv32ecxw/ilp32e\libg_nano.a(lib_a-memset.o)
                              ./User/OLED.o (memset)
c:/mounriver/mounriver_studio2/resources/app/resources/win32/components/wch/toolchain/risc-v embedded gcc/bin/../lib/gcc/riscv-none-embed/8.2.0/../../../../riscv-none-embed/lib/rv32ecxw/ilp32e\libg_nano.a(lib_a-strcpy.o)
                              ./User/main.o (strcpy)

Discarded input sections

 .text          0x0000000000000000        0x0 ./User/OLED.o
 .data          0x0000000000000000        0x0 ./User/OLED.o
 .bss           0x0000000000000000        0x0 ./User/OLED.o
 .text.OLED_GetFontWidth
                0x0000000000000000       0x12 ./User/OLED.o
 .text.OLED_pnpoly
                0x0000000000000000       0xa8 ./User/OLED.o
 .text.max      0x0000000000000000       0x28 ./User/OLED.o
[...]
Memory Configuration

Name             Origin             Length             Attributes
FLASH            0x0000000000000000 0x0000000000004000 xr
RAM              0x0000000020000000 0x0000000000000800 xrw
*default*        0x0000000000000000 0xffffffffffffffff

Linker script and memory map

LOAD ./User/OLED.o
LOAD ./User/OLED_Fonts.o
LOAD ./User/OLED_driver.o
LOAD ./User/bldc_control.o
LOAD ./User/bldc_hal.o
LOAD ./User/ch32v00x_it.o
LOAD ./User/drv8311.o
LOAD ./User/main.o
LOAD ./User/system_ch32v00x.o
LOAD ./Startup/startup_ch32v00x.o
LOAD ./Peripheral/src/ch32v00x_adc.o
LOAD ./Peripheral/src/ch32v00x_dbgmcu.o
LOAD ./Peripheral/src/ch32v00x_dma.o
LOAD ./Peripheral/src/ch32v00x_exti.o
LOAD ./Peripheral/src/ch32v00x_flash.o
LOAD ./Peripheral/src/ch32v00x_gpio.o
LOAD ./Peripheral/src/ch32v00x_i2c.o
LOAD ./Peripheral/src/ch32v00x_iwdg.o
LOAD ./Peripheral/src/ch32v00x_misc.o
LOAD ./Peripheral/src/ch32v00x_opa.o
LOAD ./Peripheral/src/ch32v00x_pwr.o
LOAD ./Peripheral/src/ch32v00x_rcc.o
LOAD ./Peripheral/src/ch32v00x_spi.o
LOAD ./Peripheral/src/ch32v00x_tim.o
LOAD ./Peripheral/src/ch32v00x_usart.o
LOAD ./Peripheral/src/ch32v00x_wwdg.o
LOAD ./Debug/debug.o
LOAD ./Core/core_riscv.o
LOAD c:/mounriver/mounriver_studio2/resources/app/resources/win32/components/wch/toolchain/risc-v embedded gcc/bin/../lib/gcc/riscv-none-embed/8.2.0/../../../../riscv-none-embed/lib/rv32ecxw/ilp32e\libprintf.a
LOAD c:/mounriver/mounriver_studio2/resources/app/resources/win32/components/wch/toolchain/risc-v embedded gcc/bin/../lib/gcc/riscv-none-embed/8.2.0/rv32ecxw/ilp32e\libgcc.a
LOAD c:/mounriver/mounriver_studio2/resources/app/resources/win32/components/wch/toolchain/risc-v embedded gcc/bin/../lib/gcc/riscv-none-embed/8.2.0/../../../../riscv-none-embed/lib/rv32ecxw/ilp32e\libg_nano.a
LOAD c:/mounriver/mounriver_studio2/resources/app/resources/win32/components/wch/toolchain/risc-v embedded gcc/bin/../lib/gcc/riscv-none-embed/8.2.0/../../../../riscv-none-embed/lib/rv32ecxw/ilp32e\libc_nano.a
LOAD c:/mounriver/mounriver_studio2/resources/app/resources/win32/components/wch/toolchain/risc-v embedded gcc/bin/../lib/gcc/riscv-none-embed/8.2.0/rv32ecxw/ilp32e\libgcc.a
START GROUP
LOAD c:/mounriver/mounriver_studio2/resources/app/resources/win32/components/wch/toolchain/risc-v embedded gcc/bin/../lib/gcc/riscv-none-embed/8.2.0/rv32ecxw/ilp32e\libgcc.a
LOAD c:/mounriver/mounriver_studio2/resources/app/resources/win32/components/wch/toolchain/risc-v embedded gcc/bin/../lib/gcc/riscv-none-embed/8.2.0/../../../../riscv-none-embed/lib/rv32ecxw/ilp32e\libc_nano.a
LOAD c:/mounriver/mounriver_studio2/resources/app/resources/win32/components/wch/toolchain/risc-v embedded gcc/bin/../lib/gcc/riscv-none-embed/8.2.0/../../../../riscv-none-embed/lib/rv32ecxw/ilp32e\libnosys.a
END GROUP
START GROUP
LOAD c:/mounriver/mounriver_studio2/resources/app/resources/win32/components/wch/toolchain/risc-v embedded gcc/bin/../lib/gcc/riscv-none-embed/8.2.0/rv32ecxw/ilp32e\libgcc.a
LOAD c:/mounriver/mounriver_studio2/resources/app/resources/win32/components/wch/toolchain/risc-v embedded gcc/bin/../lib/gcc/riscv-none-embed/8.2.0/../../../../riscv-none-embed/lib/rv32ecxw/ilp32e\libc_nano.a
LOAD c:/mounriver/mounriver_studio2/resources/app/resources/win32/components/wch/toolchain/risc-v embedded gcc/bin/../lib/gcc/riscv-none-embed/8.2.0/../../../../riscv-none-embed/lib/rv32ecxw/ilp32e\libnosys.a
END GROUP
                0x0000000000000100                __stack_size = 0x100
                [!provide]                        PROVIDE (_stack_size = __stack_size)

.init           0x0000000000000000       0xa0
                0x0000000000000000                _sinit = .
                0x0000000000000000                . = ALIGN (0x4)
 *(SORT_NONE(.init))
 .init          0x0000000000000000       0x9e ./Startup/startup_ch32v00x.o
                0x0000000000000000                _start
                0x00000000000000a0                . = ALIGN (0x4)
 *fill*         0x000000000000009e        0x2 
                0x00000000000000a0                _einit = .

.highcodelalign
                0x00000000000000a0        0x0
                0x00000000000000a0                . = ALIGN (0x4)
                0x00000000000000a0                PROVIDE (_highcode_lma = .)

.highcode       0x0000000020000000        0x0 load address 0x00000000000000a0
                0x0000000020000000                . = ALIGN (0x4)
                0x0000000020000000                PROVIDE (_highcode_vma_start = .)
 *(.highcode)
 *(.highcode.*)
                0x0000000020000000                . = ALIGN (0x4)
                0x0000000020000000                PROVIDE (_highcode_vma_end = .)

.text           0x00000000000000a0     0x2910
                0x00000000000000a0                . = ALIGN (0x4)
 *(.text)
 .text          0x00000000000000a0       0x14 c:/mounriver/mounriver_studio2/resources/app/resources/win32/components/wch/toolchain/risc-v embedded gcc/bin/../lib/gcc/riscv-none-embed/8.2.0/rv32ecxw/ilp32e\libgcc.a(save-restore.o)
                0x00000000000000a0                __riscv_save_1
                0x00000000000000a0                __riscv_save_2
                0x00000000000000a0                __riscv_save_0
                0x00000000000000aa                __riscv_restore_0
                0x00000000000000aa                __riscv_restore_1
                0x00000000000000aa                __riscv_restore_2
 .text          0x00000000000000b4       0x16 c:/mounriver/mounriver_studio2/resources/app/resources/win32/components/wch/toolchain/risc-v embedded gcc/bin/../lib/gcc/riscv-none-embed/8.2.0/rv32ecxw/ilp32e\libgcc.a(muldi3.o)
                0x00000000000000b4                __mulsi3
 *fill*         0x00000000000000ca        0x2 
 .text          0x00000000000000cc       0x7e c:/mounriver/mounriver_studio2/resources/app/resources/win32/components/wch/toolchain/risc-v embedded gcc/bin/../lib/gcc/riscv-none-embed/8.2.0/rv32ecxw/ilp32e\libgcc.a(div.o)
                0x00000000000000cc                __divsi3
                0x00000000000000d4                __udivsi3
                0x0000000000000100                __umodsi3
                0x0000000000000124                __modsi3
 .text          0x000000000000014a       0xa8 c:/mounriver/mounriver_studio2/resources/app/resources/win32/components/wch/toolchain/risc-v embedded gcc/bin/../lib/gcc/riscv-none-embed/8.2.0/../../../../riscv-none-embed/lib/rv32ecxw/ilp32e\libg_nano.a(lib_a-memset.o)
                0x000000000000014a                memset
 *(.text.*)
 .text.OLED_Clear
                0x00000000000001f2       0x16 ./User/OLED.o
                0x00000000000001f2                OLED_Clear
 .text.OLED_ClearArea
                0x0000000000000208       0xd0 ./User/OLED.o
                0x0000000000000208                OLED_ClearArea
 .text.OLED_ShowImageArea
                0x00000000000002d8      0x1ac ./User/OLED.o
                0x00000000000002d8                OLED_ShowImageArea
 .text.OLED_ShowCharArea
                0x0000000000000484       0x86 ./User/OLED.o
                0x0000000000000484                OLED_ShowCharArea
 .text.OLED_ShowMixStringArea
                0x000000000000050a       0x7c ./User/OLED.o
                0x000000000000050a                OLED_ShowMixStringArea
 .text.OLED_I2C_Start
                0x0000000000000586       0x2e ./User/OLED_driver.o
 .text.OLED_WriteByte
                0x00000000000005b4       0x5a ./User/OLED_driver.o
 .text.OLED_I2C_Stop
                0x000000000000060e       0x24 ./User/OLED_driver.o
 .text.OLED_Write_CMD
                0x0000000000000632       0x1a ./User/OLED_driver.o
 .text.OLED_WriteDataArr
                0x000000000000064c       0x46 ./User/OLED_driver.o
 .text.OLED_Update
                0x0000000000000692       0x36 ./User/OLED_driver.o
                0x0000000000000692                OLED_Update
 .text.OLED_Init
                0x00000000000006c8       0xca ./User/OLED_driver.o
                0x00000000000006c8                OLED_Init
 .text.BLDC_Init
                0x0000000000000792       0x22 ./User/bldc_control.o
                0x0000000000000792                BLDC_Init
 .text.BLDC_EnterIdle
                0x00000000000007b4       0x4a ./User/bldc_control.o
                0x00000000000007b4                BLDC_EnterIdle
 .text.BLDC_EnterAlign
                0x00000000000007fe       0x6e ./User/bldc_control.o
                0x00000000000007fe                BLDC_EnterAlign
 .text.BLDC_EnterFault
                0x000000000000086c       0x44 ./User/bldc_control.o
                0x000000000000086c                BLDC_EnterFault
 .text.BLDC_Commutate
                0x00000000000008b0       0xac ./User/bldc_control.o
                0x00000000000008b0                BLDC_Commutate
 .text.BLDC_EnterRun
                0x000000000000095c       0x36 ./User/bldc_control.o
                0x000000000000095c                BLDC_EnterRun
 .text.BLDC_ProcessButtons
                0x0000000000000992       0xea ./User/bldc_control.o
                0x0000000000000992                BLDC_ProcessButtons
 .text.BLDC_SampleBEMF
                0x0000000000000a7c      0x15e ./User/bldc_control.o
                0x0000000000000a7c                BLDC_SampleBEMF
 .text.BLDC_StateMachine
                0x0000000000000bda      0x10c ./User/bldc_control.o
                0x0000000000000bda                BLDC_StateMachine
 .text.BLDC_GetBusCurrent_mA
                0x0000000000000ce6       0xf4 ./User/bldc_control.o
                0x0000000000000ce6                BLDC_GetBusCurrent_mA
 .text.nsleep_set_cb
                0x0000000000000dda        0x2 ./User/bldc_hal.o
                0x0000000000000dda                nsleep_set_cb
 .text.btn_update
                0x0000000000000ddc       0x90 ./User/bldc_hal.o
 .text.spi_trans_cb
                0x0000000000000e6c       0xba ./User/bldc_hal.o
                0x0000000000000e6c                spi_trans_cb
 .text.HAL_GPIO_Init
                0x0000000000000f26       0xbc ./User/bldc_hal.o
                0x0000000000000f26                HAL_GPIO_Init
 .text.LED_Init
                0x0000000000000fe2       0x40 ./User/bldc_hal.o
                0x0000000000000fe2                LED_Init
 .text.LED_On   0x0000000000001022       0x16 ./User/bldc_hal.o
                0x0000000000001022                LED_On
 .text.LED_Off  0x0000000000001038       0x16 ./User/bldc_hal.o
                0x0000000000001038                LED_Off
 .text.LED_Toggle
                0x000000000000104e       0x2c ./User/bldc_hal.o
                0x000000000000104e                LED_Toggle
 .text.HAL_SPI_Init
                0x000000000000107a       0x90 ./User/bldc_hal.o
                0x000000000000107a                HAL_SPI_Init
 .text.DRV8311_Init
                0x000000000000110a       0x48 ./User/bldc_hal.o
                0x000000000000110a                DRV8311_Init
 .text.DRV8311_Enable
                0x0000000000001152       0x14 ./User/bldc_hal.o
                0x0000000000001152                DRV8311_Enable
 .text.DRV8311_Disable
                0x0000000000001166       0x14 ./User/bldc_hal.o
                0x0000000000001166                DRV8311_Disable
 .text.HAL_ADC_Init
                0x000000000000117a       0x8c ./User/bldc_hal.o
                0x000000000000117a                HAL_ADC_Init
 .text.HAL_TIM1_Init
                0x0000000000001206       0x60 ./User/bldc_hal.o
                0x0000000000001206                HAL_TIM1_Init
 .text.HAL_TIM1_Start
                0x0000000000001266       0x16 ./User/bldc_hal.o
                0x0000000000001266                HAL_TIM1_Start
 .text.HAL_TIM1_Stop
                0x000000000000127c       0x16 ./User/bldc_hal.o
                0x000000000000127c                HAL_TIM1_Stop
 .text.BAT_ADC_Sample
                0x0000000000001292       0x70 ./User/bldc_hal.o
                0x0000000000001292                BAT_ADC_Sample
 .text.BAT_Get_mV
                0x0000000000001302       0x2e ./User/bldc_hal.o
                0x0000000000001302                BAT_Get_mV
 .text.BTN_Process
                0x0000000000001330       0x3c ./User/bldc_hal.o
                0x0000000000001330                BTN_Process
 .text.BTN_Up_Pressed
                0x000000000000136c       0x12 ./User/bldc_hal.o
                0x000000000000136c                BTN_Up_Pressed
 .text.BTN_Down_Pressed
                0x000000000000137e       0x12 ./User/bldc_hal.o
                0x000000000000137e                BTN_Down_Pressed
 .text.BTN_Up_IsLongPress
                0x0000000000001390        0xa ./User/bldc_hal.o
                0x0000000000001390                BTN_Up_IsLongPress
 .text.BTN_Down_IsLongPress
                0x000000000000139a        0xa ./User/bldc_hal.o
                0x000000000000139a                BTN_Down_IsLongPress
 .text.NMI_Handler
                0x00000000000013a4        0x2 ./User/ch32v00x_it.o
                0x00000000000013a4                NMI_Handler
 .text.HardFault_Handler
                0x00000000000013a6       0x10 ./User/ch32v00x_it.o
                0x00000000000013a6                HardFault_Handler
 .text.SysTick_Handler
                0x00000000000013b6       0x16 ./User/ch32v00x_it.o
                0x00000000000013b6                SysTick_Handler
 .text.TIM1_UP_IRQHandler
                0x00000000000013cc       0x30 ./User/ch32v00x_it.o
                0x00000000000013cc                TIM1_UP_IRQHandler
 .text.drv8311_tspi_xfer
                0x00000000000013fc       0x8c ./User/drv8311.o
 .text.drv8311_write
                0x0000000000001488       0x16 ./User/drv8311.o
 .text.drv8311_read
                0x000000000000149e       0x1e ./User/drv8311.o
 .text.drv8311_init
                0x00000000000014bc      0x106 ./User/drv8311.o
                0x00000000000014bc                drv8311_init
 .text.drv8311_phase_ctrl
                0x00000000000015c2       0x1a ./User/drv8311.o
                0x00000000000015c2                drv8311_phase_ctrl
 .text.drv8311_out_ctrl
                0x00000000000015dc       0x28 ./User/drv8311.o
                0x00000000000015dc                drv8311_out_ctrl
 .text.drv8311_set_duty_raw
                0x0000000000001604       0x8a ./User/drv8311.o
                0x0000000000001604                drv8311_set_duty_raw
 .text.drv8311_read_reg
                0x000000000000168e        0xa ./User/drv8311.o
                0x000000000000168e                drv8311_read_reg
 .text.startup.main
                0x0000000000001698      0x38a ./User/main.o
                0x0000000000001698                main
 .text.SystemInit
                0x0000000000001a22      0x134 ./User/system_ch32v00x.o
                0x0000000000001a22                SystemInit
 .text.SystemCoreClockUpdate
                0x0000000000001b56       0x6c ./User/system_ch32v00x.o
                0x0000000000001b56                SystemCoreClockUpdate
 .text.vector_handler
                0x0000000000001bc2        0x2 ./Startup/startup_ch32v00x.o
                0x0000000000001bc2                TIM1_CC_IRQHandler
                0x0000000000001bc2                PVD_IRQHandler
                0x0000000000001bc2                SPI1_IRQHandler
                0x0000000000001bc2                AWU_IRQHandler
                0x0000000000001bc2                EXTI7_0_IRQHandler
                0x0000000000001bc2                DMA1_Channel4_IRQHandler
                0x0000000000001bc2                ADC1_IRQHandler
                0x0000000000001bc2                DMA1_Channel7_IRQHandler
                0x0000000000001bc2                I2C1_EV_IRQHandler
                0x0000000000001bc2                DMA1_Channel6_IRQHandler
                0x0000000000001bc2                RCC_IRQHandler
                0x0000000000001bc2                TIM1_TRG_COM_IRQHandler
                0x0000000000001bc2                DMA1_Channel1_IRQHandler
                0x0000000000001bc2                DMA1_Channel5_IRQHandler
                0x0000000000001bc2                DMA1_Channel3_IRQHandler
                0x0000000000001bc2                WWDG_IRQHandler
                0x0000000000001bc2                TIM2_IRQHandler
                0x0000000000001bc2                SW_Handler
                0x0000000000001bc2                TIM1_BRK_IRQHandler
                0x0000000000001bc2                DMA1_Channel2_IRQHandler
                0x0000000000001bc2                FLASH_IRQHandler
                0x0000000000001bc2                USART1_IRQHandler
                0x0000000000001bc2                I2C1_ER_IRQHandler
 .text.handle_reset
                0x0000000000001bc4       0xb0 ./Startup/startup_ch32v00x.o
                0x0000000000001bc4                handle_reset
 .text.ADC_Init
                0x0000000000001c74       0x4e ./Peripheral/src/ch32v00x_adc.o
                0x0000000000001c74                ADC_Init
 .text.ADC_Cmd  0x0000000000001cc2       0x10 ./Peripheral/src/ch32v00x_adc.o
                0x0000000000001cc2                ADC_Cmd
 .text.ADC_ResetCalibration
                0x0000000000001cd2        0xa ./Peripheral/src/ch32v00x_adc.o
                0x0000000000001cd2                ADC_ResetCalibration
 .text.ADC_GetResetCalibrationStatus
                0x0000000000001cdc        0x8 ./Peripheral/src/ch32v00x_adc.o
                0x0000000000001cdc                ADC_GetResetCalibrationStatus
 .text.ADC_StartCalibration
                0x0000000000001ce4        0xa ./Peripheral/src/ch32v00x_adc.o
                0x0000000000001ce4                ADC_StartCalibration
 .text.ADC_GetCalibrationStatus
                0x0000000000001cee        0x8 ./Peripheral/src/ch32v00x_adc.o
                0x0000000000001cee                ADC_GetCalibrationStatus
 .text.ADC_SoftwareStartConvCmd
                0x0000000000001cf6       0x18 ./Peripheral/src/ch32v00x_adc.o
                0x0000000000001cf6                ADC_SoftwareStartConvCmd
 .text.ADC_RegularChannelConfig
                0x0000000000001d0e       0xba ./Peripheral/src/ch32v00x_adc.o
                0x0000000000001d0e                ADC_RegularChannelConfig
 .text.ADC_GetConversionValue
                0x0000000000001dc8        0x8 ./Peripheral/src/ch32v00x_adc.o
                0x0000000000001dc8                ADC_GetConversionValue
 .text.ADC_GetFlagStatus
                0x0000000000001dd0        0xa ./Peripheral/src/ch32v00x_adc.o
                0x0000000000001dd0                ADC_GetFlagStatus
 .text.ADC_ClearFlag
                0x0000000000001dda        0x8 ./Peripheral/src/ch32v00x_adc.o
                0x0000000000001dda                ADC_ClearFlag
 .text.GPIO_Init
                0x0000000000001de2       0x7c ./Peripheral/src/ch32v00x_gpio.o
                0x0000000000001de2                GPIO_Init
 .text.GPIO_ReadInputDataBit
                0x0000000000001e5e        0xa ./Peripheral/src/ch32v00x_gpio.o
                0x0000000000001e5e                GPIO_ReadInputDataBit
 .text.GPIO_ReadOutputDataBit
                0x0000000000001e68        0xa ./Peripheral/src/ch32v00x_gpio.o
                0x0000000000001e68                GPIO_ReadOutputDataBit
 .text.GPIO_SetBits
                0x0000000000001e72        0x4 ./Peripheral/src/ch32v00x_gpio.o
                0x0000000000001e72                GPIO_SetBits
 .text.GPIO_ResetBits
                0x0000000000001e76        0x4 ./Peripheral/src/ch32v00x_gpio.o
                0x0000000000001e76                GPIO_ResetBits
 .text.NVIC_PriorityGroupConfig
                0x0000000000001e7a        0x6 ./Peripheral/src/ch32v00x_misc.o
                0x0000000000001e7a                NVIC_PriorityGroupConfig
 .text.RCC_AdjustHSICalibrationValue
                0x0000000000001e80       0x12 ./Peripheral/src/ch32v00x_rcc.o
                0x0000000000001e80                RCC_AdjustHSICalibrationValue
 .text.RCC_ADCCLKConfig
                0x0000000000001e92       0x14 ./Peripheral/src/ch32v00x_rcc.o
                0x0000000000001e92                RCC_ADCCLKConfig
 .text.RCC_APB2PeriphClockCmd
                0x0000000000001ea6       0x1e ./Peripheral/src/ch32v00x_rcc.o
                0x0000000000001ea6                RCC_APB2PeriphClockCmd
 .text.SPI_Init
                0x0000000000001ec4       0x32 ./Peripheral/src/ch32v00x_spi.o
                0x0000000000001ec4                SPI_Init
 .text.SPI_Cmd  0x0000000000001ef6       0x1a ./Peripheral/src/ch32v00x_spi.o
                0x0000000000001ef6                SPI_Cmd
 .text.SPI_I2S_SendData
                0x0000000000001f10        0x4 ./Peripheral/src/ch32v00x_spi.o
                0x0000000000001f10                SPI_I2S_SendData
 .text.SPI_I2S_ReceiveData
                0x0000000000001f14        0x4 ./Peripheral/src/ch32v00x_spi.o
                0x0000000000001f14                SPI_I2S_ReceiveData
 .text.SPI_I2S_GetFlagStatus
                0x0000000000001f18        0xa ./Peripheral/src/ch32v00x_spi.o
                0x0000000000001f18                SPI_I2S_GetFlagStatus
 .text.TIM_TimeBaseInit
                0x0000000000001f22       0x4e ./Peripheral/src/ch32v00x_tim.o
                0x0000000000001f22                TIM_TimeBaseInit
 .text.TIM_Cmd  0x0000000000001f70       0x18 ./Peripheral/src/ch32v00x_tim.o
                0x0000000000001f70                TIM_Cmd
 .text.TIM_ITConfig
                0x0000000000001f88       0x12 ./Peripheral/src/ch32v00x_tim.o
                0x0000000000001f88                TIM_ITConfig
 .text.TIM_SelectOutputTrigger
                0x0000000000001f9a       0x18 ./Peripheral/src/ch32v00x_tim.o
                0x0000000000001f9a                TIM_SelectOutputTrigger
 .text.TIM_GetITStatus
                0x0000000000001fb2       0x18 ./Peripheral/src/ch32v00x_tim.o
                0x0000000000001fb2                TIM_GetITStatus
 .text.TIM_ClearITPendingBit
                0x0000000000001fca        0xc ./Peripheral/src/ch32v00x_tim.o
                0x0000000000001fca                TIM_ClearITPendingBit
 .text.USART_SendData
                0x0000000000001fd6        0x8 ./Peripheral/src/ch32v00x_usart.o
                0x0000000000001fd6                USART_SendData
 .text.USART_GetFlagStatus
                0x0000000000001fde        0xa ./Peripheral/src/ch32v00x_usart.o
                0x0000000000001fde                USART_GetFlagStatus
 .text.Delay_Init
                0x0000000000001fe8       0x34 ./Debug/debug.o
                0x0000000000001fe8                Delay_Init
 .text.Delay_Ms
                0x000000000000201c       0x3a ./Debug/debug.o
                0x000000000000201c                Delay_Ms
 .text._write   0x0000000000002056       0x50 ./Debug/debug.o
                0x0000000000002056                _write
 .text.printchar
                0x00000000000020a6       0x4a c:/mounriver/mounriver_studio2/resources/app/resources/win32/components/wch/toolchain/risc-v embedded gcc/bin/../lib/gcc/riscv-none-embed/8.2.0/../../../../riscv-none-embed/lib/rv32ecxw/ilp32e\libprintf.a(wchprintf.o)
                0x00000000000020a6                printchar
 .text.prints   0x00000000000020f0       0xee c:/mounriver/mounriver_studio2/resources/app/resources/win32/components/wch/toolchain/risc-v embedded gcc/bin/../lib/gcc/riscv-none-embed/8.2.0/../../../../riscv-none-embed/lib/rv32ecxw/ilp32e\libprintf.a(wchprintf.o)
                0x00000000000020f0                prints
 .text.printInt
                0x00000000000021de      0x11a c:/mounriver/mounriver_studio2/resources/app/resources/win32/components/wch/toolchain/risc-v embedded gcc/bin/../lib/gcc/riscv-none-embed/8.2.0/../../../../riscv-none-embed/lib/rv32ecxw/ilp32e\libprintf.a(wchprintf.o)
                0x00000000000021de                printInt
 .text.printLongLongInt
                0x00000000000022f8        0x4 c:/mounriver/mounriver_studio2/resources/app/resources/win32/components/wch/toolchain/risc-v embedded gcc/bin/../lib/gcc/riscv-none-embed/8.2.0/../../../../riscv-none-embed/lib/rv32ecxw/ilp32e\libprintf.a(wchprintf.o)
                0x00000000000022f8                printLongLongInt
 .text.printDouble
                0x00000000000022fc        0x4 c:/mounriver/mounriver_studio2/resources/app/resources/win32/components/wch/toolchain/risc-v embedded gcc/bin/../lib/gcc/riscv-none-embed/8.2.0/../../../../riscv-none-embed/lib/rv32ecxw/ilp32e\libprintf.a(wchprintf.o)
                0x00000000000022fc                printDouble
 .text.print    0x0000000000002300      0x360 c:/mounriver/mounriver_studio2/resources/app/resources/win32/components/wch/toolchain/risc-v embedded gcc/bin/../lib/gcc/riscv-none-embed/8.2.0/../../../../riscv-none-embed/lib/rv32ecxw/ilp32e\libprintf.a(wchprintf.o)
                0x0000000000002300                print
 .text.sprintf  0x0000000000002660       0x28 c:/mounriver/mounriver_studio2/resources/app/resources/win32/components/wch/toolchain/risc-v embedded gcc/bin/../lib/gcc/riscv-none-embed/8.2.0/../../../../riscv-none-embed/lib/rv32ecxw/ilp32e\libprintf.a(wchprintf.o)
                0x0000000000002660                sprintf
 .text.strcpy   0x0000000000002688       0x10 c:/mounriver/mounriver_studio2/resources/app/resources/win32/components/wch/toolchain/risc-v embedded gcc/bin/../lib/gcc/riscv-none-embed/8.2.0/../../../../riscv-none-embed/lib/rv32ecxw/ilp32e\libg_nano.a(lib_a-strcpy.o)
                0x0000000000002688                strcpy
 *(.rodata)
 *(.rodata*)
 *fill*         0x0000000000002698        0x0 
 .rodata.OLED_F6x8
                0x0000000000002698      0x23a ./User/OLED_Fonts.o
                0x0000000000002698                OLED_F6x8
 *fill*         0x00000000000028d2        0x2 
 .rodata.comm_table
                0x00000000000028d4       0x60 ./User/bldc_control.o
                0x00000000000028d4                comm_table
 .rodata.main.str1.4
                0x0000000000002934       0x71 ./User/main.o
 *fill*         0x00000000000029a5        0x3 
 .rodata.print.str1.4
                0x00000000000029a8        0x8 c:/mounriver/mounriver_studio2/resources/app/resources/win32/components/wch/toolchain/risc-v embedded gcc/bin/../lib/gcc/riscv-none-embed/8.2.0/../../../../riscv-none-embed/lib/rv32ecxw/ilp32e\libprintf.a(wchprintf.o)
                                          0x7 (size before relaxing)
 *(.gnu.linkonce.t.*)
                0x00000000000029b0                . = ALIGN (0x4)

.rela.dyn       0x00000000000029b0        0x0
 .rela.init     0x00000000000029b0        0x0 ./User/OLED.o
 .rela.text.handle_reset
                0x00000000000029b0        0x0 ./User/OLED.o
 .rela.text.prints
                0x00000000000029b0        0x0 ./User/OLED.o
 .rela.text.printInt
                0x00000000000029b0        0x0 ./User/OLED.o
 .rela.text.print
                0x00000000000029b0        0x0 ./User/OLED.o
 .rela.text.sprintf
                0x00000000000029b0        0x0 ./User/OLED.o

.fini           0x00000000000029b0        0x0
 *(SORT_NONE(.fini))
                0x00000000000029b0                . = ALIGN (0x4)
                [!provide]                        PROVIDE (_etext = .)
                [!provide]                        PROVIDE (_eitcm = .)

.preinit_array  0x00000000000029b0        0x0
                [!provide]                        PROVIDE (__preinit_array_start = .)
 *(.preinit_array)
                [!provide]                        PROVIDE (__preinit_array_end = .)

.init_array     0x00000000000029b0        0x0
                [!provide]                        PROVIDE (__init_array_start = .)
 *(SORT_BY_INIT_PRIORITY(.init_array.*) SORT_BY_INIT_PRIORITY(.ctors.*))
 *(.init_array EXCLUDE_FILE(*crtend?.o *crtend.o *crtbegin?.o *crtbegin.o) .ctors)
                [!provide]                        PROVIDE (__init_array_end = .)

.fini_array     0x00000000000029b0        0x0
                [!provide]                        PROVIDE (__fini_array_start = .)
 *(SORT_BY_INIT_PRIORITY(.fini_array.*) SORT_BY_INIT_PRIORITY(.dtors.*))
 *(.fini_array EXCLUDE_FILE(*crtend?.o *crtend.o *crtbegin?.o *crtbegin.o) .dtors)
                [!provide]                        PROVIDE (__fini_array_end = .)

.ctors
 *crtbegin.o(.ctors)
 *crtbegin?.o(.ctors)
 *(EXCLUDE_FILE(*crtend?.o *crtend.o) .ctors)
 *(SORT_BY_NAME(.ctors.*))
 *(.ctors)

.dtors
 *crtbegin.o(.dtors)
 *crtbegin?.o(.dtors)
 *(EXCLUDE_FILE(*crtend?.o *crtend.o) .dtors)
 *(SORT_BY_NAME(.dtors.*))
 *(.dtors)

.dalign         0x0000000020000000        0x0 load address 0x00000000000029b0
                0x0000000020000000                . = ALIGN (0x4)
                0x0000000020000000                PROVIDE (_data_vma = .)

.dlalign        0x00000000000029b0        0x0
                0x00000000000029b0                . = ALIGN (0x4)
                0x00000000000029b0                PROVIDE (_data_lma = .)

.data           0x0000000020000000       0x18 load address 0x00000000000029b0
                0x0000000020000000                . = ALIGN (0x4)
 *(.gnu.linkonce.r.*)
 *(.data .data.*)
 .data.OLED_ColorMode
                0x0000000020000000        0x1 ./User/OLED_driver.o
                0x0000000020000000                OLED_ColorMode
 *fill*         0x0000000020000001        0x3 
 .data.AHBPrescTable
                0x0000000020000004       0x10 ./User/system_ch32v00x.o
                0x0000000020000004                AHBPrescTable
 .data.SystemCoreClock
                0x0000000020000014        0x4 ./User/system_ch32v00x.o
                0x0000000020000014                SystemCoreClock
 *(.gnu.linkonce.d.*)
                0x0000000020000018                . = ALIGN (0x8)
                0x0000000020000818                PROVIDE (__global_pointer$ = (. + 0x800))
 *(.sdata .sdata.*)
 *(.sdata2*)
 *(.gnu.linkonce.s.*)
                0x0000000020000018                . = ALIGN (0x8)
 *(.srodata.cst16)
 *(.srodata.cst8)
 *(.srodata.cst4)
 *(.srodata.cst2)
 *(.srodata .srodata.*)
                0x0000000020000018                . = ALIGN (0x4)
                0x0000000020000018                PROVIDE (_edata = .)

.bss            0x0000000020000018      0x3a0 load address 0x00000000000029c8
                0x0000000020000018                . = ALIGN (0x4)
                0x0000000020000018                PROVIDE (_sbss = .)
 *(.sbss*)
 *(.gnu.linkonce.sb.*)
 *(.bss*)
 .bss.OLED_DisplayBuf
                0x0000000020000018      0x300 ./User/OLED_driver.o
                0x0000000020000018                OLED_DisplayBuf
 .bss.last_bemf_tick
                0x0000000020000318        0x4 ./User/bldc_control.o
 .bss.motor     0x000000002000031c       0x28 ./User/bldc_control.o
                0x000000002000031c                motor
 .bss.batt_adc_ema
                0x0000000020000344        0x2 ./User/bldc_hal.o
 .bss.batt_initialized
                0x0000000020000346        0x1 ./User/bldc_hal.o
 *fill*         0x0000000020000347        0x1 
 .bss.btn_down_ctx
                0x0000000020000348       0x10 ./User/bldc_hal.o
 .bss.btn_up_ctx
                0x0000000020000358       0x10 ./User/bldc_hal.o
 .bss.drv       0x0000000020000368        0x4 ./User/bldc_hal.o
                0x0000000020000368                drv
 .bss.sys_tick_millis
                0x000000002000036c        0x4 ./User/bldc_hal.o
                0x000000002000036c                sys_tick_millis
 .bss.tim1_tick_count
                0x0000000020000370        0x4 ./User/bldc_hal.o
                0x0000000020000370                tim1_tick_count
 .bss.inst_buf.4495
                0x0000000020000374       0x18 ./User/drv8311.o
 .bss.cached_current_mA
                0x000000002000038c        0x2 ./User/main.o
 *fill*         0x000000002000038e        0x2 
 .bss.fault_blink_millis
                0x0000000020000390        0x4 ./User/main.o
 .bss.fault_blink_state
                0x0000000020000394        0x1 ./User/main.o
 *fill*         0x0000000020000395        0x3 
 .bss.last_batt_millis
                0x0000000020000398        0x4 ./User/main.o
 .bss.last_btn_millis
                0x000000002000039c        0x4 ./User/main.o
 .bss.last_current_millis
                0x00000000200003a0        0x4 ./User/main.o
 .bss.last_fault_millis
                0x00000000200003a4        0x4 ./User/main.o
 .bss.last_oled_millis
                0x00000000200003a8        0x4 ./User/main.o
 .bss.nfault_consecutive
                0x00000000200003ac        0x1 ./User/main.o
 *fill*         0x00000000200003ad        0x3 
 .bss.NVIC_Priority_Group
                0x00000000200003b0        0x4 ./Peripheral/src/ch32v00x_misc.o
                0x00000000200003b0                NVIC_Priority_Group
 .bss.p_ms      0x00000000200003b4        0x2 ./Debug/debug.o
 .bss.p_us      0x00000000200003b6        0x1 ./Debug/debug.o
 *(.gnu.linkonce.b.*)
 *(COMMON*)
                0x00000000200003b8                . = ALIGN (0x4)
 *fill*         0x00000000200003b7        0x1 
                0x00000000200003b8                PROVIDE (_ebss = .)
                0x00000000200003b8                PROVIDE (_end = _ebss)
                [!provide]                        PROVIDE (end = .)

.stack          0x0000000020000700      0x100
                0x0000000020000700                PROVIDE (_heap_end = .)
                0x0000000020000700                . = ALIGN (0x4)
                [!provide]                        PROVIDE (_susrstack = .)
                0x0000000020000800                . = (. + __stack_size)
 *fill*         0x0000000020000700      0x100 
                0x0000000020000800                PROVIDE (_eusrstack = .)
OUTPUT(BLDC_MOTOR_FAN_AIO.elf elf32-littleriscv)

.debug_info     0x0000000000000000    0x15f89
 .debug_info    0x0000000000000000     0x17a4 ./User/OLED.o
 .debug_info    0x00000000000017a4      0x2ea ./User/OLED_Fonts.o
 .debug_info    0x0000000000001a8e     0x12de ./User/OLED_driver.o
 .debug_info    0x0000000000002d6c     0x1726 ./User/bldc_control.o
 .debug_info    0x0000000000004492     0x23a4 ./User/bldc_hal.o
 .debug_info    0x0000000000006836      0xef6 ./User/ch32v00x_it.o
 .debug_info    0x000000000000772c     0x21d8 ./User/drv8311.o
 .debug_info    0x0000000000009904     0x18d3 ./User/main.o
 .debug_info    0x000000000000b1d7      0xcac ./User/system_ch32v00x.o
 .debug_info    0x000000000000be83       0x22 ./Startup/startup_ch32v00x.o
 .debug_info    0x000000000000bea5     0x153e ./Peripheral/src/ch32v00x_adc.o
 .debug_info    0x000000000000d3e3     0x104c ./Peripheral/src/ch32v00x_gpio.o
 .debug_info    0x000000000000e42f      0xddd ./Peripheral/src/ch32v00x_misc.o
 .debug_info    0x000000000000f20c     0x10a4 ./Peripheral/src/ch32v00x_rcc.o
 .debug_info    0x00000000000102b0     0x1085 ./Peripheral/src/ch32v00x_spi.o
 .debug_info    0x0000000000011335     0x2997 ./Peripheral/src/ch32v00x_tim.o
 .debug_info    0x0000000000013ccc     0x136e ./Peripheral/src/ch32v00x_usart.o
 .debug_info    0x000000000001503a      0xf4f ./Debug/debug.o

.debug_abbrev   0x0000000000000000     0x381e
 .debug_abbrev  0x0000000000000000      0x488 ./User/OLED.o
 .debug_abbrev  0x0000000000000488       0x95 ./User/OLED_Fonts.o
 .debug_abbrev  0x000000000000051d      0x374 ./User/OLED_driver.o
 .debug_abbrev  0x0000000000000891      0x423 ./User/bldc_control.o
 .debug_abbrev  0x0000000000000cb4      0x4b7 ./User/bldc_hal.o
 .debug_abbrev  0x000000000000116b      0x299 ./User/ch32v00x_it.o
 .debug_abbrev  0x0000000000001404      0x3db ./User/drv8311.o
 .debug_abbrev  0x00000000000017df      0x388 ./User/main.o
 .debug_abbrev  0x0000000000001b67      0x2ee ./User/system_ch32v00x.o
 .debug_abbrev  0x0000000000001e55       0x12 ./Startup/startup_ch32v00x.o
 .debug_abbrev  0x0000000000001e67      0x307 ./Peripheral/src/ch32v00x_adc.o
 .debug_abbrev  0x000000000000216e      0x309 ./Peripheral/src/ch32v00x_gpio.o
 .debug_abbrev  0x0000000000002477      0x2e1 ./Peripheral/src/ch32v00x_misc.o
 .debug_abbrev  0x0000000000002758      0x389 ./Peripheral/src/ch32v00x_rcc.o
 .debug_abbrev  0x0000000000002ae1      0x303 ./Peripheral/src/ch32v00x_spi.o
 .debug_abbrev  0x0000000000002de4      0x408 ./Peripheral/src/ch32v00x_tim.o
 .debug_abbrev  0x00000000000031ec      0x323 ./Peripheral/src/ch32v00x_usart.o
 .debug_abbrev  0x000000000000350f      0x30f ./Debug/debug.o

.debug_loc      0x0000000000000000     0x61e3
 .debug_loc     0x0000000000000000     0x139d ./User/OLED.o
 .debug_loc     0x000000000000139d      0x2bb ./User/OLED_driver.o
 .debug_loc     0x0000000000001658      0x3c9 ./User/bldc_control.o
 .debug_loc     0x0000000000001a21      0x1d2 ./User/bldc_hal.o
 .debug_loc     0x0000000000001bf3      0x8ba ./User/drv8311.o
 .debug_loc     0x00000000000024ad       0xab ./User/main.o
 .debug_loc     0x0000000000002558       0x55 ./User/system_ch32v00x.o
 .debug_loc     0x00000000000025ad      0x9fa ./Peripheral/src/ch32v00x_adc.o
 .debug_loc     0x0000000000002fa7      0x5e2 ./Peripheral/src/ch32v00x_gpio.o
 .debug_loc     0x0000000000003589       0x47 ./Peripheral/src/ch32v00x_misc.o
 .debug_loc     0x00000000000035d0      0x5e3 ./Peripheral/src/ch32v00x_rcc.o
 .debug_loc     0x0000000000003bb3      0x429 ./Peripheral/src/ch32v00x_spi.o
 .debug_loc     0x0000000000003fdc     0x1936 ./Peripheral/src/ch32v00x_tim.o
 .debug_loc     0x0000000000005912      0x735 ./Peripheral/src/ch32v00x_usart.o
 .debug_loc     0x0000000000006047      0x19c ./Debug/debug.o

.debug_aranges  0x0000000000000000      0xb58
 .debug_aranges
                0x0000000000000000       0x90 ./User/OLED.o
 .debug_aranges
                0x0000000000000090       0x18 ./User/OLED_Fonts.o
 .debug_aranges
                0x00000000000000a8       0x68 ./User/OLED_driver.o
 .debug_aranges
                0x0000000000000110       0x68 ./User/bldc_control.o
 .debug_aranges
                0x0000000000000178       0xd0 ./User/bldc_hal.o
 .debug_aranges
                0x0000000000000248       0x38 ./User/ch32v00x_it.o
 .debug_aranges
                0x0000000000000280       0xa8 ./User/drv8311.o
 .debug_aranges
                0x0000000000000328       0x20 ./User/main.o
 .debug_aranges
                0x0000000000000348       0x28 ./User/system_ch32v00x.o
 .debug_aranges
                0x0000000000000370       0x30 ./Startup/startup_ch32v00x.o
 .debug_aranges
                0x00000000000003a0      0x138 ./Peripheral/src/ch32v00x_adc.o
 .debug_aranges
                0x00000000000004d8       0x98 ./Peripheral/src/ch32v00x_gpio.o
 .debug_aranges
                0x0000000000000570       0x28 ./Peripheral/src/ch32v00x_misc.o
 .debug_aranges
                0x0000000000000598       0xe0 ./Peripheral/src/ch32v00x_rcc.o
 .debug_aranges
                0x0000000000000678       0xb8 ./Peripheral/src/ch32v00x_spi.o
 .debug_aranges
                0x0000000000000730      0x2d8 ./Peripheral/src/ch32v00x_tim.o
 .debug_aranges
                0x0000000000000a08      0x100 ./Peripheral/src/ch32v00x_usart.o
 .debug_aranges
                0x0000000000000b08       0x50 ./Debug/debug.o

.debug_ranges   0x0000000000000000      0xdb8
 .debug_ranges  0x0000000000000000      0x1d8 ./User/OLED.o
 .debug_ranges  0x00000000000001d8       0x90 ./User/OLED_driver.o
 .debug_ranges  0x0000000000000268       0xe0 ./User/bldc_control.o
 .debug_ranges  0x0000000000000348       0xd8 ./User/bldc_hal.o
 .debug_ranges  0x0000000000000420       0x28 ./User/ch32v00x_it.o
 .debug_ranges  0x0000000000000448       0xd0 ./User/drv8311.o
 .debug_ranges  0x0000000000000518       0xa8 ./User/main.o
 .debug_ranges  0x00000000000005c0       0x50 ./User/system_ch32v00x.o
 .debug_ranges  0x0000000000000610       0x28 ./Startup/startup_ch32v00x.o
 .debug_ranges  0x0000000000000638      0x128 ./Peripheral/src/ch32v00x_adc.o
 .debug_ranges  0x0000000000000760       0x88 ./Peripheral/src/ch32v00x_gpio.o
 .debug_ranges  0x00000000000007e8       0x30 ./Peripheral/src/ch32v00x_misc.o
 .debug_ranges  0x0000000000000818       0xd0 ./Peripheral/src/ch32v00x_rcc.o
 .debug_ranges  0x00000000000008e8       0xa8 ./Peripheral/src/ch32v00x_spi.o
 .debug_ranges  0x0000000000000990      0x2f8 ./Peripheral/src/ch32v00x_tim.o
 .debug_ranges  0x0000000000000c88       0xf0 ./Peripheral/src/ch32v00x_usart.o
 .debug_ranges  0x0000000000000d78       0x40 ./Debug/debug.o

.debug_line     0x0000000000000000     0xf65e
 .debug_line    0x0000000000000000     0x10f9 ./User/OLED.o
 .debug_line    0x00000000000010f9      0x178 ./User/OLED_Fonts.o
 .debug_line    0x0000000000001271      0x9e2 ./User/OLED_driver.o
 .debug_line    0x0000000000001c53     0x1458 ./User/bldc_control.o
 .debug_line    0x00000000000030ab     0x1456 ./User/bldc_hal.o
 .debug_line    0x0000000000004501      0x4a0 ./User/ch32v00x_it.o
 .debug_line    0x00000000000049a1      0xdf4 ./User/drv8311.o
 .debug_line    0x0000000000005795      0xab7 ./User/main.o
 .debug_line    0x000000000000624c      0x7d8 ./User/system_ch32v00x.o
 .debug_line    0x0000000000006a24      0x148 ./Startup/startup_ch32v00x.o
 .debug_line    0x0000000000006b6c     0x1544 ./Peripheral/src/ch32v00x_adc.o
 .debug_line    0x00000000000080b0      0xcff ./Peripheral/src/ch32v00x_gpio.o
 .debug_line    0x0000000000008daf      0x4e6 ./Peripheral/src/ch32v00x_misc.o
 .debug_line    0x0000000000009295      0xf06 ./Peripheral/src/ch32v00x_rcc.o
 .debug_line    0x000000000000a19b      0xad9 ./Peripheral/src/ch32v00x_spi.o
 .debug_line    0x000000000000ac74     0x3161 ./Peripheral/src/ch32v00x_tim.o
 .debug_line    0x000000000000ddd5     0x1010 ./Peripheral/src/ch32v00x_usart.o
 .debug_line    0x000000000000ede5      0x879 ./Debug/debug.o

.debug_str      0x0000000000000000     0x3ec5
 .debug_str     0x0000000000000000      0x91b ./User/OLED.o
                                        0x9d6 (size before relaxing)
 .debug_str     0x000000000000091b       0x15 ./User/OLED_Fonts.o
                                        0x28a (size before relaxing)
 .debug_str     0x0000000000000930      0x26c ./User/OLED_driver.o
                                        0x933 (size before relaxing)
 .debug_str     0x0000000000000b9c      0x576 ./User/bldc_control.o
                                        0xbbc (size before relaxing)
 .debug_str     0x0000000000001112      0x9c2 ./User/bldc_hal.o
                                       0x13e1 (size before relaxing)
 .debug_str     0x0000000000001ad4       0x9b ./User/ch32v00x_it.o
                                        0x828 (size before relaxing)
 .debug_str     0x0000000000001b6f      0x7a9 ./User/drv8311.o
                                       0x11aa (size before relaxing)
 .debug_str     0x0000000000002318      0x162 ./User/main.o
                                        0xec2 (size before relaxing)
 .debug_str     0x000000000000247a      0x11d ./User/system_ch32v00x.o
                                        0x799 (size before relaxing)
 .debug_str     0x0000000000002597       0x2a ./Startup/startup_ch32v00x.o
                                         0x85 (size before relaxing)
 .debug_str     0x00000000000025c1      0x3b6 ./Peripheral/src/ch32v00x_adc.o
                                        0xbdb (size before relaxing)
 .debug_str     0x0000000000002977      0x16a ./Peripheral/src/ch32v00x_gpio.o
                                        0x994 (size before relaxing)
 .debug_str     0x0000000000002ae1       0xfe ./Peripheral/src/ch32v00x_misc.o
                                        0x95c (size before relaxing)
 .debug_str     0x0000000000002bdf      0x2b6 ./Peripheral/src/ch32v00x_rcc.o
                                        0xa02 (size before relaxing)
 .debug_str     0x0000000000002e95      0x19b ./Peripheral/src/ch32v00x_spi.o
                                        0x98a (size before relaxing)
 .debug_str     0x0000000000003030      0x9f7 ./Peripheral/src/ch32v00x_tim.o
                                       0x12bc (size before relaxing)
 .debug_str     0x0000000000003a27      0x409 ./Peripheral/src/ch32v00x_usart.o
                                        0xb51 (size before relaxing)
 .debug_str     0x0000000000003e30       0x95 ./Debug/debug.o
                                        0x952 (size before relaxing)

.comment        0x0000000000000000       0x33
 .comment       0x0000000000000000       0x33 ./User/OLED.o
                                         0x34 (size before relaxing)
 .comment       0x0000000000000033       0x34 ./User/OLED_Fonts.o
 .comment       0x0000000000000033       0x34 ./User/OLED_driver.o
 .comment       0x0000000000000033       0x34 ./User/bldc_control.o
 .comment       0x0000000000000033       0x34 ./User/bldc_hal.o
 .comment       0x0000000000000033       0x34 ./User/ch32v00x_it.o
 .comment       0x0000000000000033       0x34 ./User/drv8311.o
 .comment       0x0000000000000033       0x34 ./User/main.o
 .comment       0x0000000000000033       0x34 ./User/system_ch32v00x.o
 .comment       0x0000000000000033       0x34 ./Peripheral/src/ch32v00x_adc.o
 .comment       0x0000000000000033       0x34 ./Peripheral/src/ch32v00x_gpio.o
 .comment       0x0000000000000033       0x34 ./Peripheral/src/ch32v00x_misc.o
 .comment       0x0000000000000033       0x34 ./Peripheral/src/ch32v00x_rcc.o
 .comment       0x0000000000000033       0x34 ./Peripheral/src/ch32v00x_spi.o
 .comment       0x0000000000000033       0x34 ./Peripheral/src/ch32v00x_tim.o
 .comment       0x0000000000000033       0x34 ./Peripheral/src/ch32v00x_usart.o
 .comment       0x0000000000000033       0x34 ./Debug/debug.o
 .comment       0x0000000000000033       0x34 c:/mounriver/mounriver_studio2/resources/app/resources/win32/components/wch/toolchain/risc-v embedded gcc/bin/../lib/gcc/riscv-none-embed/8.2.0/../../../../riscv-none-embed/lib/rv32ecxw/ilp32e\libprintf.a(wchprintf.o)

.debug_frame    0x0000000000000000     0x1a94
 .debug_frame   0x0000000000000000      0x1d4 ./User/OLED.o
 .debug_frame   0x00000000000001d4      0x14c ./User/OLED_driver.o
 .debug_frame   0x0000000000000320      0x164 ./User/bldc_control.o
 .debug_frame   0x0000000000000484      0x298 ./User/bldc_hal.o
 .debug_frame   0x000000000000071c       0x5c ./User/ch32v00x_it.o
 .debug_frame   0x0000000000000778      0x244 ./User/drv8311.o
 .debug_frame   0x00000000000009bc       0x2c ./User/main.o
 .debug_frame   0x00000000000009e8       0x58 ./User/system_ch32v00x.o
 .debug_frame   0x0000000000000a40      0x26c ./Peripheral/src/ch32v00x_adc.o
 .debug_frame   0x0000000000000cac      0x154 ./Peripheral/src/ch32v00x_gpio.o
 .debug_frame   0x0000000000000e00       0x30 ./Peripheral/src/ch32v00x_misc.o
 .debug_frame   0x0000000000000e30      0x1dc ./Peripheral/src/ch32v00x_rcc.o
 .debug_frame   0x000000000000100c      0x15c ./Peripheral/src/ch32v00x_spi.o
 .debug_frame   0x0000000000001168      0x624 ./Peripheral/src/ch32v00x_tim.o
 .debug_frame   0x000000000000178c      0x204 ./Peripheral/src/ch32v00x_usart.o
 .debug_frame   0x0000000000001990       0xe4 ./Debug/debug.o
 .debug_frame   0x0000000000001a74       0x20 c:/mounriver/mounriver_studio2/resources/app/resources/win32/components/wch/toolchain/risc-v embedded gcc/bin/../lib/gcc/riscv-none-embed/8.2.0/../../../../riscv-none-embed/lib/rv32ecxw/ilp32e\libg_nano.a(lib_a-strcpy.o)
