Archive member included to satisfy reference by file (symbol)

c:/users/administrator/appdata/local/arduino15/packages/wch/tools/riscv-none-embed-gcc/8.2.0/bin/../lib/gcc/riscv-none-embed/8.2.0/../../../../riscv-none-embed/lib/rv32ecxw/ilp32e\libprintf.a(wchprintf.o)
                              C:\Users\Administrator\AppData\Local\arduino\sketches\4E79C1A502649611F7AF0468A3165E48\sketch\ADC2PWM.ino.cpp.o (snprintf)
C:\Users\Administrator\AppData\Local\arduino\cores\d4a462e903d9ea40230ee2673404a79c\core.a(HardwareSerial.cpp.o)
                              (--whole-archive)
C:\Users\Administrator\AppData\Local\arduino\cores\d4a462e903d9ea40230ee2673404a79c\core.a(HardwareTimer.cpp.o)
                              (--whole-archive)
C:\Users\Administrator\AppData\Local\arduino\cores\d4a462e903d9ea40230ee2673404a79c\core.a(IPAddress.cpp.o)
                              (--whole-archive)
C:\Users\Administrator\AppData\Local\arduino\cores\d4a462e903d9ea40230ee2673404a79c\core.a(Print.cpp.o)
                              (--whole-archive)
C:\Users\Administrator\AppData\Local\arduino\cores\d4a462e903d9ea40230ee2673404a79c\core.a(Stream.cpp.o)
                              (--whole-archive)
C:\Users\Administrator\AppData\Local\arduino\cores\d4a462e903d9ea40230ee2673404a79c\core.a(Tone.cpp.o)
                              (--whole-archive)
C:\Users\Administrator\AppData\Local\arduino\cores\d4a462e903d9ea40230ee2673404a79c\core.a(WInterrupts.cpp.o)
                              (--whole-archive)
C:\Users\Administrator\AppData\Local\arduino\cores\d4a462e903d9ea40230ee2673404a79c\core.a(WMath.cpp.o)
                              (--whole-archive)
C:\Users\Administrator\AppData\Local\arduino\cores\d4a462e903d9ea40230ee2673404a79c\core.a(WString.cpp.o)
                              (--whole-archive)
C:\Users\Administrator\AppData\Local\arduino\cores\d4a462e903d9ea40230ee2673404a79c\core.a(abi.cpp.o)
                              (--whole-archive)
C:\Users\Administrator\AppData\Local\arduino\cores\d4a462e903d9ea40230ee2673404a79c\core.a(dtostrf.c.o)
                              (--whole-archive)
C:\Users\Administrator\AppData\Local\arduino\cores\d4a462e903d9ea40230ee2673404a79c\core.a(board.c.o)
                              (--whole-archive)
C:\Users\Administrator\AppData\Local\arduino\cores\d4a462e903d9ea40230ee2673404a79c\core.a(PortNames.c.o)
                              (--whole-archive)
C:\Users\Administrator\AppData\Local\arduino\cores\d4a462e903d9ea40230ee2673404a79c\core.a(analog.cpp.o)
                              (--whole-archive)
C:\Users\Administrator\AppData\Local\arduino\cores\d4a462e903d9ea40230ee2673404a79c\core.a(ch32_def.c.o)
                              (--whole-archive)
C:\Users\Administrator\AppData\Local\arduino\cores\d4a462e903d9ea40230ee2673404a79c\core.a(clock.c.o)
                              (--whole-archive)
C:\Users\Administrator\AppData\Local\arduino\cores\d4a462e903d9ea40230ee2673404a79c\core.a(hw_config.c.o)
                              (--whole-archive)
C:\Users\Administrator\AppData\Local\arduino\cores\d4a462e903d9ea40230ee2673404a79c\core.a(interrupt.cpp.o)
                              (--whole-archive)
C:\Users\Administrator\AppData\Local\arduino\cores\d4a462e903d9ea40230ee2673404a79c\core.a(ch32yyxx_adc.c.o)
                              (--whole-archive)
C:\Users\Administrator\AppData\Local\arduino\cores\d4a462e903d9ea40230ee2673404a79c\core.a(ch32yyxx_bkp.c.o)
                              (--whole-archive)
C:\Users\Administrator\AppData\Local\arduino\cores\d4a462e903d9ea40230ee2673404a79c\core.a(ch32yyxx_can.c.o)
                              (--whole-archive)
C:\Users\Administrator\AppData\Local\arduino\cores\d4a462e903d9ea40230ee2673404a79c\core.a(ch32yyxx_crc.c.o)
                              (--whole-archive)
C:\Users\Administrator\AppData\Local\arduino\cores\d4a462e903d9ea40230ee2673404a79c\core.a(ch32yyxx_dac.c.o)
                              (--whole-archive)
C:\Users\Administrator\AppData\Local\arduino\cores\d4a462e903d9ea40230ee2673404a79c\core.a(ch32yyxx_dbgmcu.c.o)
                              (--whole-archive)
C:\Users\Administrator\AppData\Local\arduino\cores\d4a462e903d9ea40230ee2673404a79c\core.a(ch32yyxx_debug.c.o)
                              (--whole-archive)
C:\Users\Administrator\AppData\Local\arduino\cores\d4a462e903d9ea40230ee2673404a79c\core.a(ch32yyxx_dma.c.o)
                              (--whole-archive)
C:\Users\Administrator\AppData\Local\arduino\cores\d4a462e903d9ea40230ee2673404a79c\core.a(ch32yyxx_dvp.c.o)
                              (--whole-archive)
C:\Users\Administrator\AppData\Local\arduino\cores\d4a462e903d9ea40230ee2673404a79c\core.a(ch32yyxx_eth.c.o)
                              (--whole-archive)
C:\Users\Administrator\AppData\Local\arduino\cores\d4a462e903d9ea40230ee2673404a79c\core.a(ch32yyxx_exti.c.o)
                              (--whole-archive)
[...]
Memory Configuration

Name             Origin             Length             Attributes
FLASH            0x0000000000000000 0x0000000000004000 xr
RAM              0x0000000020000000 0x0000000000000800 xrw
*default*        0x0000000000000000 0xffffffffffffffff

Linker script and memory map

                0x0000000000004000                __FLASH_SIZE = 0x4000
                0x0000000000000800                __RAM_SIZE = 0x800
START GROUP
LOAD C:\Users\Administrator\AppData\Local\arduino\sketches\4E79C1A502649611F7AF0468A3165E48\sketch\ADC2PWM.ino.cpp.o
LOAD C:\Users\Administrator\AppData\Local\arduino\sketches\4E79C1A502649611F7AF0468A3165E48\sketch\CH32V003_SERVO.c.o
LOAD C:\Users\Administrator\AppData\Local\arduino\sketches\4E79C1A502649611F7AF0468A3165E48\sketch\OLED.c.o
LOAD C:\Users\Administrator\AppData\Local\arduino\sketches\4E79C1A502649611F7AF0468A3165E48\sketch\OLED_Fonts.c.o
LOAD C:\Users\Administrator\AppData\Local\arduino\sketches\4E79C1A502649611F7AF0468A3165E48\sketch\OLED_driver.c.o
LOAD C:\Users\Administrator\AppData\Local\arduino\sketches\4E79C1A502649611F7AF0468A3165E48\core\PeripheralPins.c.o
LOAD C:\Users\Administrator\AppData\Local\arduino\sketches\4E79C1A502649611F7AF0468A3165E48\core\variant_CH32V003F4.cpp.o
LOAD c:/users/administrator/appdata/local/arduino15/packages/wch/tools/riscv-none-embed-gcc/8.2.0/bin/../lib/gcc/riscv-none-embed/8.2.0/../../../../riscv-none-embed/lib/rv32ecxw/ilp32e\libprintf.a
LOAD C:\Users\Administrator\AppData\Local\arduino\cores\d4a462e903d9ea40230ee2673404a79c\core.a
END GROUP
LOAD c:/users/administrator/appdata/local/arduino15/packages/wch/tools/riscv-none-embed-gcc/8.2.0/bin/../lib/gcc/riscv-none-embed/8.2.0/../../../../riscv-none-embed/lib/rv32ecxw/ilp32e\libstdc++_nano.a
LOAD c:/users/administrator/appdata/local/arduino15/packages/wch/tools/riscv-none-embed-gcc/8.2.0/bin/../lib/gcc/riscv-none-embed/8.2.0/../../../../riscv-none-embed/lib/rv32ecxw/ilp32e\libm.a
LOAD c:/users/administrator/appdata/local/arduino15/packages/wch/tools/riscv-none-embed-gcc/8.2.0/bin/../lib/gcc/riscv-none-embed/8.2.0/../../../../riscv-none-embed/lib/rv32ecxw/ilp32e\libc_nano.a
LOAD c:/users/administrator/appdata/local/arduino15/packages/wch/tools/riscv-none-embed-gcc/8.2.0/bin/../lib/gcc/riscv-none-embed/8.2.0/rv32ecxw/ilp32e\libgcc.a
LOAD c:/users/administrator/appdata/local/arduino15/packages/wch/tools/riscv-none-embed-gcc/8.2.0/bin/../lib/gcc/riscv-none-embed/8.2.0/../../../../riscv-none-embed/lib/rv32ecxw/ilp32e\libc_nano.a
LOAD c:/users/administrator/appdata/local/arduino15/packages/wch/tools/riscv-none-embed-gcc/8.2.0/bin/../lib/gcc/riscv-none-embed/8.2.0/rv32ecxw/ilp32e\libgcc.a
START GROUP
LOAD c:/users/administrator/appdata/local/arduino15/packages/wch/tools/riscv-none-embed-gcc/8.2.0/bin/../lib/gcc/riscv-none-embed/8.2.0/rv32ecxw/ilp32e\libgcc.a
LOAD c:/users/administrator/appdata/local/arduino15/packages/wch/tools/riscv-none-embed-gcc/8.2.0/bin/../lib/gcc/riscv-none-embed/8.2.0/../../../../riscv-none-embed/lib/rv32ecxw/ilp32e\libc_nano.a
LOAD c:/users/administrator/appdata/local/arduino15/packages/wch/tools/riscv-none-embed-gcc/8.2.0/bin/../lib/gcc/riscv-none-embed/8.2.0/../../../../riscv-none-embed/lib/rv32ecxw/ilp32e\libnosys.a
END GROUP
START GROUP
LOAD c:/users/administrator/appdata/local/arduino15/packages/wch/tools/riscv-none-embed-gcc/8.2.0/bin/../lib/gcc/riscv-none-embed/8.2.0/rv32ecxw/ilp32e\libgcc.a
LOAD c:/users/administrator/appdata/local/arduino15/packages/wch/tools/riscv-none-embed-gcc/8.2.0/bin/../lib/gcc/riscv-none-embed/8.2.0/../../../../riscv-none-embed/lib/rv32ecxw/ilp32e\libc_nano.a
LOAD c:/users/administrator/appdata/local/arduino15/packages/wch/tools/riscv-none-embed-gcc/8.2.0/bin/../lib/gcc/riscv-none-embed/8.2.0/../../../../riscv-none-embed/lib/rv32ecxw/ilp32e\libnosys.a
END GROUP
                0x00000000000001c0                __stack_size = 0x1c0
                [!provide]                        PROVIDE (_stack_size = __stack_size)

.init           0x0000000000000000       0xa0
                0x0000000000000000                _sinit = .
                0x0000000000000000                . = ALIGN (0x4)
 *(SORT_NONE(.init))
 .init          0x0000000000000000       0x9e C:\Users\Administrator\AppData\Local\arduino\cores\d4a462e903d9ea40230ee2673404a79c\core.a(startup_ch32yyxx.S.o)
                0x0000000000000000                _start
                0x00000000000000a0                . = ALIGN (0x4)
 *fill*         0x000000000000009e        0x2 
                0x00000000000000a0                _einit = .

.text           0x00000000000000a0     0x3a70
                0x00000000000000a0                . = ALIGN (0x4)
 *(.text)
 .text          0x00000000000000a0       0xa8 c:/users/administrator/appdata/local/arduino15/packages/wch/tools/riscv-none-embed-gcc/8.2.0/bin/../lib/gcc/riscv-none-embed/8.2.0/../../../../riscv-none-embed/lib/rv32ecxw/ilp32e\libc_nano.a(lib_a-memset.o)
                0x00000000000000a0                memset
 .text          0x0000000000000148       0x14 c:/users/administrator/appdata/local/arduino15/packages/wch/tools/riscv-none-embed-gcc/8.2.0/bin/../lib/gcc/riscv-none-embed/8.2.0/rv32ecxw/ilp32e\libgcc.a(save-restore.o)
                0x0000000000000148                __riscv_save_1
                0x0000000000000148                __riscv_save_2
                0x0000000000000148                __riscv_save_0
                0x0000000000000152                __riscv_restore_0
                0x0000000000000152                __riscv_restore_1
                0x0000000000000152                __riscv_restore_2
 .text          0x000000000000015c       0x16 c:/users/administrator/appdata/local/arduino15/packages/wch/tools/riscv-none-embed-gcc/8.2.0/bin/../lib/gcc/riscv-none-embed/8.2.0/rv32ecxw/ilp32e\libgcc.a(muldi3.o)
                0x000000000000015c                __mulsi3
 *fill*         0x0000000000000172        0x2 
 .text          0x0000000000000174       0x7e c:/users/administrator/appdata/local/arduino15/packages/wch/tools/riscv-none-embed-gcc/8.2.0/bin/../lib/gcc/riscv-none-embed/8.2.0/rv32ecxw/ilp32e\libgcc.a(div.o)
                0x0000000000000174                __divsi3
                0x000000000000017c                __udivsi3
                0x00000000000001a8                __umodsi3
                0x00000000000001cc                __modsi3
 *(.text.*)
 .text._ZL16copyErrorMessagePKc
                0x00000000000001f2       0x1a C:\Users\Administrator\AppData\Local\arduino\sketches\4E79C1A502649611F7AF0468A3165E48\sketch\ADC2PWM.ino.cpp.o
 .text.setup    0x000000000000020c      0x136 C:\Users\Administrator\AppData\Local\arduino\sketches\4E79C1A502649611F7AF0468A3165E48\sketch\ADC2PWM.ino.cpp.o
                0x000000000000020c                setup
 .text.loop     0x0000000000000342      0x248 C:\Users\Administrator\AppData\Local\arduino\sketches\4E79C1A502649611F7AF0468A3165E48\sketch\ADC2PWM.ino.cpp.o
                0x0000000000000342                loop
 .text.startup._GLOBAL__sub_I_setup
                0x000000000000058a        0x8 C:\Users\Administrator\AppData\Local\arduino\sketches\4E79C1A502649611F7AF0468A3165E48\sketch\ADC2PWM.ino.cpp.o
 .text.CH32V003_SERVO_Init
                0x0000000000000592       0xbc C:\Users\Administrator\AppData\Local\arduino\sketches\4E79C1A502649611F7AF0468A3165E48\sketch\CH32V003_SERVO.c.o
                0x0000000000000592                CH32V003_SERVO_Init
 .text.CH32V003_SERVO_WriteCH4
                0x000000000000064e       0x36 C:\Users\Administrator\AppData\Local\arduino\sketches\4E79C1A502649611F7AF0468A3165E48\sketch\CH32V003_SERVO.c.o
                0x000000000000064e                CH32V003_SERVO_WriteCH4
 .text.OLED_Clear
                0x0000000000000684       0x16 C:\Users\Administrator\AppData\Local\arduino\sketches\4E79C1A502649611F7AF0468A3165E48\sketch\OLED.c.o
                0x0000000000000684                OLED_Clear
 .text.OLED_ClearArea
                0x000000000000069a       0xd0 C:\Users\Administrator\AppData\Local\arduino\sketches\4E79C1A502649611F7AF0468A3165E48\sketch\OLED.c.o
                0x000000000000069a                OLED_ClearArea
 .text.OLED_ShowImageArea
                0x000000000000076a      0x1b0 C:\Users\Administrator\AppData\Local\arduino\sketches\4E79C1A502649611F7AF0468A3165E48\sketch\OLED.c.o
                0x000000000000076a                OLED_ShowImageArea
 .text.OLED_ShowCharArea
                0x000000000000091a       0x88 C:\Users\Administrator\AppData\Local\arduino\sketches\4E79C1A502649611F7AF0468A3165E48\sketch\OLED.c.o
                0x000000000000091a                OLED_ShowCharArea
 .text.OLED_ShowMixStringArea
                0x00000000000009a2       0x7e C:\Users\Administrator\AppData\Local\arduino\sketches\4E79C1A502649611F7AF0468A3165E48\sketch\OLED.c.o
                0x00000000000009a2                OLED_ShowMixStringArea
 .text.OLED_I2C_Start
                0x0000000000000a20       0x30 C:\Users\Administrator\AppData\Local\arduino\sketches\4E79C1A502649611F7AF0468A3165E48\sketch\OLED_driver.c.o
 .text.OLED_WriteByte
                0x0000000000000a50       0x5c C:\Users\Administrator\AppData\Local\arduino\sketches\4E79C1A502649611F7AF0468A3165E48\sketch\OLED_driver.c.o
 .text.OLED_I2C_Stop
                0x0000000000000aac       0x26 C:\Users\Administrator\AppData\Local\arduino\sketches\4E79C1A502649611F7AF0468A3165E48\sketch\OLED_driver.c.o
 .text.OLED_Write_CMD
                0x0000000000000ad2       0x1c C:\Users\Administrator\AppData\Local\arduino\sketches\4E79C1A502649611F7AF0468A3165E48\sketch\OLED_driver.c.o
 .text.OLED_WriteDataArr
                0x0000000000000aee       0x48 C:\Users\Administrator\AppData\Local\arduino\sketches\4E79C1A502649611F7AF0468A3165E48\sketch\OLED_driver.c.o
 .text.OLED_Update
                0x0000000000000b36       0x34 C:\Users\Administrator\AppData\Local\arduino\sketches\4E79C1A502649611F7AF0468A3165E48\sketch\OLED_driver.c.o
                0x0000000000000b36                OLED_Update
 .text.OLED_Init
                0x0000000000000b6a       0xce C:\Users\Administrator\AppData\Local\arduino\sketches\4E79C1A502649611F7AF0468A3165E48\sketch\OLED_driver.c.o
                0x0000000000000b6a                OLED_Init
 .text.OLED_SetBrightness
                0x0000000000000c38       0x2e C:\Users\Administrator\AppData\Local\arduino\sketches\4E79C1A502649611F7AF0468A3165E48\sketch\OLED_driver.c.o
                0x0000000000000c38                OLED_SetBrightness
 .text.printchar
                0x0000000000000c66       0x4a c:/users/administrator/appdata/local/arduino15/packages/wch/tools/riscv-none-embed-gcc/8.2.0/bin/../lib/gcc/riscv-none-embed/8.2.0/../../../../riscv-none-embed/lib/rv32ecxw/ilp32e\libprintf.a(wchprintf.o)
                0x0000000000000c66                printchar
 .text.prints   0x0000000000000cb0       0xe6 c:/users/administrator/appdata/local/arduino15/packages/wch/tools/riscv-none-embed-gcc/8.2.0/bin/../lib/gcc/riscv-none-embed/8.2.0/../../../../riscv-none-embed/lib/rv32ecxw/ilp32e\libprintf.a(wchprintf.o)
                0x0000000000000cb0                prints
 .text.printInt
                0x0000000000000d96      0x10e c:/users/administrator/appdata/local/arduino15/packages/wch/tools/riscv-none-embed-gcc/8.2.0/bin/../lib/gcc/riscv-none-embed/8.2.0/../../../../riscv-none-embed/lib/rv32ecxw/ilp32e\libprintf.a(wchprintf.o)
                0x0000000000000d96                printInt
 .text.printLongLongInt
                0x0000000000000ea4        0x4 c:/users/administrator/appdata/local/arduino15/packages/wch/tools/riscv-none-embed-gcc/8.2.0/bin/../lib/gcc/riscv-none-embed/8.2.0/../../../../riscv-none-embed/lib/rv32ecxw/ilp32e\libprintf.a(wchprintf.o)
                0x0000000000000ea4                printLongLongInt
 .text.printDouble
                0x0000000000000ea8        0x4 c:/users/administrator/appdata/local/arduino15/packages/wch/tools/riscv-none-embed-gcc/8.2.0/bin/../lib/gcc/riscv-none-embed/8.2.0/../../../../riscv-none-embed/lib/rv32ecxw/ilp32e\libprintf.a(wchprintf.o)
                0x0000000000000ea8                printDouble
 .text.print    0x0000000000000eac      0x352 c:/users/administrator/appdata/local/arduino15/packages/wch/tools/riscv-none-embed-gcc/8.2.0/bin/../lib/gcc/riscv-none-embed/8.2.0/../../../../riscv-none-embed/lib/rv32ecxw/ilp32e\libprintf.a(wchprintf.o)
                0x0000000000000eac                print
 .text.snprintf
                0x00000000000011fe       0x28 c:/users/administrator/appdata/local/arduino15/packages/wch/tools/riscv-none-embed-gcc/8.2.0/bin/../lib/gcc/riscv-none-embed/8.2.0/../../../../riscv-none-embed/lib/rv32ecxw/ilp32e\libprintf.a(wchprintf.o)
                0x00000000000011fe                snprintf
 .text._ZN5Print17availableForWriteEv
                0x0000000000001226        0x4 C:\Users\Administrator\AppData\Local\arduino\cores\d4a462e903d9ea40230ee2673404a79c\core.a(HardwareSerial.cpp.o)
                0x0000000000001226                Print::availableForWrite()
 .text._ZN5Print5flushEv
                0x000000000000122a        0x2 C:\Users\Administrator\AppData\Local\arduino\cores\d4a462e903d9ea40230ee2673404a79c\core.a(HardwareSerial.cpp.o)
                0x000000000000122a                Print::flush()
 .text._ZN14HardwareSerial9availableEv
                0x000000000000122c        0x4 C:\Users\Administrator\AppData\Local\arduino\cores\d4a462e903d9ea40230ee2673404a79c\core.a(HardwareSerial.cpp.o)
                0x000000000000122c                HardwareSerial::available()
                0x000000000000122c                HardwareSerial::peek()
 .text._ZN14HardwareSerial5writeEh
                0x0000000000001230       0x1a C:\Users\Administrator\AppData\Local\arduino\cores\d4a462e903d9ea40230ee2673404a79c\core.a(HardwareSerial.cpp.o)
                0x0000000000001230                HardwareSerial::write(unsigned char)
 .text._ZN14HardwareSerial4readEv
                0x000000000000124a       0x1e C:\Users\Administrator\AppData\Local\arduino\cores\d4a462e903d9ea40230ee2673404a79c\core.a(HardwareSerial.cpp.o)
                0x000000000000124a                HardwareSerial::read()
 .text._ZN14HardwareSerial5writeEPKhj
                0x0000000000001268       0x10 C:\Users\Administrator\AppData\Local\arduino\cores\d4a462e903d9ea40230ee2673404a79c\core.a(HardwareSerial.cpp.o)
                0x0000000000001268                HardwareSerial::write(unsigned char const*, unsigned int)
 .text._ZN14HardwareSerial5setRxEm
                0x0000000000001278       0x58 C:\Users\Administrator\AppData\Local\arduino\cores\d4a462e903d9ea40230ee2673404a79c\core.a(HardwareSerial.cpp.o)
                0x0000000000001278                HardwareSerial::setRx(unsigned long)
 .text._ZN14HardwareSerial5setTxEm
                0x00000000000012d0       0x58 C:\Users\Administrator\AppData\Local\arduino\cores\d4a462e903d9ea40230ee2673404a79c\core.a(HardwareSerial.cpp.o)
                0x00000000000012d0                HardwareSerial::setTx(unsigned long)
 .text._ZN14HardwareSerialC2EPv
                0x0000000000001328       0x3e C:\Users\Administrator\AppData\Local\arduino\cores\d4a462e903d9ea40230ee2673404a79c\core.a(HardwareSerial.cpp.o)
                0x0000000000001328                HardwareSerial::HardwareSerial(void*)
                0x0000000000001328                HardwareSerial::HardwareSerial(void*)
 .text.startup._GLOBAL__sub_I__ZN14HardwareSerialC2EPv
                0x0000000000001366       0x16 C:\Users\Administrator\AppData\Local\arduino\cores\d4a462e903d9ea40230ee2673404a79c\core.a(HardwareSerial.cpp.o)
 .text._ZNSt8functionIFvvEEaSEDn.isra.3
                0x000000000000137c       0x1e C:\Users\Administrator\AppData\Local\arduino\cores\d4a462e903d9ea40230ee2673404a79c\core.a(HardwareTimer.cpp.o)
 .text._ZNSt14_Function_baseD2Ev
                0x000000000000139a       0x14 C:\Users\Administrator\AppData\Local\arduino\cores\d4a462e903d9ea40230ee2673404a79c\core.a(HardwareTimer.cpp.o)
                0x000000000000139a                std::_Function_base::~_Function_base()
                0x000000000000139a                std::_Function_base::~_Function_base()
 .text._Z15get_timer_indexP11TIM_TypeDef
                0x00000000000013ae       0x22 C:\Users\Administrator\AppData\Local\arduino\cores\d4a462e903d9ea40230ee2673404a79c\core.a(HardwareTimer.cpp.o)
                0x00000000000013ae                get_timer_index(TIM_TypeDef*)
 .text._ZN13HardwareTimerD2Ev
                0x00000000000013d0       0x3c C:\Users\Administrator\AppData\Local\arduino\cores\d4a462e903d9ea40230ee2673404a79c\core.a(HardwareTimer.cpp.o)
                0x00000000000013d0                HardwareTimer::~HardwareTimer()
                0x00000000000013d0                HardwareTimer::~HardwareTimer()
 .text._ZN13HardwareTimer5setupEP11TIM_TypeDef
                0x000000000000140c       0xa4 C:\Users\Administrator\AppData\Local\arduino\cores\d4a462e903d9ea40230ee2673404a79c\core.a(HardwareTimer.cpp.o)
                0x000000000000140c                HardwareTimer::setup(TIM_TypeDef*)
 .text._ZN13HardwareTimerC2EP11TIM_TypeDef
                0x00000000000014b0       0x3c C:\Users\Administrator\AppData\Local\arduino\cores\d4a462e903d9ea40230ee2673404a79c\core.a(HardwareTimer.cpp.o)
                0x00000000000014b0                HardwareTimer::HardwareTimer(TIM_TypeDef*)
                0x00000000000014b0                HardwareTimer::HardwareTimer(TIM_TypeDef*)
 .text._ZNKSt8functionIFvvEEclEv
                0x00000000000014ec       0x14 C:\Users\Administrator\AppData\Local\arduino\cores\d4a462e903d9ea40230ee2673404a79c\core.a(HardwareTimer.cpp.o)
                0x00000000000014ec                std::function<void ()>::operator()() const
 .text._ZN13HardwareTimer14updateCallbackEP17TIM_HandleTypeDef
                0x0000000000001500       0x3a C:\Users\Administrator\AppData\Local\arduino\cores\d4a462e903d9ea40230ee2673404a79c\core.a(HardwareTimer.cpp.o)
                0x0000000000001500                HardwareTimer::updateCallback(TIM_HandleTypeDef*)
 .text.TIM1_UP_IRQHandler
                0x000000000000153a        0xe C:\Users\Administrator\AppData\Local\arduino\cores\d4a462e903d9ea40230ee2673404a79c\core.a(HardwareTimer.cpp.o)
                0x000000000000153a                TIM1_UP_IRQHandler
 .text._ZN13HardwareTimer22captureCompareCallbackEP17TIM_HandleTypeDef
                0x0000000000001548       0x9c C:\Users\Administrator\AppData\Local\arduino\cores\d4a462e903d9ea40230ee2673404a79c\core.a(HardwareTimer.cpp.o)
                0x0000000000001548                HardwareTimer::captureCompareCallback(TIM_HandleTypeDef*)
 .text.TIM1_CC_IRQHandler
                0x00000000000015e4        0xe C:\Users\Administrator\AppData\Local\arduino\cores\d4a462e903d9ea40230ee2673404a79c\core.a(HardwareTimer.cpp.o)
                0x00000000000015e4                TIM1_CC_IRQHandler
 .text.TIM2_IRQHandler
                0x00000000000015f2       0x1e C:\Users\Administrator\AppData\Local\arduino\cores\d4a462e903d9ea40230ee2673404a79c\core.a(HardwareTimer.cpp.o)
                0x00000000000015f2                TIM2_IRQHandler
 .text._write   0x0000000000001610       0x2e C:\Users\Administrator\AppData\Local\arduino\cores\d4a462e903d9ea40230ee2673404a79c\core.a(Print.cpp.o)
                0x0000000000001610                _write
 .text._ZN6Stream9timedReadEv
                0x000000000000163e       0x2c C:\Users\Administrator\AppData\Local\arduino\cores\d4a462e903d9ea40230ee2673404a79c\core.a(Stream.cpp.o)
                0x000000000000163e                Stream::timedRead()
 .text._ZN6Stream9readBytesEPcj
                0x000000000000166a       0x30 C:\Users\Administrator\AppData\Local\arduino\cores\d4a462e903d9ea40230ee2673404a79c\core.a(Stream.cpp.o)
                0x000000000000166a                Stream::readBytes(char*, unsigned int)
 .text._ZN6Stream14readBytesUntilEcPcj
                0x000000000000169a       0x3c C:\Users\Administrator\AppData\Local\arduino\cores\d4a462e903d9ea40230ee2673404a79c\core.a(Stream.cpp.o)
                0x000000000000169a                Stream::readBytesUntil(char, char*, unsigned int)
 .text._Z3maplllll
                0x00000000000016d6       0x2a C:\Users\Administrator\AppData\Local\arduino\cores\d4a462e903d9ea40230ee2673404a79c\core.a(WMath.cpp.o)
                0x00000000000016d6                map(long, long, long, long, long)
 .text.pre_init
                0x0000000000001700        0xa C:\Users\Administrator\AppData\Local\arduino\cores\d4a462e903d9ea40230ee2673404a79c\core.a(board.c.o)
                0x0000000000001700                pre_init
 .text.set_GPIO_Port_Clock
                0x000000000000170a       0x46 C:\Users\Administrator\AppData\Local\arduino\cores\d4a462e903d9ea40230ee2673404a79c\core.a(PortNames.c.o)
                0x000000000000170a                set_GPIO_Port_Clock
 .text.get_adc_channel
                0x0000000000001750       0x2a C:\Users\Administrator\AppData\Local\arduino\cores\d4a462e903d9ea40230ee2673404a79c\core.a(analog.cpp.o)
                0x0000000000001750                get_adc_channel
 .text.ADC_Clock_EN
                0x000000000000177a       0x32 C:\Users\Administrator\AppData\Local\arduino\cores\d4a462e903d9ea40230ee2673404a79c\core.a(analog.cpp.o)
                0x000000000000177a                ADC_Clock_EN
 .text.ADC_Stop
                0x00000000000017ac        0xc C:\Users\Administrator\AppData\Local\arduino\cores\d4a462e903d9ea40230ee2673404a79c\core.a(analog.cpp.o)
                0x00000000000017ac                ADC_Stop
 .text.adc_read_value
                0x00000000000017b8       0xb2 C:\Users\Administrator\AppData\Local\arduino\cores\d4a462e903d9ea40230ee2673404a79c\core.a(analog.cpp.o)
                0x00000000000017b8                adc_read_value
 .text.pwm_stop
                0x000000000000186a       0x72 C:\Users\Administrator\AppData\Local\arduino\cores\d4a462e903d9ea40230ee2673404a79c\core.a(analog.cpp.o)
                0x000000000000186a                pwm_stop
 .text.GetTick  0x00000000000018dc        0xa C:\Users\Administrator\AppData\Local\arduino\cores\d4a462e903d9ea40230ee2673404a79c\core.a(clock.c.o)
                0x00000000000018dc                GetTick
 .text.noOsSystickHandler
                0x00000000000018e6        0x2 C:\Users\Administrator\AppData\Local\arduino\cores\d4a462e903d9ea40230ee2673404a79c\core.a(clock.c.o)
                0x00000000000018e6                osSystickHandler
                0x00000000000018e6                noOsSystickHandler
 .text.getCurrentMillis
                0x00000000000018e8        0xa C:\Users\Administrator\AppData\Local\arduino\cores\d4a462e903d9ea40230ee2673404a79c\core.a(clock.c.o)
                0x00000000000018e8                getCurrentMillis
 .text.SysTick_Handler
                0x00000000000018f2       0x2a C:\Users\Administrator\AppData\Local\arduino\cores\d4a462e903d9ea40230ee2673404a79c\core.a(clock.c.o)
                0x00000000000018f2                SysTick_Handler
 .text.systick_init
                0x000000000000191c       0x3c C:\Users\Administrator\AppData\Local\arduino\cores\d4a462e903d9ea40230ee2673404a79c\core.a(hw_config.c.o)
                0x000000000000191c                systick_init
 .text.hw_config_init
                0x0000000000001958        0xa C:\Users\Administrator\AppData\Local\arduino\cores\d4a462e903d9ea40230ee2673404a79c\core.a(hw_config.c.o)
                0x0000000000001958                hw_config_init
 .text._Z19_gpio_exti_callbackt
                0x0000000000001962       0x2e C:\Users\Administrator\AppData\Local\arduino\cores\d4a462e903d9ea40230ee2673404a79c\core.a(interrupt.cpp.o)
                0x0000000000001962                _gpio_exti_callback(unsigned short)
 .text.EXTI7_0_IRQHandler
                0x0000000000001990       0x2c C:\Users\Administrator\AppData\Local\arduino\cores\d4a462e903d9ea40230ee2673404a79c\core.a(interrupt.cpp.o)
                0x0000000000001990                EXTI7_0_IRQHandler
 .text.ADC_DeInit
                0x00000000000019bc       0x26 C:\Users\Administrator\AppData\Local\arduino\cores\d4a462e903d9ea40230ee2673404a79c\core.a(ch32yyxx_adc.c.o)
                0x00000000000019bc                ADC_DeInit
 .text.ADC_Init
                0x00000000000019e2       0x4e C:\Users\Administrator\AppData\Local\arduino\cores\d4a462e903d9ea40230ee2673404a79c\core.a(ch32yyxx_adc.c.o)
                0x00000000000019e2                ADC_Init
 .text.ADC_Cmd  0x0000000000001a30       0x10 C:\Users\Administrator\AppData\Local\arduino\cores\d4a462e903d9ea40230ee2673404a79c\core.a(ch32yyxx_adc.c.o)
                0x0000000000001a30                ADC_Cmd
 .text.ADC_SoftwareStartConvCmd
                0x0000000000001a40       0x18 C:\Users\Administrator\AppData\Local\arduino\cores\d4a462e903d9ea40230ee2673404a79c\core.a(ch32yyxx_adc.c.o)
                0x0000000000001a40                ADC_SoftwareStartConvCmd
 .text.ADC_RegularChannelConfig
                0x0000000000001a58       0xba C:\Users\Administrator\AppData\Local\arduino\cores\d4a462e903d9ea40230ee2673404a79c\core.a(ch32yyxx_adc.c.o)
                0x0000000000001a58                ADC_RegularChannelConfig
 .text.ADC_GetFlagStatus
                0x0000000000001b12        0xa C:\Users\Administrator\AppData\Local\arduino\cores\d4a462e903d9ea40230ee2673404a79c\core.a(ch32yyxx_adc.c.o)
                0x0000000000001b12                ADC_GetFlagStatus
 .text._sbrk    0x0000000000001b1c       0x22 C:\Users\Administrator\AppData\Local\arduino\cores\d4a462e903d9ea40230ee2673404a79c\core.a(ch32yyxx_debug.c.o)
                0x0000000000001b1c                _sbrk
 .text._fini    0x0000000000001b3e        0x2 C:\Users\Administrator\AppData\Local\arduino\cores\d4a462e903d9ea40230ee2673404a79c\core.a(ch32yyxx_debug.c.o)
                0x0000000000001b3e                _fini
 .text._init    0x0000000000001b40        0x2 C:\Users\Administrator\AppData\Local\arduino\cores\d4a462e903d9ea40230ee2673404a79c\core.a(ch32yyxx_debug.c.o)
                0x0000000000001b40                _init
 .text.EXTI_GetITStatus
                0x0000000000001b42       0x1e C:\Users\Administrator\AppData\Local\arduino\cores\d4a462e903d9ea40230ee2673404a79c\core.a(ch32yyxx_exti.c.o)
                0x0000000000001b42                EXTI_GetITStatus
 .text.EXTI_ClearITPendingBit
                0x0000000000001b60        0xa C:\Users\Administrator\AppData\Local\arduino\cores\d4a462e903d9ea40230ee2673404a79c\core.a(ch32yyxx_exti.c.o)
                0x0000000000001b60                EXTI_ClearITPendingBit
 .text.GPIO_Init
                0x0000000000001b6a       0xd6 C:\Users\Administrator\AppData\Local\arduino\cores\d4a462e903d9ea40230ee2673404a79c\core.a(ch32yyxx_gpio.c.o)
                0x0000000000001b6a                GPIO_Init
 .text.GPIO_SetBits
                0x0000000000001c40        0x4 C:\Users\Administrator\AppData\Local\arduino\cores\d4a462e903d9ea40230ee2673404a79c\core.a(ch32yyxx_gpio.c.o)
                0x0000000000001c40                GPIO_SetBits
 .text.GPIO_ResetBits
                0x0000000000001c44        0x4 C:\Users\Administrator\AppData\Local\arduino\cores\d4a462e903d9ea40230ee2673404a79c\core.a(ch32yyxx_gpio.c.o)
                0x0000000000001c44                GPIO_ResetBits
 .text.GPIO_PinRemapConfig
                0x0000000000001c48       0xc4 C:\Users\Administrator\AppData\Local\arduino\cores\d4a462e903d9ea40230ee2673404a79c\core.a(ch32yyxx_gpio.c.o)
                0x0000000000001c48                GPIO_PinRemapConfig
 .text.NMI_Handler
                0x0000000000001d0c        0x4 C:\Users\Administrator\AppData\Local\arduino\cores\d4a462e903d9ea40230ee2673404a79c\core.a(ch32yyxx_it.c.o)
                0x0000000000001d0c                NMI_Handler
 .text.HardFault_Handler
                0x0000000000001d10        0x2 C:\Users\Administrator\AppData\Local\arduino\cores\d4a462e903d9ea40230ee2673404a79c\core.a(ch32yyxx_it.c.o)
                0x0000000000001d10                HardFault_Handler
 .text.RCC_ADCCLKConfig
                0x0000000000001d12       0x14 C:\Users\Administrator\AppData\Local\arduino\cores\d4a462e903d9ea40230ee2673404a79c\core.a(ch32yyxx_rcc.c.o)
                0x0000000000001d12                RCC_ADCCLKConfig
 .text.RCC_GetClocksFreq
                0x0000000000001d26       0x9c C:\Users\Administrator\AppData\Local\arduino\cores\d4a462e903d9ea40230ee2673404a79c\core.a(ch32yyxx_rcc.c.o)
                0x0000000000001d26                RCC_GetClocksFreq
 .text.RCC_APB2PeriphClockCmd
                0x0000000000001dc2       0x1e C:\Users\Administrator\AppData\Local\arduino\cores\d4a462e903d9ea40230ee2673404a79c\core.a(ch32yyxx_rcc.c.o)
                0x0000000000001dc2                RCC_APB2PeriphClockCmd
 .text.RCC_APB1PeriphClockCmd
                0x0000000000001de0       0x1e C:\Users\Administrator\AppData\Local\arduino\cores\d4a462e903d9ea40230ee2673404a79c\core.a(ch32yyxx_rcc.c.o)
                0x0000000000001de0                RCC_APB1PeriphClockCmd
 .text.RCC_APB2PeriphResetCmd
                0x0000000000001dfe       0x1e C:\Users\Administrator\AppData\Local\arduino\cores\d4a462e903d9ea40230ee2673404a79c\core.a(ch32yyxx_rcc.c.o)
                0x0000000000001dfe                RCC_APB2PeriphResetCmd
 .text.TIM_TimeBaseInit
                0x0000000000001e1c       0x4e C:\Users\Administrator\AppData\Local\arduino\cores\d4a462e903d9ea40230ee2673404a79c\core.a(ch32yyxx_tim.c.o)
                0x0000000000001e1c                TIM_TimeBaseInit
 .text.TIM_OC4Init
                0x0000000000001e6a       0x6e C:\Users\Administrator\AppData\Local\arduino\cores\d4a462e903d9ea40230ee2673404a79c\core.a(ch32yyxx_tim.c.o)
                0x0000000000001e6a                TIM_OC4Init
 .text.TIM_Cmd  0x0000000000001ed8       0x18 C:\Users\Administrator\AppData\Local\arduino\cores\d4a462e903d9ea40230ee2673404a79c\core.a(ch32yyxx_tim.c.o)
                0x0000000000001ed8                TIM_Cmd
 .text.TIM_CtrlPWMOutputs
                0x0000000000001ef0       0x16 C:\Users\Administrator\AppData\Local\arduino\cores\d4a462e903d9ea40230ee2673404a79c\core.a(ch32yyxx_tim.c.o)
                0x0000000000001ef0                TIM_CtrlPWMOutputs
 .text.TIM_GenerateEvent
                0x0000000000001f06        0x4 C:\Users\Administrator\AppData\Local\arduino\cores\d4a462e903d9ea40230ee2673404a79c\core.a(ch32yyxx_tim.c.o)
                0x0000000000001f06                TIM_GenerateEvent
 .text.TIM_ARRPreloadConfig
                0x0000000000001f0a       0x1a C:\Users\Administrator\AppData\Local\arduino\cores\d4a462e903d9ea40230ee2673404a79c\core.a(ch32yyxx_tim.c.o)
                0x0000000000001f0a                TIM_ARRPreloadConfig
 .text.TIM_OC4PreloadConfig
                0x0000000000001f24       0x16 C:\Users\Administrator\AppData\Local\arduino\cores\d4a462e903d9ea40230ee2673404a79c\core.a(ch32yyxx_tim.c.o)
                0x0000000000001f24                TIM_OC4PreloadConfig
 .text.TIM_SetCompare4
                0x0000000000001f3a        0x4 C:\Users\Administrator\AppData\Local\arduino\cores\d4a462e903d9ea40230ee2673404a79c\core.a(ch32yyxx_tim.c.o)
                0x0000000000001f3a                TIM_SetCompare4
 .text.TIM_GetITStatus
                0x0000000000001f3e       0x18 C:\Users\Administrator\AppData\Local\arduino\cores\d4a462e903d9ea40230ee2673404a79c\core.a(ch32yyxx_tim.c.o)
                0x0000000000001f3e                TIM_GetITStatus
 .text.TIM_ClearITPendingBit
                0x0000000000001f56        0xc C:\Users\Administrator\AppData\Local\arduino\cores\d4a462e903d9ea40230ee2673404a79c\core.a(ch32yyxx_tim.c.o)
                0x0000000000001f56                TIM_ClearITPendingBit
 .text.USART_Init
                0x0000000000001f62       0xce C:\Users\Administrator\AppData\Local\arduino\cores\d4a462e903d9ea40230ee2673404a79c\core.a(ch32yyxx_usart.c.o)
                0x0000000000001f62                USART_Init
 .text.USART_Cmd
                0x0000000000002030       0x16 C:\Users\Administrator\AppData\Local\arduino\cores\d4a462e903d9ea40230ee2673404a79c\core.a(ch32yyxx_usart.c.o)
                0x0000000000002030                USART_Cmd
 .text.USART_SendData
                0x0000000000002046        0x8 C:\Users\Administrator\AppData\Local\arduino\cores\d4a462e903d9ea40230ee2673404a79c\core.a(ch32yyxx_usart.c.o)
                0x0000000000002046                USART_SendData
 .text.USART_ReceiveData
                0x000000000000204e        0x8 C:\Users\Administrator\AppData\Local\arduino\cores\d4a462e903d9ea40230ee2673404a79c\core.a(ch32yyxx_usart.c.o)
                0x000000000000204e                USART_ReceiveData
 .text.USART_HalfDuplexCmd
                0x0000000000002056       0x18 C:\Users\Administrator\AppData\Local\arduino\cores\d4a462e903d9ea40230ee2673404a79c\core.a(ch32yyxx_usart.c.o)
                0x0000000000002056                USART_HalfDuplexCmd
 .text.USART_GetFlagStatus
                0x000000000000206e        0xa C:\Users\Administrator\AppData\Local\arduino\cores\d4a462e903d9ea40230ee2673404a79c\core.a(ch32yyxx_usart.c.o)
                0x000000000000206e                USART_GetFlagStatus
 .text.SystemInit
                0x0000000000002078       0x90 C:\Users\Administrator\AppData\Local\arduino\cores\d4a462e903d9ea40230ee2673404a79c\core.a(system_ch32yyxx.c.o)
                0x0000000000002078                SystemInit
 .text.SystemCoreClockUpdate
                0x0000000000002108       0x68 C:\Users\Administrator\AppData\Local\arduino\cores\d4a462e903d9ea40230ee2673404a79c\core.a(system_ch32yyxx.c.o)
                0x0000000000002108                SystemCoreClockUpdate
 .text.pin_in_pinmap
                0x0000000000002170       0x1e C:\Users\Administrator\AppData\Local\arduino\cores\d4a462e903d9ea40230ee2673404a79c\core.a(pinmap.c.o)
                0x0000000000002170                pin_in_pinmap
 .text.pin_function
                0x000000000000218e      0x198 C:\Users\Administrator\AppData\Local\arduino\cores\d4a462e903d9ea40230ee2673404a79c\core.a(pinmap.c.o)
                0x000000000000218e                pin_function
 .text.pinmap_pinout
                0x0000000000002326       0x26 C:\Users\Administrator\AppData\Local\arduino\cores\d4a462e903d9ea40230ee2673404a79c\core.a(pinmap.c.o)
                0x0000000000002326                pinmap_pinout
 .text.pinmap_find_peripheral
                0x000000000000234c       0x18 C:\Users\Administrator\AppData\Local\arduino\cores\d4a462e903d9ea40230ee2673404a79c\core.a(pinmap.c.o)
                0x000000000000234c                pinmap_find_peripheral
 .text.pinmap_peripheral
                0x0000000000002364       0x14 C:\Users\Administrator\AppData\Local\arduino\cores\d4a462e903d9ea40230ee2673404a79c\core.a(pinmap.c.o)
                0x0000000000002364                pinmap_peripheral
 .text.pinmap_find_function
                0x0000000000002378       0x18 C:\Users\Administrator\AppData\Local\arduino\cores\d4a462e903d9ea40230ee2673404a79c\core.a(pinmap.c.o)
                0x0000000000002378                pinmap_find_function
 .text.pinmap_function
                0x0000000000002390       0x14 C:\Users\Administrator\AppData\Local\arduino\cores\d4a462e903d9ea40230ee2673404a79c\core.a(pinmap.c.o)
                0x0000000000002390                pinmap_function
 .text.pinmap_merge_peripheral
                0x00000000000023a4       0x12 C:\Users\Administrator\AppData\Local\arduino\cores\d4a462e903d9ea40230ee2673404a79c\core.a(pinmap.c.o)
                0x00000000000023a4                pinmap_merge_peripheral
 .text.vector_handler
                0x00000000000023b6       0x36 C:\Users\Administrator\AppData\Local\arduino\cores\d4a462e903d9ea40230ee2673404a79c\core.a(startup_ch32yyxx.S.o)
                0x00000000000023bc                SW_Handler
                0x00000000000023be                WWDG_IRQHandler
                0x00000000000023c0                PVD_IRQHandler
                0x00000000000023c2                FLASH_IRQHandler
                0x00000000000023c4                RCC_IRQHandler
                0x00000000000023c8                AWU_IRQHandler
                0x00000000000023ca                DMA1_Channel1_IRQHandler
                0x00000000000023cc                DMA1_Channel2_IRQHandler
                0x00000000000023ce                DMA1_Channel3_IRQHandler
                0x00000000000023d0                DMA1_Channel4_IRQHandler
                0x00000000000023d2                DMA1_Channel5_IRQHandler
                0x00000000000023d4                DMA1_Channel6_IRQHandler
                0x00000000000023d6                DMA1_Channel7_IRQHandler
                0x00000000000023d8                ADC1_IRQHandler
                0x00000000000023da                I2C1_EV_IRQHandler
                0x00000000000023dc                I2C1_ER_IRQHandler
                0x00000000000023de                USART1_IRQHandler
                0x00000000000023e0                SPI1_IRQHandler
                0x00000000000023e2                TIM1_BRK_IRQHandler
                0x00000000000023e6                TIM1_TRG_COM_IRQHandler
 .text.handle_reset
                0x00000000000023ec       0x8c C:\Users\Administrator\AppData\Local\arduino\cores\d4a462e903d9ea40230ee2673404a79c\core.a(startup_ch32yyxx.S.o)
                0x00000000000023ec                handle_reset
 .text.get_timer_obj
                0x0000000000002478        0x4 C:\Users\Administrator\AppData\Local\arduino\cores\d4a462e903d9ea40230ee2673404a79c\core.a(timer.c.o)
                0x0000000000002478                get_timer_obj
 .text.enableTimerClock
                0x000000000000247c       0x36 C:\Users\Administrator\AppData\Local\arduino\cores\d4a462e903d9ea40230ee2673404a79c\core.a(timer.c.o)
                0x000000000000247c                enableTimerClock
 .text.disableTimerClock
                0x00000000000024b2       0x36 C:\Users\Administrator\AppData\Local\arduino\cores\d4a462e903d9ea40230ee2673404a79c\core.a(timer.c.o)
                0x00000000000024b2                disableTimerClock
 .text.uart_init.part.0
                0x00000000000024e8      0x152 C:\Users\Administrator\AppData\Local\arduino\cores\d4a462e903d9ea40230ee2673404a79c\core.a(uart.c.o)
 .text.uart_debug_init
                0x000000000000263a       0x46 C:\Users\Administrator\AppData\Local\arduino\cores\d4a462e903d9ea40230ee2673404a79c\core.a(uart.c.o)
                0x000000000000263a                uart_debug_init
 .text.serial_rx_active
                0x0000000000002680       0x26 C:\Users\Administrator\AppData\Local\arduino\cores\d4a462e903d9ea40230ee2673404a79c\core.a(uart.c.o)
                0x0000000000002680                serial_rx_active
 .text.serial_tx_active
                0x00000000000026a6       0x26 C:\Users\Administrator\AppData\Local\arduino\cores\d4a462e903d9ea40230ee2673404a79c\core.a(uart.c.o)
                0x00000000000026a6                serial_tx_active
 .text.uart_debug_write
                0x00000000000026cc      0x10a C:\Users\Administrator\AppData\Local\arduino\cores\d4a462e903d9ea40230ee2673404a79c\core.a(uart.c.o)
                0x00000000000026cc                uart_debug_write
 .text.uart_getc
                0x00000000000027d6       0x36 C:\Users\Administrator\AppData\Local\arduino\cores\d4a462e903d9ea40230ee2673404a79c\core.a(uart.c.o)
                0x00000000000027d6                uart_getc
 .text.__empty  0x000000000000280c        0x2 C:\Users\Administrator\AppData\Local\arduino\cores\d4a462e903d9ea40230ee2673404a79c\core.a(hooks.c.o)
                0x000000000000280c                yield
 .text.startup.main
                0x000000000000280e       0x12 C:\Users\Administrator\AppData\Local\arduino\cores\d4a462e903d9ea40230ee2673404a79c\core.a(main.cpp.o)
                0x000000000000280e                main
 .text.analogInputToPinName
                0x0000000000002820      0x152 C:\Users\Administrator\AppData\Local\arduino\cores\d4a462e903d9ea40230ee2673404a79c\core.a(pins_arduino.cpp.o)
                0x0000000000002820                analogInputToPinName
 .text.mapResolution
                0x0000000000002972       0x30 C:\Users\Administrator\AppData\Local\arduino\cores\d4a462e903d9ea40230ee2673404a79c\core.a(wiring_analog.c.o)
 .text.analogRead
                0x00000000000029a2       0x2a C:\Users\Administrator\AppData\Local\arduino\cores\d4a462e903d9ea40230ee2673404a79c\core.a(wiring_analog.c.o)
                0x00000000000029a2                analogRead
 .text.pinMode  0x00000000000029cc       0xf2 C:\Users\Administrator\AppData\Local\arduino\cores\d4a462e903d9ea40230ee2673404a79c\core.a(wiring_digital.c.o)
                0x00000000000029cc                pinMode
 .text.millis   0x0000000000002abe        0xc C:\Users\Administrator\AppData\Local\arduino\cores\d4a462e903d9ea40230ee2673404a79c\core.a(wiring_time.c.o)
                0x0000000000002abe                millis
 .text.delay    0x0000000000002aca       0x22 C:\Users\Administrator\AppData\Local\arduino\cores\d4a462e903d9ea40230ee2673404a79c\core.a(wiring_time.c.o)
                0x0000000000002aca                delay
 .text._Znwj    0x0000000000002aec       0x24 c:/users/administrator/appdata/local/arduino15/packages/wch/tools/riscv-none-embed-gcc/8.2.0/bin/../lib/gcc/riscv-none-embed/8.2.0/../../../../riscv-none-embed/lib/rv32ecxw/ilp32e\libstdc++_nano.a(new_op.o)
                0x0000000000002aec                operator new(unsigned int)
 .text._ZdlPvj  0x0000000000002b10        0x2 c:/users/administrator/appdata/local/arduino15/packages/wch/tools/riscv-none-embed-gcc/8.2.0/bin/../lib/gcc/riscv-none-embed/8.2.0/../../../../riscv-none-embed/lib/rv32ecxw/ilp32e\libstdc++_nano.a(del_ops.o)
                0x0000000000002b10                operator delete(void*, unsigned int)
 .text._ZSt15get_new_handlerv
                0x0000000000002b12        0x8 c:/users/administrator/appdata/local/arduino15/packages/wch/tools/riscv-none-embed-gcc/8.2.0/bin/../lib/gcc/riscv-none-embed/8.2.0/../../../../riscv-none-embed/lib/rv32ecxw/ilp32e\libstdc++_nano.a(new_handler.o)
                0x0000000000002b12                std::get_new_handler()
 .text.unlikely._ZSt25__throw_bad_function_callv
                0x0000000000002b1a        0x6 c:/users/administrator/appdata/local/arduino15/packages/wch/tools/riscv-none-embed-gcc/8.2.0/bin/../lib/gcc/riscv-none-embed/8.2.0/../../../../riscv-none-embed/lib/rv32ecxw/ilp32e\libstdc++_nano.a(functional.o)
                0x0000000000002b1a                std::__throw_bad_function_call()
 .text._ZdlPv   0x0000000000002b20        0x2 c:/users/administrator/appdata/local/arduino15/packages/wch/tools/riscv-none-embed-gcc/8.2.0/bin/../lib/gcc/riscv-none-embed/8.2.0/../../../../riscv-none-embed/lib/rv32ecxw/ilp32e\libstdc++_nano.a(del_op.o)
                0x0000000000002b20                operator delete(void*)
 .text.abort    0x0000000000002b22        0xe c:/users/administrator/appdata/local/arduino15/packages/wch/tools/riscv-none-embed-gcc/8.2.0/bin/../lib/gcc/riscv-none-embed/8.2.0/../../../../riscv-none-embed/lib/rv32ecxw/ilp32e\libc_nano.a(lib_a-abort.o)
                0x0000000000002b22                abort
 .text.atexit   0x0000000000002b30        0xa c:/users/administrator/appdata/local/arduino15/packages/wch/tools/riscv-none-embed-gcc/8.2.0/bin/../lib/gcc/riscv-none-embed/8.2.0/../../../../riscv-none-embed/lib/rv32ecxw/ilp32e\libc_nano.a(lib_a-atexit.o)
                0x0000000000002b30                atexit
 .text.__libc_fini_array
                0x0000000000002b3a       0x3a c:/users/administrator/appdata/local/arduino15/packages/wch/tools/riscv-none-embed-gcc/8.2.0/bin/../lib/gcc/riscv-none-embed/8.2.0/../../../../riscv-none-embed/lib/rv32ecxw/ilp32e\libc_nano.a(lib_a-fini.o)
                0x0000000000002b3a                __libc_fini_array
 .text.__libc_init_array
                0x0000000000002b74       0x76 c:/users/administrator/appdata/local/arduino15/packages/wch/tools/riscv-none-embed-gcc/8.2.0/bin/../lib/gcc/riscv-none-embed/8.2.0/../../../../riscv-none-embed/lib/rv32ecxw/ilp32e\libc_nano.a(lib_a-init.o)
                0x0000000000002b74                __libc_init_array
 .text.malloc   0x0000000000002bea        0xa c:/users/administrator/appdata/local/arduino15/packages/wch/tools/riscv-none-embed-gcc/8.2.0/bin/../lib/gcc/riscv-none-embed/8.2.0/../../../../riscv-none-embed/lib/rv32ecxw/ilp32e\libc_nano.a(lib_a-malloc.o)
                0x0000000000002bea                malloc
 .text.free     0x0000000000002bf4        0xa c:/users/administrator/appdata/local/arduino15/packages/wch/tools/riscv-none-embed-gcc/8.2.0/bin/../lib/gcc/riscv-none-embed/8.2.0/../../../../riscv-none-embed/lib/rv32ecxw/ilp32e\libc_nano.a(lib_a-malloc.o)
                0x0000000000002bf4                free
 .text._free_r  0x0000000000002bfe       0xa4 c:/users/administrator/appdata/local/arduino15/packages/wch/tools/riscv-none-embed-gcc/8.2.0/bin/../lib/gcc/riscv-none-embed/8.2.0/../../../../riscv-none-embed/lib/rv32ecxw/ilp32e\libc_nano.a(lib_a-nano-freer.o)
                0x0000000000002bfe                _free_r
 .text._malloc_r
                0x0000000000002ca2       0xd4 c:/users/administrator/appdata/local/arduino15/packages/wch/tools/riscv-none-embed-gcc/8.2.0/bin/../lib/gcc/riscv-none-embed/8.2.0/../../../../riscv-none-embed/lib/rv32ecxw/ilp32e\libc_nano.a(lib_a-nano-mallocr.o)
                0x0000000000002ca2                _malloc_r
 .text._sbrk_r  0x0000000000002d76       0x2a c:/users/administrator/appdata/local/arduino15/packages/wch/tools/riscv-none-embed-gcc/8.2.0/bin/../lib/gcc/riscv-none-embed/8.2.0/../../../../riscv-none-embed/lib/rv32ecxw/ilp32e\libc_nano.a(lib_a-sbrkr.o)
                0x0000000000002d76                _sbrk_r
 .text._raise_r
                0x0000000000002da0       0x62 c:/users/administrator/appdata/local/arduino15/packages/wch/tools/riscv-none-embed-gcc/8.2.0/bin/../lib/gcc/riscv-none-embed/8.2.0/../../../../riscv-none-embed/lib/rv32ecxw/ilp32e\libc_nano.a(lib_a-signal.o)
                0x0000000000002da0                _raise_r
 .text.raise    0x0000000000002e02        0xc c:/users/administrator/appdata/local/arduino15/packages/wch/tools/riscv-none-embed-gcc/8.2.0/bin/../lib/gcc/riscv-none-embed/8.2.0/../../../../riscv-none-embed/lib/rv32ecxw/ilp32e\libc_nano.a(lib_a-signal.o)
                0x0000000000002e02                raise
 .text._kill_r  0x0000000000002e0e       0x2a c:/users/administrator/appdata/local/arduino15/packages/wch/tools/riscv-none-embed-gcc/8.2.0/bin/../lib/gcc/riscv-none-embed/8.2.0/../../../../riscv-none-embed/lib/rv32ecxw/ilp32e\libc_nano.a(lib_a-signalr.o)
                0x0000000000002e0e                _kill_r
 .text._getpid_r
                0x0000000000002e38        0x2 c:/users/administrator/appdata/local/arduino15/packages/wch/tools/riscv-none-embed-gcc/8.2.0/bin/../lib/gcc/riscv-none-embed/8.2.0/../../../../riscv-none-embed/lib/rv32ecxw/ilp32e\libc_nano.a(lib_a-signalr.o)
                0x0000000000002e38                _getpid_r
 .text.strncpy  0x0000000000002e3a       0x24 c:/users/administrator/appdata/local/arduino15/packages/wch/tools/riscv-none-embed-gcc/8.2.0/bin/../lib/gcc/riscv-none-embed/8.2.0/../../../../riscv-none-embed/lib/rv32ecxw/ilp32e\libc_nano.a(lib_a-strncpy.o)
                0x0000000000002e3a                strncpy
 .text.__register_exitproc
                0x0000000000002e5e       0x7a c:/users/administrator/appdata/local/arduino15/packages/wch/tools/riscv-none-embed-gcc/8.2.0/bin/../lib/gcc/riscv-none-embed/8.2.0/../../../../riscv-none-embed/lib/rv32ecxw/ilp32e\libc_nano.a(lib_a-__atexit.o)
                0x0000000000002e5e                __register_exitproc
 .text.startup.register_fini
                0x0000000000002ed8       0x18 c:/users/administrator/appdata/local/arduino15/packages/wch/tools/riscv-none-embed-gcc/8.2.0/bin/../lib/gcc/riscv-none-embed/8.2.0/../../../../riscv-none-embed/lib/rv32ecxw/ilp32e\libc_nano.a(lib_a-__call_atexit.o)
 .text.__malloc_lock
                0x0000000000002ef0        0x2 c:/users/administrator/appdata/local/arduino15/packages/wch/tools/riscv-none-embed-gcc/8.2.0/bin/../lib/gcc/riscv-none-embed/8.2.0/../../../../riscv-none-embed/lib/rv32ecxw/ilp32e\libc_nano.a(lib_a-mlock.o)
                0x0000000000002ef0                __malloc_lock
 .text.__malloc_unlock
                0x0000000000002ef2        0x2 c:/users/administrator/appdata/local/arduino15/packages/wch/tools/riscv-none-embed-gcc/8.2.0/bin/../lib/gcc/riscv-none-embed/8.2.0/../../../../riscv-none-embed/lib/rv32ecxw/ilp32e\libc_nano.a(lib_a-mlock.o)
                0x0000000000002ef2                __malloc_unlock
 .text.__udivdi3
                0x0000000000002ef4      0x4f2 c:/users/administrator/appdata/local/arduino15/packages/wch/tools/riscv-none-embed-gcc/8.2.0/bin/../lib/gcc/riscv-none-embed/8.2.0/rv32ecxw/ilp32e\libgcc.a(_udivdi3.o)
                0x0000000000002ef4                __udivdi3
 .text.__muldi3
                0x00000000000033e6       0x6a c:/users/administrator/appdata/local/arduino15/packages/wch/tools/riscv-none-embed-gcc/8.2.0/bin/../lib/gcc/riscv-none-embed/8.2.0/rv32ecxw/ilp32e\libgcc.a(multi3.o)
                0x00000000000033e6                __muldi3
 .text._getpid  0x0000000000003450        0xc c:/users/administrator/appdata/local/arduino15/packages/wch/tools/riscv-none-embed-gcc/8.2.0/bin/../lib/gcc/riscv-none-embed/8.2.0/../../../../riscv-none-embed/lib/rv32ecxw/ilp32e\libnosys.a(getpid.o)
                0x0000000000003450                _getpid
 .text._kill    0x000000000000345c        0xc c:/users/administrator/appdata/local/arduino15/packages/wch/tools/riscv-none-embed-gcc/8.2.0/bin/../lib/gcc/riscv-none-embed/8.2.0/../../../../riscv-none-embed/lib/rv32ecxw/ilp32e\libnosys.a(kill.o)
                0x000000000000345c                _kill
 .text._exit    0x0000000000003468        0x2 c:/users/administrator/appdata/local/arduino15/packages/wch/tools/riscv-none-embed-gcc/8.2.0/bin/../lib/gcc/riscv-none-embed/8.2.0/../../../../riscv-none-embed/lib/rv32ecxw/ilp32e\libnosys.a(_exit.o)
                0x0000000000003468                _exit
 *(.rodata)
 *(.rodata*)
 *fill*         0x000000000000346a        0x2 
 .rodata.loop.str1.4
                0x000000000000346c       0x33 C:\Users\Administrator\AppData\Local\arduino\sketches\4E79C1A502649611F7AF0468A3165E48\sketch\ADC2PWM.ino.cpp.o
 *fill*         0x000000000000349f        0x1 
 .rodata.setup.str1.4
                0x00000000000034a0       0x29 C:\Users\Administrator\AppData\Local\arduino\sketches\4E79C1A502649611F7AF0468A3165E48\sketch\ADC2PWM.ino.cpp.o
 *fill*         0x00000000000034c9        0x3 
 .rodata.OLED_F6x8
                0x00000000000034cc      0x23a C:\Users\Administrator\AppData\Local\arduino\sketches\4E79C1A502649611F7AF0468A3165E48\sketch\OLED_Fonts.c.o
                0x00000000000034cc                OLED_F6x8
 *fill*         0x0000000000003706        0x2 
 .rodata.PinMap_ADC
                0x0000000000003708       0x6c C:\Users\Administrator\AppData\Local\arduino\sketches\4E79C1A502649611F7AF0468A3165E48\core\PeripheralPins.c.o
                0x0000000000003708                PinMap_ADC
 .rodata.PinMap_TIM
                0x0000000000003774       0x90 C:\Users\Administrator\AppData\Local\arduino\sketches\4E79C1A502649611F7AF0468A3165E48\core\PeripheralPins.c.o
                0x0000000000003774                PinMap_TIM
 .rodata.PinMap_UART_CTS
                0x0000000000003804       0x18 C:\Users\Administrator\AppData\Local\arduino\sketches\4E79C1A502649611F7AF0468A3165E48\core\PeripheralPins.c.o
                0x0000000000003804                PinMap_UART_CTS
 .rodata.PinMap_UART_RTS
                0x000000000000381c       0x18 C:\Users\Administrator\AppData\Local\arduino\sketches\4E79C1A502649611F7AF0468A3165E48\core\PeripheralPins.c.o
                0x000000000000381c                PinMap_UART_RTS
 .rodata.PinMap_UART_RX
                0x0000000000003834       0x18 C:\Users\Administrator\AppData\Local\arduino\sketches\4E79C1A502649611F7AF0468A3165E48\core\PeripheralPins.c.o
                0x0000000000003834                PinMap_UART_RX
 .rodata.PinMap_UART_TX
                0x000000000000384c       0x18 C:\Users\Administrator\AppData\Local\arduino\sketches\4E79C1A502649611F7AF0468A3165E48\core\PeripheralPins.c.o
                0x000000000000384c                PinMap_UART_TX
 .rodata.analogInputPin
                0x0000000000003864       0x20 C:\Users\Administrator\AppData\Local\arduino\sketches\4E79C1A502649611F7AF0468A3165E48\core\variant_CH32V003F4.cpp.o
                0x0000000000003864                analogInputPin
 .rodata.digitalPin
                0x0000000000003884       0x48 C:\Users\Administrator\AppData\Local\arduino\sketches\4E79C1A502649611F7AF0468A3165E48\core\variant_CH32V003F4.cpp.o
                0x0000000000003884                digitalPin
 .rodata.print.str1.4
                0x00000000000038cc        0x8 c:/users/administrator/appdata/local/arduino15/packages/wch/tools/riscv-none-embed-gcc/8.2.0/bin/../lib/gcc/riscv-none-embed/8.2.0/../../../../riscv-none-embed/lib/rv32ecxw/ilp32e\libprintf.a(wchprintf.o)
                                          0x7 (size before relaxing)
 .rodata._ZTV14HardwareSerial
                0x00000000000038d4       0x2c C:\Users\Administrator\AppData\Local\arduino\cores\d4a462e903d9ea40230ee2673404a79c\core.a(HardwareSerial.cpp.o)
                0x00000000000038d4                vtable for HardwareSerial
 .rodata.CSWTCH.6
                0x0000000000003900        0xa C:\Users\Administrator\AppData\Local\arduino\cores\d4a462e903d9ea40230ee2673404a79c\core.a(analog.cpp.o)
 *fill*         0x000000000000390a        0x2 
 .rodata.pin_function
                0x000000000000390c       0x6c C:\Users\Administrator\AppData\Local\arduino\cores\d4a462e903d9ea40230ee2673404a79c\core.a(pinmap.c.o)
 .rodata.pin_map
                0x0000000000003978       0x20 C:\Users\Administrator\AppData\Local\arduino\cores\d4a462e903d9ea40230ee2673404a79c\core.a(pinmap.c.o)
                0x0000000000003978                pin_map
 .rodata.pinMode
                0x0000000000003998       0x18 C:\Users\Administrator\AppData\Local\arduino\cores\d4a462e903d9ea40230ee2673404a79c\core.a(wiring_digital.c.o)
 .rodata.__sf_fake_stderr
                0x00000000000039b0       0x20 c:/users/administrator/appdata/local/arduino15/packages/wch/tools/riscv-none-embed-gcc/8.2.0/bin/../lib/gcc/riscv-none-embed/8.2.0/../../../../riscv-none-embed/lib/rv32ecxw/ilp32e\libc_nano.a(lib_a-findfp.o)
                0x00000000000039b0                __sf_fake_stderr
 .rodata.__sf_fake_stdin
                0x00000000000039d0       0x20 c:/users/administrator/appdata/local/arduino15/packages/wch/tools/riscv-none-embed-gcc/8.2.0/bin/../lib/gcc/riscv-none-embed/8.2.0/../../../../riscv-none-embed/lib/rv32ecxw/ilp32e\libc_nano.a(lib_a-findfp.o)
                0x00000000000039d0                __sf_fake_stdin
 .rodata.__sf_fake_stdout
                0x00000000000039f0       0x20 c:/users/administrator/appdata/local/arduino15/packages/wch/tools/riscv-none-embed-gcc/8.2.0/bin/../lib/gcc/riscv-none-embed/8.2.0/../../../../riscv-none-embed/lib/rv32ecxw/ilp32e\libc_nano.a(lib_a-findfp.o)
                0x00000000000039f0                __sf_fake_stdout
 .rodata.__clz_tab
                0x0000000000003a10      0x100 c:/users/administrator/appdata/local/arduino15/packages/wch/tools/riscv-none-embed-gcc/8.2.0/bin/../lib/gcc/riscv-none-embed/8.2.0/rv32ecxw/ilp32e\libgcc.a(_clz.o)
                0x0000000000003a10                __clz_tab
 *(.gnu.linkonce.t.*)
                0x0000000000003b10                . = ALIGN (0x4)

.rela.dyn       0x0000000000003b10        0x0
 .rela.text.printchar
                0x0000000000003b10        0x0 C:\Users\Administrator\AppData\Local\arduino\sketches\4E79C1A502649611F7AF0468A3165E48\sketch\ADC2PWM.ino.cpp.o
 .rela.text.prints
                0x0000000000003b10        0x0 C:\Users\Administrator\AppData\Local\arduino\sketches\4E79C1A502649611F7AF0468A3165E48\sketch\ADC2PWM.ino.cpp.o
 .rela.text.printInt
                0x0000000000003b10        0x0 C:\Users\Administrator\AppData\Local\arduino\sketches\4E79C1A502649611F7AF0468A3165E48\sketch\ADC2PWM.ino.cpp.o
 .rela.text.print
                0x0000000000003b10        0x0 C:\Users\Administrator\AppData\Local\arduino\sketches\4E79C1A502649611F7AF0468A3165E48\sketch\ADC2PWM.ino.cpp.o
 .rela.text.snprintf
                0x0000000000003b10        0x0 C:\Users\Administrator\AppData\Local\arduino\sketches\4E79C1A502649611F7AF0468A3165E48\sketch\ADC2PWM.ino.cpp.o
 .rela.text._ZN14HardwareSerialC2EPv
                0x0000000000003b10        0x0 C:\Users\Administrator\AppData\Local\arduino\sketches\4E79C1A502649611F7AF0468A3165E48\sketch\ADC2PWM.ino.cpp.o
 .rela.rodata._ZTV14HardwareSerial
                0x0000000000003b10        0x0 C:\Users\Administrator\AppData\Local\arduino\sketches\4E79C1A502649611F7AF0468A3165E48\sketch\ADC2PWM.ino.cpp.o
 .rela.text._ZN13HardwareTimerD2Ev
                0x0000000000003b10        0x0 C:\Users\Administrator\AppData\Local\arduino\sketches\4E79C1A502649611F7AF0468A3165E48\sketch\ADC2PWM.ino.cpp.o
 .rela.text._ZN13HardwareTimer14updateCallbackEP17TIM_HandleTypeDef
                0x0000000000003b10        0x0 C:\Users\Administrator\AppData\Local\arduino\sketches\4E79C1A502649611F7AF0468A3165E48\sketch\ADC2PWM.ino.cpp.o
 .rela.text._ZN13HardwareTimer22captureCompareCallbackEP17TIM_HandleTypeDef
                0x0000000000003b10        0x0 C:\Users\Administrator\AppData\Local\arduino\sketches\4E79C1A502649611F7AF0468A3165E48\sketch\ADC2PWM.ino.cpp.o
 .rela.text.get_adc_channel
                0x0000000000003b10        0x0 C:\Users\Administrator\AppData\Local\arduino\sketches\4E79C1A502649611F7AF0468A3165E48\sketch\ADC2PWM.ino.cpp.o
 .rela.text.ADC_Clock_EN
                0x0000000000003b10        0x0 C:\Users\Administrator\AppData\Local\arduino\sketches\4E79C1A502649611F7AF0468A3165E48\sketch\ADC2PWM.ino.cpp.o
 .rela.text.adc_read_value
                0x0000000000003b10        0x0 C:\Users\Administrator\AppData\Local\arduino\sketches\4E79C1A502649611F7AF0468A3165E48\sketch\ADC2PWM.ino.cpp.o
 .rela.text.pwm_stop
                0x0000000000003b10        0x0 C:\Users\Administrator\AppData\Local\arduino\sketches\4E79C1A502649611F7AF0468A3165E48\sketch\ADC2PWM.ino.cpp.o
 .rela.text.getCurrentMillis
                0x0000000000003b10        0x0 C:\Users\Administrator\AppData\Local\arduino\sketches\4E79C1A502649611F7AF0468A3165E48\sketch\ADC2PWM.ino.cpp.o
 .rela.text.SysTick_Handler
                0x0000000000003b10        0x0 C:\Users\Administrator\AppData\Local\arduino\sketches\4E79C1A502649611F7AF0468A3165E48\sketch\ADC2PWM.ino.cpp.o
 .rela.text._sbrk
                0x0000000000003b10        0x0 C:\Users\Administrator\AppData\Local\arduino\sketches\4E79C1A502649611F7AF0468A3165E48\sketch\ADC2PWM.ino.cpp.o
 .rela.sdata.curbrk.4047
                0x0000000000003b10        0x0 C:\Users\Administrator\AppData\Local\arduino\sketches\4E79C1A502649611F7AF0468A3165E48\sketch\ADC2PWM.ino.cpp.o
 .rela.init     0x0000000000003b10        0x0 C:\Users\Administrator\AppData\Local\arduino\sketches\4E79C1A502649611F7AF0468A3165E48\sketch\ADC2PWM.ino.cpp.o
 .rela.text.handle_reset
                0x0000000000003b10        0x0 C:\Users\Administrator\AppData\Local\arduino\sketches\4E79C1A502649611F7AF0468A3165E48\sketch\ADC2PWM.ino.cpp.o
 .rela.text.uart_init.part.0
                0x0000000000003b10        0x0 C:\Users\Administrator\AppData\Local\arduino\sketches\4E79C1A502649611F7AF0468A3165E48\sketch\ADC2PWM.ino.cpp.o
 .rela.text.uart_debug_init
                0x0000000000003b10        0x0 C:\Users\Administrator\AppData\Local\arduino\sketches\4E79C1A502649611F7AF0468A3165E48\sketch\ADC2PWM.ino.cpp.o
 .rela.text.uart_debug_write
                0x0000000000003b10        0x0 C:\Users\Administrator\AppData\Local\arduino\sketches\4E79C1A502649611F7AF0468A3165E48\sketch\ADC2PWM.ino.cpp.o
 .rela.text.startup.main
                0x0000000000003b10        0x0 C:\Users\Administrator\AppData\Local\arduino\sketches\4E79C1A502649611F7AF0468A3165E48\sketch\ADC2PWM.ino.cpp.o
 .rela.text.pinMode
                0x0000000000003b10        0x0 C:\Users\Administrator\AppData\Local\arduino\sketches\4E79C1A502649611F7AF0468A3165E48\sketch\ADC2PWM.ino.cpp.o
 .rela.text.delay
                0x0000000000003b10        0x0 C:\Users\Administrator\AppData\Local\arduino\sketches\4E79C1A502649611F7AF0468A3165E48\sketch\ADC2PWM.ino.cpp.o
 .rela.text.__libc_fini_array
                0x0000000000003b10        0x0 C:\Users\Administrator\AppData\Local\arduino\sketches\4E79C1A502649611F7AF0468A3165E48\sketch\ADC2PWM.ino.cpp.o
 .rela.text.__libc_init_array
                0x0000000000003b10        0x0 C:\Users\Administrator\AppData\Local\arduino\sketches\4E79C1A502649611F7AF0468A3165E48\sketch\ADC2PWM.ino.cpp.o
 .rela.text._sbrk_r
                0x0000000000003b10        0x0 C:\Users\Administrator\AppData\Local\arduino\sketches\4E79C1A502649611F7AF0468A3165E48\sketch\ADC2PWM.ino.cpp.o
 .rela.text._kill_r
                0x0000000000003b10        0x0 C:\Users\Administrator\AppData\Local\arduino\sketches\4E79C1A502649611F7AF0468A3165E48\sketch\ADC2PWM.ino.cpp.o
 .rela.text.__register_exitproc
                0x0000000000003b10        0x0 C:\Users\Administrator\AppData\Local\arduino\sketches\4E79C1A502649611F7AF0468A3165E48\sketch\ADC2PWM.ino.cpp.o
 .rela.text.startup.register_fini
                0x0000000000003b10        0x0 C:\Users\Administrator\AppData\Local\arduino\sketches\4E79C1A502649611F7AF0468A3165E48\sketch\ADC2PWM.ino.cpp.o
 .rela.text._getpid
                0x0000000000003b10        0x0 C:\Users\Administrator\AppData\Local\arduino\sketches\4E79C1A502649611F7AF0468A3165E48\sketch\ADC2PWM.ino.cpp.o
 .rela.text._kill
                0x0000000000003b10        0x0 C:\Users\Administrator\AppData\Local\arduino\sketches\4E79C1A502649611F7AF0468A3165E48\sketch\ADC2PWM.ino.cpp.o

.fini           0x0000000000003b10        0x0
 *(SORT_NONE(.fini))
                0x0000000000003b10                . = ALIGN (0x4)
                [!provide]                        PROVIDE (_etext = .)
                [!provide]                        PROVIDE (_eitcm = .)

.preinit_array  0x0000000000003b10        0x0
                0x0000000000003b10                PROVIDE (__preinit_array_start = .)
 *(.preinit_array)
                0x0000000000003b10                PROVIDE (__preinit_array_end = .)

.init_array     0x0000000000003b10        0xc
                0x0000000000003b10                PROVIDE (__init_array_start = .)
 *(SORT_BY_INIT_PRIORITY(.init_array.*) SORT_BY_INIT_PRIORITY(.ctors.*))
 .init_array.00000
                0x0000000000003b10        0x4 c:/users/administrator/appdata/local/arduino15/packages/wch/tools/riscv-none-embed-gcc/8.2.0/bin/../lib/gcc/riscv-none-embed/8.2.0/../../../../riscv-none-embed/lib/rv32ecxw/ilp32e\libc_nano.a(lib_a-__call_atexit.o)
 *(.init_array EXCLUDE_FILE(*crtend?.o *crtend.o *crtbegin?.o *crtbegin.o) .ctors)
 .init_array    0x0000000000003b14        0x4 C:\Users\Administrator\AppData\Local\arduino\sketches\4E79C1A502649611F7AF0468A3165E48\sketch\ADC2PWM.ino.cpp.o
 .init_array    0x0000000000003b18        0x4 C:\Users\Administrator\AppData\Local\arduino\cores\d4a462e903d9ea40230ee2673404a79c\core.a(HardwareSerial.cpp.o)
                0x0000000000003b1c                PROVIDE (__init_array_end = .)

.fini_array     0x0000000000003b1c        0x0
                0x0000000000003b1c                PROVIDE (__fini_array_start = .)
 *(SORT_BY_INIT_PRIORITY(.fini_array.*) SORT_BY_INIT_PRIORITY(.dtors.*))
 *(.fini_array EXCLUDE_FILE(*crtend?.o *crtend.o *crtbegin?.o *crtbegin.o) .dtors)
                0x0000000000003b1c                PROVIDE (__fini_array_end = .)

.ctors
 *crtbegin.o(.ctors)
 *crtbegin?.o(.ctors)
 *(EXCLUDE_FILE(*crtend?.o *crtend.o) .ctors)
 *(SORT_BY_NAME(.ctors.*))
 *(.ctors)

.dtors
 *crtbegin.o(.dtors)
 *crtbegin?.o(.dtors)
 *(EXCLUDE_FILE(*crtend?.o *crtend.o) .dtors)
 *(SORT_BY_NAME(.dtors.*))
 *(.dtors)

.dalign         0x0000000020000000        0x0 load address 0x0000000000003b1c
                0x0000000020000000                . = ALIGN (0x4)
                0x0000000020000000                PROVIDE (_data_vma = .)

.dlalign        0x0000000000003b1c        0x0
                0x0000000000003b1c                . = ALIGN (0x4)
                0x0000000000003b1c                PROVIDE (_data_lma = .)

.data           0x0000000020000000      0x128 load address 0x0000000000003b1c
                0x0000000020000000                . = ALIGN (0x4)
 *(.gnu.linkonce.r.*)
 *(.data .data.*)
 .data._ZL13gpio_irq_conf
                0x0000000020000000       0x40 C:\Users\Administrator\AppData\Local\arduino\cores\d4a462e903d9ea40230ee2673404a79c\core.a(interrupt.cpp.o)
 .data.ADCPrescTable
                0x0000000020000040       0x14 C:\Users\Administrator\AppData\Local\arduino\cores\d4a462e903d9ea40230ee2673404a79c\core.a(ch32yyxx_rcc.c.o)
 .data.APBAHBPrescTable
                0x0000000020000054       0x10 C:\Users\Administrator\AppData\Local\arduino\cores\d4a462e903d9ea40230ee2673404a79c\core.a(ch32yyxx_rcc.c.o)
 .data.AHBPrescTable
                0x0000000020000064       0x10 C:\Users\Administrator\AppData\Local\arduino\cores\d4a462e903d9ea40230ee2673404a79c\core.a(system_ch32yyxx.c.o)
                0x0000000020000064                AHBPrescTable
 .data.serial_debug
                0x0000000020000074       0x30 C:\Users\Administrator\AppData\Local\arduino\cores\d4a462e903d9ea40230ee2673404a79c\core.a(uart.c.o)
 .data.impure_data
                0x00000000200000a4       0x60 c:/users/administrator/appdata/local/arduino15/packages/wch/tools/riscv-none-embed-gcc/8.2.0/bin/../lib/gcc/riscv-none-embed/8.2.0/../../../../riscv-none-embed/lib/rv32ecxw/ilp32e\libc_nano.a(lib_a-impure.o)
 *(.gnu.linkonce.d.*)
                0x0000000020000108                . = ALIGN (0x8)
 *fill*         0x0000000020000104        0x4 
                0x0000000020000908                PROVIDE (__global_pointer$ = (. + 0x800))
 *(.sdata .sdata.*)
 .sdata._ZL9pwmOutput
                0x0000000020000108        0x2 C:\Users\Administrator\AppData\Local\arduino\sketches\4E79C1A502649611F7AF0468A3165E48\sketch\ADC2PWM.ino.cpp.o
 .sdata.OLED_ColorMode
                0x000000002000010a        0x1 C:\Users\Administrator\AppData\Local\arduino\sketches\4E79C1A502649611F7AF0468A3165E48\sketch\OLED_driver.c.o
                0x000000002000010a                OLED_ColorMode
 *fill*         0x000000002000010b        0x1 
 .sdata._ZL13g_current_pin
                0x000000002000010c        0x4 C:\Users\Administrator\AppData\Local\arduino\cores\d4a462e903d9ea40230ee2673404a79c\core.a(analog.cpp.o)
 .sdata.curbrk.4047
                0x0000000020000110        0x4 C:\Users\Administrator\AppData\Local\arduino\cores\d4a462e903d9ea40230ee2673404a79c\core.a(ch32yyxx_debug.c.o)
 .sdata.SystemCoreClock
                0x0000000020000114        0x4 C:\Users\Administrator\AppData\Local\arduino\cores\d4a462e903d9ea40230ee2673404a79c\core.a(system_ch32yyxx.c.o)
                0x0000000020000114                SystemCoreClock
 .sdata._internalReadResolution
                0x0000000020000118        0x4 C:\Users\Administrator\AppData\Local\arduino\cores\d4a462e903d9ea40230ee2673404a79c\core.a(wiring_analog.c.o)
 .sdata._readResolution
                0x000000002000011c        0x4 C:\Users\Administrator\AppData\Local\arduino\cores\d4a462e903d9ea40230ee2673404a79c\core.a(wiring_analog.c.o)
 .sdata._impure_ptr
                0x0000000020000120        0x4 c:/users/administrator/appdata/local/arduino15/packages/wch/tools/riscv-none-embed-gcc/8.2.0/bin/../lib/gcc/riscv-none-embed/8.2.0/../../../../riscv-none-embed/lib/rv32ecxw/ilp32e\libc_nano.a(lib_a-impure.o)
                0x0000000020000120                _impure_ptr
 *(.sdata2*)
 *(.gnu.linkonce.s.*)
                0x0000000020000128                . = ALIGN (0x8)
 *fill*         0x0000000020000124        0x4 
 *(.srodata.cst16)
 *(.srodata.cst8)
 *(.srodata.cst4)
 *(.srodata.cst2)
 *(.srodata .srodata.*)
                0x0000000020000128                . = ALIGN (0x4)
                0x0000000020000128                PROVIDE (_edata = .)

.bss            0x0000000020000128      0x4a4 load address 0x0000000000003c44
                0x0000000020000128                . = ALIGN (0x4)
                0x0000000020000128                PROVIDE (_sbss = .)
 *(.sbss*)
 .sbss._ZL11throttleAdc
                0x0000000020000128        0x2 C:\Users\Administrator\AppData\Local\arduino\sketches\4E79C1A502649611F7AF0468A3165E48\sketch\ADC2PWM.ino.cpp.o
 .sbss._ZL12batteryState
                0x000000002000012a        0x1 C:\Users\Administrator\AppData\Local\arduino\sketches\4E79C1A502649611F7AF0468A3165E48\sketch\ADC2PWM.ino.cpp.o
 .sbss._ZL16lastBatteryState
                0x000000002000012b        0x1 C:\Users\Administrator\AppData\Local\arduino\sketches\4E79C1A502649611F7AF0468A3165E48\sketch\ADC2PWM.ino.cpp.o
 .sbss._ZL3esc  0x000000002000012c        0x1 C:\Users\Administrator\AppData\Local\arduino\sketches\4E79C1A502649611F7AF0468A3165E48\sketch\ADC2PWM.ino.cpp.o
 *fill*         0x000000002000012d        0x3 
 .sbss._ZL7vBattMv
                0x0000000020000130        0x4 C:\Users\Administrator\AppData\Local\arduino\sketches\4E79C1A502649611F7AF0468A3165E48\sketch\ADC2PWM.ino.cpp.o
 .sbss.s_initialized
                0x0000000020000134        0x1 C:\Users\Administrator\AppData\Local\arduino\sketches\4E79C1A502649611F7AF0468A3165E48\sketch\CH32V003_SERVO.c.o
 *fill*         0x0000000020000135        0x3 
 .sbss.HardwareTimer_Handle
                0x0000000020000138        0x8 C:\Users\Administrator\AppData\Local\arduino\cores\d4a462e903d9ea40230ee2673404a79c\core.a(HardwareTimer.cpp.o)
                0x0000000020000138                HardwareTimer_Handle
 .sbss.msTick   0x0000000020000140        0x8 C:\Users\Administrator\AppData\Local\arduino\cores\d4a462e903d9ea40230ee2673404a79c\core.a(clock.c.o)
                0x0000000020000140                msTick
 .sbss.uart_handlers
                0x0000000020000148        0x4 C:\Users\Administrator\AppData\Local\arduino\cores\d4a462e903d9ea40230ee2673404a79c\core.a(uart.c.o)
 .sbss._ZN12_GLOBAL__N_113__new_handlerE
                0x000000002000014c        0x4 c:/users/administrator/appdata/local/arduino15/packages/wch/tools/riscv-none-embed-gcc/8.2.0/bin/../lib/gcc/riscv-none-embed/8.2.0/../../../../riscv-none-embed/lib/rv32ecxw/ilp32e\libstdc++_nano.a(new_handler.o)
 .sbss.__malloc_free_list
                0x0000000020000150        0x4 c:/users/administrator/appdata/local/arduino15/packages/wch/tools/riscv-none-embed-gcc/8.2.0/bin/../lib/gcc/riscv-none-embed/8.2.0/../../../../riscv-none-embed/lib/rv32ecxw/ilp32e\libc_nano.a(lib_a-nano-mallocr.o)
                0x0000000020000150                __malloc_free_list
 .sbss.__malloc_sbrk_start
                0x0000000020000154        0x4 c:/users/administrator/appdata/local/arduino15/packages/wch/tools/riscv-none-embed-gcc/8.2.0/bin/../lib/gcc/riscv-none-embed/8.2.0/../../../../riscv-none-embed/lib/rv32ecxw/ilp32e\libc_nano.a(lib_a-nano-mallocr.o)
                0x0000000020000154                __malloc_sbrk_start
 .sbss._global_atexit
                0x0000000020000158        0x4 c:/users/administrator/appdata/local/arduino15/packages/wch/tools/riscv-none-embed-gcc/8.2.0/bin/../lib/gcc/riscv-none-embed/8.2.0/../../../../riscv-none-embed/lib/rv32ecxw/ilp32e\libc_nano.a(lib_a-__call_atexit.o)
                0x0000000020000158                _global_atexit
 *(.gnu.linkonce.sb.*)
 *(.bss*)
 .bss._ZL18errorMessageBuffer
                0x000000002000015c        0xa C:\Users\Administrator\AppData\Local\arduino\sketches\4E79C1A502649611F7AF0468A3165E48\sketch\ADC2PWM.ino.cpp.o
 *fill*         0x0000000020000166        0x2 
 .bss.OLED_DisplayBuf
                0x0000000020000168      0x380 C:\Users\Administrator\AppData\Local\arduino\sketches\4E79C1A502649611F7AF0468A3165E48\sketch\OLED_driver.c.o
                0x0000000020000168                OLED_DisplayBuf
 .bss.Serial1   0x00000000200004e8       0x48 C:\Users\Administrator\AppData\Local\arduino\cores\d4a462e903d9ea40230ee2673404a79c\core.a(HardwareSerial.cpp.o)
                0x00000000200004e8                Serial1
 .bss.g_anOutputPinConfigured
                0x0000000020000530        0xc C:\Users\Administrator\AppData\Local\arduino\cores\d4a462e903d9ea40230ee2673404a79c\core.a(wiring_analog.c.o)
                0x0000000020000530                g_anOutputPinConfigured
 .bss._global_atexit0
                0x000000002000053c       0x8c c:/users/administrator/appdata/local/arduino15/packages/wch/tools/riscv-none-embed-gcc/8.2.0/bin/../lib/gcc/riscv-none-embed/8.2.0/../../../../riscv-none-embed/lib/rv32ecxw/ilp32e\libc_nano.a(lib_a-__atexit.o)
 *(.gnu.linkonce.b.*)
 *(COMMON*)
 COMMON         0x00000000200005c8        0x4 c:/users/administrator/appdata/local/arduino15/packages/wch/tools/riscv-none-embed-gcc/8.2.0/bin/../lib/gcc/riscv-none-embed/8.2.0/../../../../riscv-none-embed/lib/rv32ecxw/ilp32e\libc_nano.a(lib_a-reent.o)
                0x00000000200005c8                errno
                0x00000000200005cc                . = ALIGN (0x4)
                0x00000000200005cc                PROVIDE (_ebss = .)
                0x00000000200005cc                PROVIDE (_end = _ebss)
                [!provide]                        PROVIDE (end = .)

.stack          0x0000000020000640      0x1c0
                0x0000000020000640                PROVIDE (_heap_end = .)
                0x0000000020000640                . = ALIGN (0x4)
                [!provide]                        PROVIDE (_susrstack = .)
                0x0000000020000800                . = (. + __stack_size)
 *fill*         0x0000000020000640      0x1c0 
                0x0000000020000800                PROVIDE (_eusrstack = .)
OUTPUT(C:\Users\Administrator\AppData\Local\arduino\sketches\4E79C1A502649611F7AF0468A3165E48/ADC2PWM.ino.elf elf32-littleriscv)

.debug_info     0x0000000000000000    0x4996c
 .debug_info    0x0000000000000000     0x4e5d C:\Users\Administrator\AppData\Local\arduino\sketches\4E79C1A502649611F7AF0468A3165E48\sketch\ADC2PWM.ino.cpp.o
 .debug_info    0x0000000000004e5d     0x13b9 C:\Users\Administrator\AppData\Local\arduino\sketches\4E79C1A502649611F7AF0468A3165E48\sketch\CH32V003_SERVO.c.o
 .debug_info    0x0000000000006216     0x1787 C:\Users\Administrator\AppData\Local\arduino\sketches\4E79C1A502649611F7AF0468A3165E48\sketch\OLED.c.o
 .debug_info    0x000000000000799d      0x2ea C:\Users\Administrator\AppData\Local\arduino\sketches\4E79C1A502649611F7AF0468A3165E48\sketch\OLED_Fonts.c.o
 .debug_info    0x0000000000007c87     0x12c6 C:\Users\Administrator\AppData\Local\arduino\sketches\4E79C1A502649611F7AF0468A3165E48\sketch\OLED_driver.c.o
 .debug_info    0x0000000000008f4d     0x1516 C:\Users\Administrator\AppData\Local\arduino\sketches\4E79C1A502649611F7AF0468A3165E48\core\PeripheralPins.c.o
 .debug_info    0x000000000000a463     0x12fb C:\Users\Administrator\AppData\Local\arduino\sketches\4E79C1A502649611F7AF0468A3165E48\core\variant_CH32V003F4.cpp.o
 .debug_info    0x000000000000b75e     0x51a4 C:\Users\Administrator\AppData\Local\arduino\cores\d4a462e903d9ea40230ee2673404a79c\core.a(HardwareSerial.cpp.o)
 .debug_info    0x0000000000010902     0x7bf0 C:\Users\Administrator\AppData\Local\arduino\cores\d4a462e903d9ea40230ee2673404a79c\core.a(HardwareTimer.cpp.o)
 .debug_info    0x00000000000184f2     0x721a C:\Users\Administrator\AppData\Local\arduino\cores\d4a462e903d9ea40230ee2673404a79c\core.a(Print.cpp.o)
 .debug_info    0x000000000001f70c     0x632a C:\Users\Administrator\AppData\Local\arduino\cores\d4a462e903d9ea40230ee2673404a79c\core.a(Stream.cpp.o)
 .debug_info    0x0000000000025a36     0x1207 C:\Users\Administrator\AppData\Local\arduino\cores\d4a462e903d9ea40230ee2673404a79c\core.a(WMath.cpp.o)
 .debug_info    0x0000000000026c3d      0xdd1 C:\Users\Administrator\AppData\Local\arduino\cores\d4a462e903d9ea40230ee2673404a79c\core.a(board.c.o)
 .debug_info    0x0000000000027a0e      0xab9 C:\Users\Administrator\AppData\Local\arduino\cores\d4a462e903d9ea40230ee2673404a79c\core.a(PortNames.c.o)
 .debug_info    0x00000000000284c7     0x459a C:\Users\Administrator\AppData\Local\arduino\cores\d4a462e903d9ea40230ee2673404a79c\core.a(analog.cpp.o)
 .debug_info    0x000000000002ca61      0xaad C:\Users\Administrator\AppData\Local\arduino\cores\d4a462e903d9ea40230ee2673404a79c\core.a(clock.c.o)
 .debug_info    0x000000000002d50e      0xd58 C:\Users\Administrator\AppData\Local\arduino\cores\d4a462e903d9ea40230ee2673404a79c\core.a(hw_config.c.o)
 .debug_info    0x000000000002e266     0x4b04 C:\Users\Administrator\AppData\Local\arduino\cores\d4a462e903d9ea40230ee2673404a79c\core.a(interrupt.cpp.o)
 .debug_info    0x0000000000032d6a     0x1526 C:\Users\Administrator\AppData\Local\arduino\cores\d4a462e903d9ea40230ee2673404a79c\core.a(ch32yyxx_adc.c.o)
 .debug_info    0x0000000000034290      0xe5d C:\Users\Administrator\AppData\Local\arduino\cores\d4a462e903d9ea40230ee2673404a79c\core.a(ch32yyxx_debug.c.o)
 .debug_info    0x00000000000350ed      0xc05 C:\Users\Administrator\AppData\Local\arduino\cores\d4a462e903d9ea40230ee2673404a79c\core.a(ch32yyxx_exti.c.o)
 .debug_info    0x0000000000035cf2      0xf89 C:\Users\Administrator\AppData\Local\arduino\cores\d4a462e903d9ea40230ee2673404a79c\core.a(ch32yyxx_gpio.c.o)
 .debug_info    0x0000000000036c7b      0x962 C:\Users\Administrator\AppData\Local\arduino\cores\d4a462e903d9ea40230ee2673404a79c\core.a(ch32yyxx_it.c.o)
 .debug_info    0x00000000000375dd     0x1063 C:\Users\Administrator\AppData\Local\arduino\cores\d4a462e903d9ea40230ee2673404a79c\core.a(ch32yyxx_rcc.c.o)
 .debug_info    0x0000000000038640     0x2949 C:\Users\Administrator\AppData\Local\arduino\cores\d4a462e903d9ea40230ee2673404a79c\core.a(ch32yyxx_tim.c.o)
 .debug_info    0x000000000003af89     0x1351 C:\Users\Administrator\AppData\Local\arduino\cores\d4a462e903d9ea40230ee2673404a79c\core.a(ch32yyxx_usart.c.o)
 .debug_info    0x000000000003c2da      0xb59 C:\Users\Administrator\AppData\Local\arduino\cores\d4a462e903d9ea40230ee2673404a79c\core.a(system_ch32yyxx.c.o)
 .debug_info    0x000000000003ce33     0x1189 C:\Users\Administrator\AppData\Local\arduino\cores\d4a462e903d9ea40230ee2673404a79c\core.a(pinmap.c.o)
 .debug_info    0x000000000003dfbc     0x1941 C:\Users\Administrator\AppData\Local\arduino\cores\d4a462e903d9ea40230ee2673404a79c\core.a(timer.c.o)
 .debug_info    0x000000000003f8fd     0x17bd C:\Users\Administrator\AppData\Local\arduino\cores\d4a462e903d9ea40230ee2673404a79c\core.a(uart.c.o)
 .debug_info    0x00000000000410ba       0x7e C:\Users\Administrator\AppData\Local\arduino\cores\d4a462e903d9ea40230ee2673404a79c\core.a(hooks.c.o)
 .debug_info    0x0000000000041138     0x42f9 C:\Users\Administrator\AppData\Local\arduino\cores\d4a462e903d9ea40230ee2673404a79c\core.a(main.cpp.o)
 .debug_info    0x0000000000045431     0x1438 C:\Users\Administrator\AppData\Local\arduino\cores\d4a462e903d9ea40230ee2673404a79c\core.a(pins_arduino.cpp.o)
 .debug_info    0x0000000000046869     0x1133 C:\Users\Administrator\AppData\Local\arduino\cores\d4a462e903d9ea40230ee2673404a79c\core.a(wiring_analog.c.o)
 .debug_info    0x000000000004799c     0x1164 C:\Users\Administrator\AppData\Local\arduino\cores\d4a462e903d9ea40230ee2673404a79c\core.a(wiring_digital.c.o)
 .debug_info    0x0000000000048b00      0xe6c C:\Users\Administrator\AppData\Local\arduino\cores\d4a462e903d9ea40230ee2673404a79c\core.a(wiring_time.c.o)

.debug_abbrev   0x0000000000000000     0x9b5f
 .debug_abbrev  0x0000000000000000      0x8bc C:\Users\Administrator\AppData\Local\arduino\sketches\4E79C1A502649611F7AF0468A3165E48\sketch\ADC2PWM.ino.cpp.o
 .debug_abbrev  0x00000000000008bc      0x311 C:\Users\Administrator\AppData\Local\arduino\sketches\4E79C1A502649611F7AF0468A3165E48\sketch\CH32V003_SERVO.c.o
 .debug_abbrev  0x0000000000000bcd      0x481 C:\Users\Administrator\AppData\Local\arduino\sketches\4E79C1A502649611F7AF0468A3165E48\sketch\OLED.c.o
 .debug_abbrev  0x000000000000104e       0x95 C:\Users\Administrator\AppData\Local\arduino\sketches\4E79C1A502649611F7AF0468A3165E48\sketch\OLED_Fonts.c.o
 .debug_abbrev  0x00000000000010e3      0x374 C:\Users\Administrator\AppData\Local\arduino\sketches\4E79C1A502649611F7AF0468A3165E48\sketch\OLED_driver.c.o
 .debug_abbrev  0x0000000000001457      0x254 C:\Users\Administrator\AppData\Local\arduino\sketches\4E79C1A502649611F7AF0468A3165E48\core\PeripheralPins.c.o
 .debug_abbrev  0x00000000000016ab      0x306 C:\Users\Administrator\AppData\Local\arduino\sketches\4E79C1A502649611F7AF0468A3165E48\core\variant_CH32V003F4.cpp.o
 .debug_abbrev  0x00000000000019b1      0x8b0 C:\Users\Administrator\AppData\Local\arduino\cores\d4a462e903d9ea40230ee2673404a79c\core.a(HardwareSerial.cpp.o)
 .debug_abbrev  0x0000000000002261      0xbed C:\Users\Administrator\AppData\Local\arduino\cores\d4a462e903d9ea40230ee2673404a79c\core.a(HardwareTimer.cpp.o)
 .debug_abbrev  0x0000000000002e4e      0xabe C:\Users\Administrator\AppData\Local\arduino\cores\d4a462e903d9ea40230ee2673404a79c\core.a(Print.cpp.o)
 .debug_abbrev  0x000000000000390c      0xa06 C:\Users\Administrator\AppData\Local\arduino\cores\d4a462e903d9ea40230ee2673404a79c\core.a(Stream.cpp.o)
 .debug_abbrev  0x0000000000004312      0x36e C:\Users\Administrator\AppData\Local\arduino\cores\d4a462e903d9ea40230ee2673404a79c\core.a(WMath.cpp.o)
 .debug_abbrev  0x0000000000004680      0x272 C:\Users\Administrator\AppData\Local\arduino\cores\d4a462e903d9ea40230ee2673404a79c\core.a(board.c.o)
 .debug_abbrev  0x00000000000048f2      0x263 C:\Users\Administrator\AppData\Local\arduino\cores\d4a462e903d9ea40230ee2673404a79c\core.a(PortNames.c.o)
 .debug_abbrev  0x0000000000004b55      0x828 C:\Users\Administrator\AppData\Local\arduino\cores\d4a462e903d9ea40230ee2673404a79c\core.a(analog.cpp.o)
 .debug_abbrev  0x000000000000537d      0x2a0 C:\Users\Administrator\AppData\Local\arduino\cores\d4a462e903d9ea40230ee2673404a79c\core.a(clock.c.o)
 .debug_abbrev  0x000000000000561d      0x2a4 C:\Users\Administrator\AppData\Local\arduino\cores\d4a462e903d9ea40230ee2673404a79c\core.a(hw_config.c.o)
 .debug_abbrev  0x00000000000058c1      0x84b C:\Users\Administrator\AppData\Local\arduino\cores\d4a462e903d9ea40230ee2673404a79c\core.a(interrupt.cpp.o)
 .debug_abbrev  0x000000000000610c      0x307 C:\Users\Administrator\AppData\Local\arduino\cores\d4a462e903d9ea40230ee2673404a79c\core.a(ch32yyxx_adc.c.o)
 .debug_abbrev  0x0000000000006413      0x309 C:\Users\Administrator\AppData\Local\arduino\cores\d4a462e903d9ea40230ee2673404a79c\core.a(ch32yyxx_debug.c.o)
 .debug_abbrev  0x000000000000671c      0x2da C:\Users\Administrator\AppData\Local\arduino\cores\d4a462e903d9ea40230ee2673404a79c\core.a(ch32yyxx_exti.c.o)
 .debug_abbrev  0x00000000000069f6      0x2f8 C:\Users\Administrator\AppData\Local\arduino\cores\d4a462e903d9ea40230ee2673404a79c\core.a(ch32yyxx_gpio.c.o)
 .debug_abbrev  0x0000000000006cee      0x1cf C:\Users\Administrator\AppData\Local\arduino\cores\d4a462e903d9ea40230ee2673404a79c\core.a(ch32yyxx_it.c.o)
 .debug_abbrev  0x0000000000006ebd      0x36d C:\Users\Administrator\AppData\Local\arduino\cores\d4a462e903d9ea40230ee2673404a79c\core.a(ch32yyxx_rcc.c.o)
 .debug_abbrev  0x000000000000722a      0x408 C:\Users\Administrator\AppData\Local\arduino\cores\d4a462e903d9ea40230ee2673404a79c\core.a(ch32yyxx_tim.c.o)
 .debug_abbrev  0x0000000000007632      0x323 C:\Users\Administrator\AppData\Local\arduino\cores\d4a462e903d9ea40230ee2673404a79c\core.a(ch32yyxx_usart.c.o)
 .debug_abbrev  0x0000000000007955      0x269 C:\Users\Administrator\AppData\Local\arduino\cores\d4a462e903d9ea40230ee2673404a79c\core.a(system_ch32yyxx.c.o)
 .debug_abbrev  0x0000000000007bbe      0x356 C:\Users\Administrator\AppData\Local\arduino\cores\d4a462e903d9ea40230ee2673404a79c\core.a(pinmap.c.o)
 .debug_abbrev  0x0000000000007f14      0x414 C:\Users\Administrator\AppData\Local\arduino\cores\d4a462e903d9ea40230ee2673404a79c\core.a(timer.c.o)
 .debug_abbrev  0x0000000000008328      0x413 C:\Users\Administrator\AppData\Local\arduino\cores\d4a462e903d9ea40230ee2673404a79c\core.a(uart.c.o)
 .debug_abbrev  0x000000000000873b       0x40 C:\Users\Administrator\AppData\Local\arduino\cores\d4a462e903d9ea40230ee2673404a79c\core.a(hooks.c.o)
 .debug_abbrev  0x000000000000877b      0x670 C:\Users\Administrator\AppData\Local\arduino\cores\d4a462e903d9ea40230ee2673404a79c\core.a(main.cpp.o)
 .debug_abbrev  0x0000000000008deb      0x372 C:\Users\Administrator\AppData\Local\arduino\cores\d4a462e903d9ea40230ee2673404a79c\core.a(pins_arduino.cpp.o)
 .debug_abbrev  0x000000000000915d      0x3cd C:\Users\Administrator\AppData\Local\arduino\cores\d4a462e903d9ea40230ee2673404a79c\core.a(wiring_analog.c.o)
 .debug_abbrev  0x000000000000952a      0x37a C:\Users\Administrator\AppData\Local\arduino\cores\d4a462e903d9ea40230ee2673404a79c\core.a(wiring_digital.c.o)
 .debug_abbrev  0x00000000000098a4      0x2bb C:\Users\Administrator\AppData\Local\arduino\cores\d4a462e903d9ea40230ee2673404a79c\core.a(wiring_time.c.o)

.debug_loc      0x0000000000000000     0xc263
 .debug_loc     0x0000000000000000      0x117 C:\Users\Administrator\AppData\Local\arduino\sketches\4E79C1A502649611F7AF0468A3165E48\sketch\ADC2PWM.ino.cpp.o
 .debug_loc     0x0000000000000117       0x21 C:\Users\Administrator\AppData\Local\arduino\sketches\4E79C1A502649611F7AF0468A3165E48\sketch\CH32V003_SERVO.c.o
 .debug_loc     0x0000000000000138     0x139d C:\Users\Administrator\AppData\Local\arduino\sketches\4E79C1A502649611F7AF0468A3165E48\sketch\OLED.c.o
 .debug_loc     0x00000000000014d5      0x2bb C:\Users\Administrator\AppData\Local\arduino\sketches\4E79C1A502649611F7AF0468A3165E48\sketch\OLED_driver.c.o
 .debug_loc     0x0000000000001790      0x4f9 C:\Users\Administrator\AppData\Local\arduino\cores\d4a462e903d9ea40230ee2673404a79c\core.a(HardwareSerial.cpp.o)
 .debug_loc     0x0000000000001c89     0x2219 C:\Users\Administrator\AppData\Local\arduino\cores\d4a462e903d9ea40230ee2673404a79c\core.a(HardwareTimer.cpp.o)
 .debug_loc     0x0000000000003ea2     0x1d5c C:\Users\Administrator\AppData\Local\arduino\cores\d4a462e903d9ea40230ee2673404a79c\core.a(Print.cpp.o)
 .debug_loc     0x0000000000005bfe      0xcca C:\Users\Administrator\AppData\Local\arduino\cores\d4a462e903d9ea40230ee2673404a79c\core.a(Stream.cpp.o)
 .debug_loc     0x00000000000068c8      0x1b9 C:\Users\Administrator\AppData\Local\arduino\cores\d4a462e903d9ea40230ee2673404a79c\core.a(WMath.cpp.o)
 .debug_loc     0x0000000000006a81       0xbb C:\Users\Administrator\AppData\Local\arduino\cores\d4a462e903d9ea40230ee2673404a79c\core.a(PortNames.c.o)
 .debug_loc     0x0000000000006b3c      0x304 C:\Users\Administrator\AppData\Local\arduino\cores\d4a462e903d9ea40230ee2673404a79c\core.a(analog.cpp.o)
 .debug_loc     0x0000000000006e40       0x63 C:\Users\Administrator\AppData\Local\arduino\cores\d4a462e903d9ea40230ee2673404a79c\core.a(clock.c.o)
 .debug_loc     0x0000000000006ea3       0x3d C:\Users\Administrator\AppData\Local\arduino\cores\d4a462e903d9ea40230ee2673404a79c\core.a(hw_config.c.o)
 .debug_loc     0x0000000000006ee0      0x2aa C:\Users\Administrator\AppData\Local\arduino\cores\d4a462e903d9ea40230ee2673404a79c\core.a(interrupt.cpp.o)
 .debug_loc     0x000000000000718a      0x9fa C:\Users\Administrator\AppData\Local\arduino\cores\d4a462e903d9ea40230ee2673404a79c\core.a(ch32yyxx_adc.c.o)
 .debug_loc     0x0000000000007b84       0xbd C:\Users\Administrator\AppData\Local\arduino\cores\d4a462e903d9ea40230ee2673404a79c\core.a(ch32yyxx_debug.c.o)
 .debug_loc     0x0000000000007c41      0x181 C:\Users\Administrator\AppData\Local\arduino\cores\d4a462e903d9ea40230ee2673404a79c\core.a(ch32yyxx_exti.c.o)
 .debug_loc     0x0000000000007dc2      0x670 C:\Users\Administrator\AppData\Local\arduino\cores\d4a462e903d9ea40230ee2673404a79c\core.a(ch32yyxx_gpio.c.o)
 .debug_loc     0x0000000000008432      0x59f C:\Users\Administrator\AppData\Local\arduino\cores\d4a462e903d9ea40230ee2673404a79c\core.a(ch32yyxx_rcc.c.o)
 .debug_loc     0x00000000000089d1     0x1936 C:\Users\Administrator\AppData\Local\arduino\cores\d4a462e903d9ea40230ee2673404a79c\core.a(ch32yyxx_tim.c.o)
 .debug_loc     0x000000000000a307      0x735 C:\Users\Administrator\AppData\Local\arduino\cores\d4a462e903d9ea40230ee2673404a79c\core.a(ch32yyxx_usart.c.o)
 .debug_loc     0x000000000000aa3c       0x55 C:\Users\Administrator\AppData\Local\arduino\cores\d4a462e903d9ea40230ee2673404a79c\core.a(system_ch32yyxx.c.o)
 .debug_loc     0x000000000000aa91      0x7ce C:\Users\Administrator\AppData\Local\arduino\cores\d4a462e903d9ea40230ee2673404a79c\core.a(pinmap.c.o)
 .debug_loc     0x000000000000b25f      0x3c0 C:\Users\Administrator\AppData\Local\arduino\cores\d4a462e903d9ea40230ee2673404a79c\core.a(timer.c.o)
 .debug_loc     0x000000000000b61f      0x504 C:\Users\Administrator\AppData\Local\arduino\cores\d4a462e903d9ea40230ee2673404a79c\core.a(uart.c.o)
 .debug_loc     0x000000000000bb23      0x186 C:\Users\Administrator\AppData\Local\arduino\cores\d4a462e903d9ea40230ee2673404a79c\core.a(pins_arduino.cpp.o)
 .debug_loc     0x000000000000bca9      0x25f C:\Users\Administrator\AppData\Local\arduino\cores\d4a462e903d9ea40230ee2673404a79c\core.a(wiring_analog.c.o)
 .debug_loc     0x000000000000bf08      0x31f C:\Users\Administrator\AppData\Local\arduino\cores\d4a462e903d9ea40230ee2673404a79c\core.a(wiring_digital.c.o)
 .debug_loc     0x000000000000c227       0x3c C:\Users\Administrator\AppData\Local\arduino\cores\d4a462e903d9ea40230ee2673404a79c\core.a(wiring_time.c.o)

.debug_aranges  0x0000000000000000     0x1170
 .debug_aranges
                0x0000000000000000       0x38 C:\Users\Administrator\AppData\Local\arduino\sketches\4E79C1A502649611F7AF0468A3165E48\sketch\ADC2PWM.ino.cpp.o
 .debug_aranges
                0x0000000000000038       0x28 C:\Users\Administrator\AppData\Local\arduino\sketches\4E79C1A502649611F7AF0468A3165E48\sketch\CH32V003_SERVO.c.o
 .debug_aranges
                0x0000000000000060       0x90 C:\Users\Administrator\AppData\Local\arduino\sketches\4E79C1A502649611F7AF0468A3165E48\sketch\OLED.c.o
 .debug_aranges
                0x00000000000000f0       0x18 C:\Users\Administrator\AppData\Local\arduino\sketches\4E79C1A502649611F7AF0468A3165E48\sketch\OLED_Fonts.c.o
 .debug_aranges
                0x0000000000000108       0x68 C:\Users\Administrator\AppData\Local\arduino\sketches\4E79C1A502649611F7AF0468A3165E48\sketch\OLED_driver.c.o
 .debug_aranges
                0x0000000000000170       0x18 C:\Users\Administrator\AppData\Local\arduino\sketches\4E79C1A502649611F7AF0468A3165E48\core\PeripheralPins.c.o
 .debug_aranges
                0x0000000000000188       0x18 C:\Users\Administrator\AppData\Local\arduino\sketches\4E79C1A502649611F7AF0468A3165E48\core\variant_CH32V003F4.cpp.o
 .debug_aranges
                0x00000000000001a0       0xc8 C:\Users\Administrator\AppData\Local\arduino\cores\d4a462e903d9ea40230ee2673404a79c\core.a(HardwareSerial.cpp.o)
 .debug_aranges
                0x0000000000000268      0x1c8 C:\Users\Administrator\AppData\Local\arduino\cores\d4a462e903d9ea40230ee2673404a79c\core.a(HardwareTimer.cpp.o)
 .debug_aranges
                0x0000000000000430      0x150 C:\Users\Administrator\AppData\Local\arduino\cores\d4a462e903d9ea40230ee2673404a79c\core.a(Print.cpp.o)
 .debug_aranges
                0x0000000000000580       0xa8 C:\Users\Administrator\AppData\Local\arduino\cores\d4a462e903d9ea40230ee2673404a79c\core.a(Stream.cpp.o)
 .debug_aranges
                0x0000000000000628       0x48 C:\Users\Administrator\AppData\Local\arduino\cores\d4a462e903d9ea40230ee2673404a79c\core.a(WMath.cpp.o)
 .debug_aranges
                0x0000000000000670       0x20 C:\Users\Administrator\AppData\Local\arduino\cores\d4a462e903d9ea40230ee2673404a79c\core.a(board.c.o)
 .debug_aranges
                0x0000000000000690       0x20 C:\Users\Administrator\AppData\Local\arduino\cores\d4a462e903d9ea40230ee2673404a79c\core.a(PortNames.c.o)
 .debug_aranges
                0x00000000000006b0       0x50 C:\Users\Administrator\AppData\Local\arduino\cores\d4a462e903d9ea40230ee2673404a79c\core.a(analog.cpp.o)
 .debug_aranges
                0x0000000000000700       0x40 C:\Users\Administrator\AppData\Local\arduino\cores\d4a462e903d9ea40230ee2673404a79c\core.a(clock.c.o)
 .debug_aranges
                0x0000000000000740       0x28 C:\Users\Administrator\AppData\Local\arduino\cores\d4a462e903d9ea40230ee2673404a79c\core.a(hw_config.c.o)
 .debug_aranges
                0x0000000000000768       0x38 C:\Users\Administrator\AppData\Local\arduino\cores\d4a462e903d9ea40230ee2673404a79c\core.a(interrupt.cpp.o)
 .debug_aranges
                0x00000000000007a0      0x138 C:\Users\Administrator\AppData\Local\arduino\cores\d4a462e903d9ea40230ee2673404a79c\core.a(ch32yyxx_adc.c.o)
 .debug_aranges
                0x00000000000008d8       0x48 C:\Users\Administrator\AppData\Local\arduino\cores\d4a462e903d9ea40230ee2673404a79c\core.a(ch32yyxx_debug.c.o)
 .debug_aranges
                0x0000000000000920       0x50 C:\Users\Administrator\AppData\Local\arduino\cores\d4a462e903d9ea40230ee2673404a79c\core.a(ch32yyxx_exti.c.o)
 .debug_aranges
                0x0000000000000970       0x90 C:\Users\Administrator\AppData\Local\arduino\cores\d4a462e903d9ea40230ee2673404a79c\core.a(ch32yyxx_gpio.c.o)
 .debug_aranges
                0x0000000000000a00       0x28 C:\Users\Administrator\AppData\Local\arduino\cores\d4a462e903d9ea40230ee2673404a79c\core.a(ch32yyxx_it.c.o)
 .debug_aranges
                0x0000000000000a28       0xe0 C:\Users\Administrator\AppData\Local\arduino\cores\d4a462e903d9ea40230ee2673404a79c\core.a(ch32yyxx_rcc.c.o)
 .debug_aranges
                0x0000000000000b08      0x2d0 C:\Users\Administrator\AppData\Local\arduino\cores\d4a462e903d9ea40230ee2673404a79c\core.a(ch32yyxx_tim.c.o)
 .debug_aranges
                0x0000000000000dd8      0x100 C:\Users\Administrator\AppData\Local\arduino\cores\d4a462e903d9ea40230ee2673404a79c\core.a(ch32yyxx_usart.c.o)
 .debug_aranges
                0x0000000000000ed8       0x28 C:\Users\Administrator\AppData\Local\arduino\cores\d4a462e903d9ea40230ee2673404a79c\core.a(system_ch32yyxx.c.o)
 .debug_aranges